[2025-12-15T13:43:37.580+0000] {local_task_job_runner.py:123} INFO - ::group::Pre task execution logs
[2025-12-15T13:43:37.622+0000] {taskinstance.py:2614} INFO - Dependencies all met for dep_context=non-requeueable deps ti=<TaskInstance: nba_hiking_compatibility_pipeline_pandas_only.create_hiking_trails_table manual__2025-12-15T13:43:35.569386+00:00 [queued]>
[2025-12-15T13:43:37.638+0000] {taskinstance.py:2614} INFO - Dependencies all met for dep_context=requeueable deps ti=<TaskInstance: nba_hiking_compatibility_pipeline_pandas_only.create_hiking_trails_table manual__2025-12-15T13:43:35.569386+00:00 [queued]>
[2025-12-15T13:43:37.644+0000] {taskinstance.py:2867} INFO - Starting attempt 1 of 1
[2025-12-15T13:43:37.681+0000] {taskinstance.py:2890} INFO - Executing <Task(PostgresOperator): create_hiking_trails_table> on 2025-12-15 13:43:35.569386+00:00
[2025-12-15T13:43:37.698+0000] {standard_task_runner.py:72} INFO - Started process 291 to run task
[2025-12-15T13:43:37.710+0000] {standard_task_runner.py:104} INFO - Running: ['***', 'tasks', 'run', 'nba_hiking_compatibility_pipeline_pandas_only', 'create_hiking_trails_table', 'manual__2025-12-15T13:43:35.569386+00:00', '--job-id', '4', '--raw', '--subdir', 'DAGS_FOLDER/nba_hiking_dags.py', '--cfg-path', '/tmp/tmpmxyux8me']
[2025-12-15T13:43:37.718+0000] {standard_task_runner.py:105} INFO - Job 4: Subtask create_hiking_trails_table
[2025-12-15T13:43:37.842+0000] {task_command.py:467} INFO - Running <TaskInstance: nba_hiking_compatibility_pipeline_pandas_only.create_hiking_trails_table manual__2025-12-15T13:43:35.569386+00:00 [running]> on host 0086cb95ade8
[2025-12-15T13:43:38.316+0000] {taskinstance.py:3134} INFO - Exporting env vars: AIRFLOW_CTX_DAG_OWNER='***' AIRFLOW_CTX_DAG_ID='nba_hiking_compatibility_pipeline_pandas_only' AIRFLOW_CTX_TASK_ID='create_hiking_trails_table' AIRFLOW_CTX_EXECUTION_DATE='2025-12-15T13:43:35.569386+00:00' AIRFLOW_CTX_TRY_NUMBER='1' AIRFLOW_CTX_DAG_RUN_ID='manual__2025-12-15T13:43:35.569386+00:00'
[2025-12-15T13:43:38.319+0000] {taskinstance.py:732} INFO - ::endgroup::
[2025-12-15T13:43:38.326+0000] {sql.py:266} INFO - Executing: CREATE TABLE IF NOT EXISTS hiking_trails_thegorge_raw (
  "Trail Name"        TEXT,
  "Trail Type"        TEXT,
  "Distance"          TEXT,
  "High Point"        TEXT,
  "Elevation Gain"    TEXT,
  "Difficulty"        TEXT,
  "Seasons"           TEXT,
  "Family Friendly"   TEXT,
  "Backpackable"      TEXT,
  "Crowded"           TEXT
);
[2025-12-15T13:43:38.329+0000] {crypto.py:82} WARNING - empty cryptography key - values will not be stored encrypted.
[2025-12-15T13:43:38.331+0000] {base.py:84} INFO - Retrieving connection 'postgres_default'
[2025-12-15T13:43:38.338+0000] {base.py:84} INFO - Retrieving connection 'postgres_default'
[2025-12-15T13:43:38.350+0000] {sql.py:542} INFO - Running statement: CREATE TABLE IF NOT EXISTS hiking_trails_thegorge_raw (
  "Trail Name"        TEXT,
  "Trail Type"        TEXT,
  "Distance"          TEXT,
  "High Point"        TEXT,
  "Elevation Gain"    TEXT,
  "Difficulty"        TEXT,
  "Seasons"           TEXT,
  "Family Friendly"   TEXT,
  "Backpackable"      TEXT,
  "Crowded"           TEXT
);, parameters: None
[2025-12-15T13:43:38.381+0000] {taskinstance.py:341} INFO - ::group::Post task execution logs
[2025-12-15T13:43:38.383+0000] {taskinstance.py:353} INFO - Marking task as SUCCESS. dag_id=nba_hiking_compatibility_pipeline_pandas_only, task_id=create_hiking_trails_table, run_id=manual__2025-12-15T13:43:35.569386+00:00, execution_date=20251215T134335, start_date=20251215T134337, end_date=20251215T134338
[2025-12-15T13:43:38.490+0000] {local_task_job_runner.py:266} INFO - Task exited with return code 0
[2025-12-15T13:43:38.539+0000] {local_task_job_runner.py:245} INFO - ::endgroup::
