[2025-11-05T13:31:24.703+0000] {processor.py:186} INFO - Started process (PID=183) to work on /opt/airflow/dags/nba_hiking_dags.py
[2025-11-05T13:31:24.704+0000] {processor.py:914} INFO - Processing file /opt/airflow/dags/nba_hiking_dags.py for tasks to queue
[2025-11-05T13:31:24.705+0000] {logging_mixin.py:190} INFO - [2025-11-05T13:31:24.705+0000] {dagbag.py:588} INFO - Filling up the DagBag from /opt/airflow/dags/nba_hiking_dags.py
[2025-11-05T13:31:25.328+0000] {logging_mixin.py:190} INFO - [2025-11-05T13:31:25.327+0000] {font_manager.py:1547} INFO - generated new fontManager
[2025-11-05T13:31:25.543+0000] {processor.py:925} INFO - DAG(s) 'nba_hiking_compatibility_pipeline' retrieved from /opt/airflow/dags/nba_hiking_dags.py
[2025-11-05T13:31:25.622+0000] {logging_mixin.py:190} INFO - [2025-11-05T13:31:25.622+0000] {override.py:1901} INFO - Created Permission View: can delete on DAG:nba_hiking_compatibility_pipeline
[2025-11-05T13:31:25.626+0000] {logging_mixin.py:190} INFO - [2025-11-05T13:31:25.626+0000] {override.py:1901} INFO - Created Permission View: can edit on DAG:nba_hiking_compatibility_pipeline
[2025-11-05T13:31:25.628+0000] {logging_mixin.py:190} INFO - [2025-11-05T13:31:25.628+0000] {override.py:1901} INFO - Created Permission View: can read on DAG:nba_hiking_compatibility_pipeline
[2025-11-05T13:31:25.630+0000] {logging_mixin.py:190} INFO - [2025-11-05T13:31:25.630+0000] {override.py:1901} INFO - Created Permission View: can create on DAG Run:nba_hiking_compatibility_pipeline
[2025-11-05T13:31:25.632+0000] {logging_mixin.py:190} INFO - [2025-11-05T13:31:25.632+0000] {override.py:1901} INFO - Created Permission View: can delete on DAG Run:nba_hiking_compatibility_pipeline
[2025-11-05T13:31:25.634+0000] {logging_mixin.py:190} INFO - [2025-11-05T13:31:25.634+0000] {override.py:1901} INFO - Created Permission View: menu access on DAG Run:nba_hiking_compatibility_pipeline
[2025-11-05T13:31:25.635+0000] {logging_mixin.py:190} INFO - [2025-11-05T13:31:25.635+0000] {override.py:1901} INFO - Created Permission View: can read on DAG Run:nba_hiking_compatibility_pipeline
[2025-11-05T13:31:25.636+0000] {logging_mixin.py:190} INFO - [2025-11-05T13:31:25.636+0000] {dag.py:3239} INFO - Sync 1 DAGs
[2025-11-05T13:31:25.641+0000] {logging_mixin.py:190} INFO - [2025-11-05T13:31:25.641+0000] {dag.py:3262} INFO - Creating ORM DAG for nba_hiking_compatibility_pipeline
[2025-11-05T13:31:25.641+0000] {logging_mixin.py:190} INFO - [2025-11-05T13:31:25.641+0000] {dag.py:4180} INFO - Setting next_dagrun for nba_hiking_compatibility_pipeline to None, run_after=None
[2025-11-05T13:31:25.649+0000] {processor.py:208} INFO - Processing /opt/airflow/dags/nba_hiking_dags.py took 0.952 seconds
[2025-11-05T13:31:55.945+0000] {processor.py:186} INFO - Started process (PID=191) to work on /opt/airflow/dags/nba_hiking_dags.py
[2025-11-05T13:31:55.945+0000] {processor.py:914} INFO - Processing file /opt/airflow/dags/nba_hiking_dags.py for tasks to queue
[2025-11-05T13:31:55.946+0000] {logging_mixin.py:190} INFO - [2025-11-05T13:31:55.946+0000] {dagbag.py:588} INFO - Filling up the DagBag from /opt/airflow/dags/nba_hiking_dags.py
[2025-11-05T13:31:56.382+0000] {processor.py:925} INFO - DAG(s) 'nba_hiking_compatibility_pipeline' retrieved from /opt/airflow/dags/nba_hiking_dags.py
[2025-11-05T13:31:56.471+0000] {logging_mixin.py:190} INFO - [2025-11-05T13:31:56.470+0000] {dag.py:3239} INFO - Sync 1 DAGs
[2025-11-05T13:31:56.476+0000] {logging_mixin.py:190} INFO - [2025-11-05T13:31:56.476+0000] {dag.py:4180} INFO - Setting next_dagrun for nba_hiking_compatibility_pipeline to None, run_after=None
[2025-11-05T13:31:56.509+0000] {processor.py:208} INFO - Processing /opt/airflow/dags/nba_hiking_dags.py took 0.568 seconds
[2025-11-05T13:32:26.846+0000] {processor.py:186} INFO - Started process (PID=197) to work on /opt/airflow/dags/nba_hiking_dags.py
[2025-11-05T13:32:26.847+0000] {processor.py:914} INFO - Processing file /opt/airflow/dags/nba_hiking_dags.py for tasks to queue
[2025-11-05T13:32:26.848+0000] {logging_mixin.py:190} INFO - [2025-11-05T13:32:26.847+0000] {dagbag.py:588} INFO - Filling up the DagBag from /opt/airflow/dags/nba_hiking_dags.py
[2025-11-05T13:32:27.309+0000] {processor.py:925} INFO - DAG(s) 'nba_hiking_compatibility_pipeline' retrieved from /opt/airflow/dags/nba_hiking_dags.py
[2025-11-05T13:32:27.319+0000] {logging_mixin.py:190} INFO - [2025-11-05T13:32:27.319+0000] {dag.py:3239} INFO - Sync 1 DAGs
[2025-11-05T13:32:27.324+0000] {logging_mixin.py:190} INFO - [2025-11-05T13:32:27.324+0000] {dag.py:4180} INFO - Setting next_dagrun for nba_hiking_compatibility_pipeline to None, run_after=None
[2025-11-05T13:32:27.331+0000] {processor.py:208} INFO - Processing /opt/airflow/dags/nba_hiking_dags.py took 0.492 seconds
[2025-11-05T13:32:57.533+0000] {processor.py:186} INFO - Started process (PID=203) to work on /opt/airflow/dags/nba_hiking_dags.py
[2025-11-05T13:32:57.534+0000] {processor.py:914} INFO - Processing file /opt/airflow/dags/nba_hiking_dags.py for tasks to queue
[2025-11-05T13:32:57.535+0000] {logging_mixin.py:190} INFO - [2025-11-05T13:32:57.535+0000] {dagbag.py:588} INFO - Filling up the DagBag from /opt/airflow/dags/nba_hiking_dags.py
[2025-11-05T13:32:58.050+0000] {processor.py:925} INFO - DAG(s) 'nba_hiking_compatibility_pipeline' retrieved from /opt/airflow/dags/nba_hiking_dags.py
[2025-11-05T13:32:58.064+0000] {logging_mixin.py:190} INFO - [2025-11-05T13:32:58.064+0000] {dag.py:3239} INFO - Sync 1 DAGs
[2025-11-05T13:32:58.071+0000] {logging_mixin.py:190} INFO - [2025-11-05T13:32:58.071+0000] {dag.py:4180} INFO - Setting next_dagrun for nba_hiking_compatibility_pipeline to None, run_after=None
[2025-11-05T13:32:58.079+0000] {processor.py:208} INFO - Processing /opt/airflow/dags/nba_hiking_dags.py took 0.553 seconds
[2025-11-05T13:33:28.371+0000] {processor.py:186} INFO - Started process (PID=209) to work on /opt/airflow/dags/nba_hiking_dags.py
[2025-11-05T13:33:28.372+0000] {processor.py:914} INFO - Processing file /opt/airflow/dags/nba_hiking_dags.py for tasks to queue
[2025-11-05T13:33:28.373+0000] {logging_mixin.py:190} INFO - [2025-11-05T13:33:28.373+0000] {dagbag.py:588} INFO - Filling up the DagBag from /opt/airflow/dags/nba_hiking_dags.py
[2025-11-05T13:33:28.875+0000] {processor.py:925} INFO - DAG(s) 'nba_hiking_compatibility_pipeline' retrieved from /opt/airflow/dags/nba_hiking_dags.py
[2025-11-05T13:33:28.889+0000] {logging_mixin.py:190} INFO - [2025-11-05T13:33:28.889+0000] {dag.py:3239} INFO - Sync 1 DAGs
[2025-11-05T13:33:28.895+0000] {logging_mixin.py:190} INFO - [2025-11-05T13:33:28.895+0000] {dag.py:4180} INFO - Setting next_dagrun for nba_hiking_compatibility_pipeline to None, run_after=None
[2025-11-05T13:33:28.902+0000] {processor.py:208} INFO - Processing /opt/airflow/dags/nba_hiking_dags.py took 0.539 seconds
[2025-11-05T13:33:59.150+0000] {processor.py:186} INFO - Started process (PID=215) to work on /opt/airflow/dags/nba_hiking_dags.py
[2025-11-05T13:33:59.151+0000] {processor.py:914} INFO - Processing file /opt/airflow/dags/nba_hiking_dags.py for tasks to queue
[2025-11-05T13:33:59.152+0000] {logging_mixin.py:190} INFO - [2025-11-05T13:33:59.152+0000] {dagbag.py:588} INFO - Filling up the DagBag from /opt/airflow/dags/nba_hiking_dags.py
[2025-11-05T13:33:59.668+0000] {processor.py:925} INFO - DAG(s) 'nba_hiking_compatibility_pipeline' retrieved from /opt/airflow/dags/nba_hiking_dags.py
[2025-11-05T13:33:59.681+0000] {logging_mixin.py:190} INFO - [2025-11-05T13:33:59.681+0000] {dag.py:3239} INFO - Sync 1 DAGs
[2025-11-05T13:33:59.687+0000] {logging_mixin.py:190} INFO - [2025-11-05T13:33:59.687+0000] {dag.py:4180} INFO - Setting next_dagrun for nba_hiking_compatibility_pipeline to None, run_after=None
[2025-11-05T13:33:59.694+0000] {processor.py:208} INFO - Processing /opt/airflow/dags/nba_hiking_dags.py took 0.553 seconds
[2025-11-05T13:34:30.037+0000] {processor.py:186} INFO - Started process (PID=221) to work on /opt/airflow/dags/nba_hiking_dags.py
[2025-11-05T13:34:30.038+0000] {processor.py:914} INFO - Processing file /opt/airflow/dags/nba_hiking_dags.py for tasks to queue
[2025-11-05T13:34:30.039+0000] {logging_mixin.py:190} INFO - [2025-11-05T13:34:30.038+0000] {dagbag.py:588} INFO - Filling up the DagBag from /opt/airflow/dags/nba_hiking_dags.py
[2025-11-05T13:34:30.433+0000] {processor.py:925} INFO - DAG(s) 'nba_hiking_compatibility_pipeline' retrieved from /opt/airflow/dags/nba_hiking_dags.py
[2025-11-05T13:34:30.444+0000] {logging_mixin.py:190} INFO - [2025-11-05T13:34:30.444+0000] {dag.py:3239} INFO - Sync 1 DAGs
[2025-11-05T13:34:30.450+0000] {logging_mixin.py:190} INFO - [2025-11-05T13:34:30.450+0000] {dag.py:4180} INFO - Setting next_dagrun for nba_hiking_compatibility_pipeline to None, run_after=None
[2025-11-05T13:34:30.456+0000] {processor.py:208} INFO - Processing /opt/airflow/dags/nba_hiking_dags.py took 0.424 seconds
[2025-11-05T13:35:00.749+0000] {processor.py:186} INFO - Started process (PID=234) to work on /opt/airflow/dags/nba_hiking_dags.py
[2025-11-05T13:35:00.750+0000] {processor.py:914} INFO - Processing file /opt/airflow/dags/nba_hiking_dags.py for tasks to queue
[2025-11-05T13:35:00.751+0000] {logging_mixin.py:190} INFO - [2025-11-05T13:35:00.751+0000] {dagbag.py:588} INFO - Filling up the DagBag from /opt/airflow/dags/nba_hiking_dags.py
[2025-11-05T13:35:01.192+0000] {processor.py:925} INFO - DAG(s) 'nba_hiking_compatibility_pipeline' retrieved from /opt/airflow/dags/nba_hiking_dags.py
[2025-11-05T13:35:01.203+0000] {logging_mixin.py:190} INFO - [2025-11-05T13:35:01.203+0000] {dag.py:3239} INFO - Sync 1 DAGs
[2025-11-05T13:35:01.208+0000] {logging_mixin.py:190} INFO - [2025-11-05T13:35:01.208+0000] {dag.py:4180} INFO - Setting next_dagrun for nba_hiking_compatibility_pipeline to None, run_after=None
[2025-11-05T13:35:01.214+0000] {processor.py:208} INFO - Processing /opt/airflow/dags/nba_hiking_dags.py took 0.472 seconds
[2025-11-05T13:35:31.576+0000] {processor.py:186} INFO - Started process (PID=240) to work on /opt/airflow/dags/nba_hiking_dags.py
[2025-11-05T13:35:31.576+0000] {processor.py:914} INFO - Processing file /opt/airflow/dags/nba_hiking_dags.py for tasks to queue
[2025-11-05T13:35:31.577+0000] {logging_mixin.py:190} INFO - [2025-11-05T13:35:31.577+0000] {dagbag.py:588} INFO - Filling up the DagBag from /opt/airflow/dags/nba_hiking_dags.py
[2025-11-05T13:35:31.991+0000] {processor.py:925} INFO - DAG(s) 'nba_hiking_compatibility_pipeline' retrieved from /opt/airflow/dags/nba_hiking_dags.py
[2025-11-05T13:35:32.002+0000] {logging_mixin.py:190} INFO - [2025-11-05T13:35:32.002+0000] {dag.py:3239} INFO - Sync 1 DAGs
[2025-11-05T13:35:32.007+0000] {logging_mixin.py:190} INFO - [2025-11-05T13:35:32.007+0000] {dag.py:4180} INFO - Setting next_dagrun for nba_hiking_compatibility_pipeline to None, run_after=None
[2025-11-05T13:35:32.013+0000] {processor.py:208} INFO - Processing /opt/airflow/dags/nba_hiking_dags.py took 0.446 seconds
[2025-11-05T13:36:02.318+0000] {processor.py:186} INFO - Started process (PID=246) to work on /opt/airflow/dags/nba_hiking_dags.py
[2025-11-05T13:36:02.319+0000] {processor.py:914} INFO - Processing file /opt/airflow/dags/nba_hiking_dags.py for tasks to queue
[2025-11-05T13:36:02.320+0000] {logging_mixin.py:190} INFO - [2025-11-05T13:36:02.320+0000] {dagbag.py:588} INFO - Filling up the DagBag from /opt/airflow/dags/nba_hiking_dags.py
[2025-11-05T13:36:02.733+0000] {processor.py:925} INFO - DAG(s) 'nba_hiking_compatibility_pipeline' retrieved from /opt/airflow/dags/nba_hiking_dags.py
[2025-11-05T13:36:02.742+0000] {logging_mixin.py:190} INFO - [2025-11-05T13:36:02.742+0000] {dag.py:3239} INFO - Sync 1 DAGs
[2025-11-05T13:36:02.748+0000] {logging_mixin.py:190} INFO - [2025-11-05T13:36:02.748+0000] {dag.py:4180} INFO - Setting next_dagrun for nba_hiking_compatibility_pipeline to None, run_after=None
[2025-11-05T13:36:02.755+0000] {processor.py:208} INFO - Processing /opt/airflow/dags/nba_hiking_dags.py took 0.443 seconds
[2025-11-05T13:36:33.054+0000] {processor.py:186} INFO - Started process (PID=252) to work on /opt/airflow/dags/nba_hiking_dags.py
[2025-11-05T13:36:33.055+0000] {processor.py:914} INFO - Processing file /opt/airflow/dags/nba_hiking_dags.py for tasks to queue
[2025-11-05T13:36:33.056+0000] {logging_mixin.py:190} INFO - [2025-11-05T13:36:33.056+0000] {dagbag.py:588} INFO - Filling up the DagBag from /opt/airflow/dags/nba_hiking_dags.py
[2025-11-05T13:36:33.452+0000] {processor.py:925} INFO - DAG(s) 'nba_hiking_compatibility_pipeline' retrieved from /opt/airflow/dags/nba_hiking_dags.py
[2025-11-05T13:36:33.463+0000] {logging_mixin.py:190} INFO - [2025-11-05T13:36:33.462+0000] {dag.py:3239} INFO - Sync 1 DAGs
[2025-11-05T13:36:33.468+0000] {logging_mixin.py:190} INFO - [2025-11-05T13:36:33.468+0000] {dag.py:4180} INFO - Setting next_dagrun for nba_hiking_compatibility_pipeline to None, run_after=None
[2025-11-05T13:36:33.474+0000] {processor.py:208} INFO - Processing /opt/airflow/dags/nba_hiking_dags.py took 0.427 seconds
[2025-11-05T13:37:03.802+0000] {processor.py:186} INFO - Started process (PID=258) to work on /opt/airflow/dags/nba_hiking_dags.py
[2025-11-05T13:37:03.803+0000] {processor.py:914} INFO - Processing file /opt/airflow/dags/nba_hiking_dags.py for tasks to queue
[2025-11-05T13:37:03.804+0000] {logging_mixin.py:190} INFO - [2025-11-05T13:37:03.804+0000] {dagbag.py:588} INFO - Filling up the DagBag from /opt/airflow/dags/nba_hiking_dags.py
[2025-11-05T13:37:04.216+0000] {processor.py:925} INFO - DAG(s) 'nba_hiking_compatibility_pipeline' retrieved from /opt/airflow/dags/nba_hiking_dags.py
[2025-11-05T13:37:04.225+0000] {logging_mixin.py:190} INFO - [2025-11-05T13:37:04.225+0000] {dag.py:3239} INFO - Sync 1 DAGs
[2025-11-05T13:37:04.230+0000] {logging_mixin.py:190} INFO - [2025-11-05T13:37:04.230+0000] {dag.py:4180} INFO - Setting next_dagrun for nba_hiking_compatibility_pipeline to None, run_after=None
[2025-11-05T13:37:04.237+0000] {processor.py:208} INFO - Processing /opt/airflow/dags/nba_hiking_dags.py took 0.442 seconds
[2025-11-05T13:37:34.568+0000] {processor.py:186} INFO - Started process (PID=264) to work on /opt/airflow/dags/nba_hiking_dags.py
[2025-11-05T13:37:34.569+0000] {processor.py:914} INFO - Processing file /opt/airflow/dags/nba_hiking_dags.py for tasks to queue
[2025-11-05T13:37:34.570+0000] {logging_mixin.py:190} INFO - [2025-11-05T13:37:34.570+0000] {dagbag.py:588} INFO - Filling up the DagBag from /opt/airflow/dags/nba_hiking_dags.py
[2025-11-05T13:37:34.973+0000] {processor.py:925} INFO - DAG(s) 'nba_hiking_compatibility_pipeline' retrieved from /opt/airflow/dags/nba_hiking_dags.py
[2025-11-05T13:37:34.983+0000] {logging_mixin.py:190} INFO - [2025-11-05T13:37:34.983+0000] {dag.py:3239} INFO - Sync 1 DAGs
[2025-11-05T13:37:34.989+0000] {logging_mixin.py:190} INFO - [2025-11-05T13:37:34.989+0000] {dag.py:4180} INFO - Setting next_dagrun for nba_hiking_compatibility_pipeline to None, run_after=None
[2025-11-05T13:37:34.996+0000] {processor.py:208} INFO - Processing /opt/airflow/dags/nba_hiking_dags.py took 0.434 seconds
[2025-11-05T13:38:05.295+0000] {processor.py:186} INFO - Started process (PID=270) to work on /opt/airflow/dags/nba_hiking_dags.py
[2025-11-05T13:38:05.296+0000] {processor.py:914} INFO - Processing file /opt/airflow/dags/nba_hiking_dags.py for tasks to queue
[2025-11-05T13:38:05.297+0000] {logging_mixin.py:190} INFO - [2025-11-05T13:38:05.297+0000] {dagbag.py:588} INFO - Filling up the DagBag from /opt/airflow/dags/nba_hiking_dags.py
[2025-11-05T13:38:05.707+0000] {processor.py:925} INFO - DAG(s) 'nba_hiking_compatibility_pipeline' retrieved from /opt/airflow/dags/nba_hiking_dags.py
[2025-11-05T13:38:05.717+0000] {logging_mixin.py:190} INFO - [2025-11-05T13:38:05.717+0000] {dag.py:3239} INFO - Sync 1 DAGs
[2025-11-05T13:38:05.722+0000] {logging_mixin.py:190} INFO - [2025-11-05T13:38:05.722+0000] {dag.py:4180} INFO - Setting next_dagrun for nba_hiking_compatibility_pipeline to None, run_after=None
[2025-11-05T13:38:05.729+0000] {processor.py:208} INFO - Processing /opt/airflow/dags/nba_hiking_dags.py took 0.441 seconds
[2025-11-05T13:38:36.008+0000] {processor.py:186} INFO - Started process (PID=276) to work on /opt/airflow/dags/nba_hiking_dags.py
[2025-11-05T13:38:36.009+0000] {processor.py:914} INFO - Processing file /opt/airflow/dags/nba_hiking_dags.py for tasks to queue
[2025-11-05T13:38:36.010+0000] {logging_mixin.py:190} INFO - [2025-11-05T13:38:36.010+0000] {dagbag.py:588} INFO - Filling up the DagBag from /opt/airflow/dags/nba_hiking_dags.py
[2025-11-05T13:38:36.427+0000] {processor.py:925} INFO - DAG(s) 'nba_hiking_compatibility_pipeline' retrieved from /opt/airflow/dags/nba_hiking_dags.py
[2025-11-05T13:38:36.438+0000] {logging_mixin.py:190} INFO - [2025-11-05T13:38:36.438+0000] {dag.py:3239} INFO - Sync 1 DAGs
[2025-11-05T13:38:36.444+0000] {logging_mixin.py:190} INFO - [2025-11-05T13:38:36.444+0000] {dag.py:4180} INFO - Setting next_dagrun for nba_hiking_compatibility_pipeline to None, run_after=None
[2025-11-05T13:38:36.451+0000] {processor.py:208} INFO - Processing /opt/airflow/dags/nba_hiking_dags.py took 0.448 seconds
[2025-11-05T13:39:06.740+0000] {processor.py:186} INFO - Started process (PID=282) to work on /opt/airflow/dags/nba_hiking_dags.py
[2025-11-05T13:39:06.741+0000] {processor.py:914} INFO - Processing file /opt/airflow/dags/nba_hiking_dags.py for tasks to queue
[2025-11-05T13:39:06.743+0000] {logging_mixin.py:190} INFO - [2025-11-05T13:39:06.742+0000] {dagbag.py:588} INFO - Filling up the DagBag from /opt/airflow/dags/nba_hiking_dags.py
[2025-11-05T13:39:07.265+0000] {processor.py:925} INFO - DAG(s) 'nba_hiking_compatibility_pipeline' retrieved from /opt/airflow/dags/nba_hiking_dags.py
[2025-11-05T13:39:07.288+0000] {logging_mixin.py:190} INFO - [2025-11-05T13:39:07.288+0000] {dag.py:3239} INFO - Sync 1 DAGs
[2025-11-05T13:39:07.295+0000] {logging_mixin.py:190} INFO - [2025-11-05T13:39:07.295+0000] {dag.py:4180} INFO - Setting next_dagrun for nba_hiking_compatibility_pipeline to None, run_after=None
[2025-11-05T13:39:07.302+0000] {processor.py:208} INFO - Processing /opt/airflow/dags/nba_hiking_dags.py took 0.572 seconds
[2025-11-05T13:39:37.638+0000] {processor.py:186} INFO - Started process (PID=288) to work on /opt/airflow/dags/nba_hiking_dags.py
[2025-11-05T13:39:37.638+0000] {processor.py:914} INFO - Processing file /opt/airflow/dags/nba_hiking_dags.py for tasks to queue
[2025-11-05T13:39:37.639+0000] {logging_mixin.py:190} INFO - [2025-11-05T13:39:37.639+0000] {dagbag.py:588} INFO - Filling up the DagBag from /opt/airflow/dags/nba_hiking_dags.py
[2025-11-05T13:39:38.078+0000] {processor.py:925} INFO - DAG(s) 'nba_hiking_compatibility_pipeline' retrieved from /opt/airflow/dags/nba_hiking_dags.py
[2025-11-05T13:39:38.088+0000] {logging_mixin.py:190} INFO - [2025-11-05T13:39:38.088+0000] {dag.py:3239} INFO - Sync 1 DAGs
[2025-11-05T13:39:38.093+0000] {logging_mixin.py:190} INFO - [2025-11-05T13:39:38.093+0000] {dag.py:4180} INFO - Setting next_dagrun for nba_hiking_compatibility_pipeline to None, run_after=None
[2025-11-05T13:39:38.099+0000] {processor.py:208} INFO - Processing /opt/airflow/dags/nba_hiking_dags.py took 0.468 seconds
[2025-11-05T13:40:08.416+0000] {processor.py:186} INFO - Started process (PID=294) to work on /opt/airflow/dags/nba_hiking_dags.py
[2025-11-05T13:40:08.416+0000] {processor.py:914} INFO - Processing file /opt/airflow/dags/nba_hiking_dags.py for tasks to queue
[2025-11-05T13:40:08.418+0000] {logging_mixin.py:190} INFO - [2025-11-05T13:40:08.417+0000] {dagbag.py:588} INFO - Filling up the DagBag from /opt/airflow/dags/nba_hiking_dags.py
[2025-11-05T13:40:08.835+0000] {processor.py:925} INFO - DAG(s) 'nba_hiking_compatibility_pipeline' retrieved from /opt/airflow/dags/nba_hiking_dags.py
[2025-11-05T13:40:08.846+0000] {logging_mixin.py:190} INFO - [2025-11-05T13:40:08.846+0000] {dag.py:3239} INFO - Sync 1 DAGs
[2025-11-05T13:40:08.852+0000] {logging_mixin.py:190} INFO - [2025-11-05T13:40:08.851+0000] {dag.py:4180} INFO - Setting next_dagrun for nba_hiking_compatibility_pipeline to None, run_after=None
[2025-11-05T13:40:08.859+0000] {processor.py:208} INFO - Processing /opt/airflow/dags/nba_hiking_dags.py took 0.450 seconds
[2025-11-05T13:40:39.165+0000] {processor.py:186} INFO - Started process (PID=300) to work on /opt/airflow/dags/nba_hiking_dags.py
[2025-11-05T13:40:39.166+0000] {processor.py:914} INFO - Processing file /opt/airflow/dags/nba_hiking_dags.py for tasks to queue
[2025-11-05T13:40:39.167+0000] {logging_mixin.py:190} INFO - [2025-11-05T13:40:39.167+0000] {dagbag.py:588} INFO - Filling up the DagBag from /opt/airflow/dags/nba_hiking_dags.py
[2025-11-05T13:40:39.664+0000] {processor.py:925} INFO - DAG(s) 'nba_hiking_compatibility_pipeline' retrieved from /opt/airflow/dags/nba_hiking_dags.py
[2025-11-05T13:40:39.676+0000] {logging_mixin.py:190} INFO - [2025-11-05T13:40:39.676+0000] {dag.py:3239} INFO - Sync 1 DAGs
[2025-11-05T13:40:39.682+0000] {logging_mixin.py:190} INFO - [2025-11-05T13:40:39.682+0000] {dag.py:4180} INFO - Setting next_dagrun for nba_hiking_compatibility_pipeline to None, run_after=None
[2025-11-05T13:40:39.688+0000] {processor.py:208} INFO - Processing /opt/airflow/dags/nba_hiking_dags.py took 0.532 seconds
[2025-11-05T13:41:09.986+0000] {processor.py:186} INFO - Started process (PID=306) to work on /opt/airflow/dags/nba_hiking_dags.py
[2025-11-05T13:41:09.986+0000] {processor.py:914} INFO - Processing file /opt/airflow/dags/nba_hiking_dags.py for tasks to queue
[2025-11-05T13:41:09.987+0000] {logging_mixin.py:190} INFO - [2025-11-05T13:41:09.987+0000] {dagbag.py:588} INFO - Filling up the DagBag from /opt/airflow/dags/nba_hiking_dags.py
[2025-11-05T13:41:10.404+0000] {processor.py:925} INFO - DAG(s) 'nba_hiking_compatibility_pipeline' retrieved from /opt/airflow/dags/nba_hiking_dags.py
[2025-11-05T13:41:10.416+0000] {logging_mixin.py:190} INFO - [2025-11-05T13:41:10.416+0000] {dag.py:3239} INFO - Sync 1 DAGs
[2025-11-05T13:41:10.421+0000] {logging_mixin.py:190} INFO - [2025-11-05T13:41:10.421+0000] {dag.py:4180} INFO - Setting next_dagrun for nba_hiking_compatibility_pipeline to None, run_after=None
[2025-11-05T13:41:10.428+0000] {processor.py:208} INFO - Processing /opt/airflow/dags/nba_hiking_dags.py took 0.450 seconds
[2025-11-05T13:41:40.757+0000] {processor.py:186} INFO - Started process (PID=312) to work on /opt/airflow/dags/nba_hiking_dags.py
[2025-11-05T13:41:40.758+0000] {processor.py:914} INFO - Processing file /opt/airflow/dags/nba_hiking_dags.py for tasks to queue
[2025-11-05T13:41:40.759+0000] {logging_mixin.py:190} INFO - [2025-11-05T13:41:40.759+0000] {dagbag.py:588} INFO - Filling up the DagBag from /opt/airflow/dags/nba_hiking_dags.py
[2025-11-05T13:41:41.150+0000] {processor.py:925} INFO - DAG(s) 'nba_hiking_compatibility_pipeline' retrieved from /opt/airflow/dags/nba_hiking_dags.py
[2025-11-05T13:41:41.159+0000] {logging_mixin.py:190} INFO - [2025-11-05T13:41:41.159+0000] {dag.py:3239} INFO - Sync 1 DAGs
[2025-11-05T13:41:41.164+0000] {logging_mixin.py:190} INFO - [2025-11-05T13:41:41.164+0000] {dag.py:4180} INFO - Setting next_dagrun for nba_hiking_compatibility_pipeline to None, run_after=None
[2025-11-05T13:41:41.170+0000] {processor.py:208} INFO - Processing /opt/airflow/dags/nba_hiking_dags.py took 0.420 seconds
[2025-11-05T13:42:11.486+0000] {processor.py:186} INFO - Started process (PID=318) to work on /opt/airflow/dags/nba_hiking_dags.py
[2025-11-05T13:42:11.487+0000] {processor.py:914} INFO - Processing file /opt/airflow/dags/nba_hiking_dags.py for tasks to queue
[2025-11-05T13:42:11.488+0000] {logging_mixin.py:190} INFO - [2025-11-05T13:42:11.488+0000] {dagbag.py:588} INFO - Filling up the DagBag from /opt/airflow/dags/nba_hiking_dags.py
[2025-11-05T13:42:11.871+0000] {processor.py:925} INFO - DAG(s) 'nba_hiking_compatibility_pipeline' retrieved from /opt/airflow/dags/nba_hiking_dags.py
[2025-11-05T13:42:11.880+0000] {logging_mixin.py:190} INFO - [2025-11-05T13:42:11.880+0000] {dag.py:3239} INFO - Sync 1 DAGs
[2025-11-05T13:42:11.886+0000] {logging_mixin.py:190} INFO - [2025-11-05T13:42:11.886+0000] {dag.py:4180} INFO - Setting next_dagrun for nba_hiking_compatibility_pipeline to None, run_after=None
[2025-11-05T13:42:11.892+0000] {processor.py:208} INFO - Processing /opt/airflow/dags/nba_hiking_dags.py took 0.412 seconds
[2025-11-05T13:42:42.214+0000] {processor.py:186} INFO - Started process (PID=324) to work on /opt/airflow/dags/nba_hiking_dags.py
[2025-11-05T13:42:42.216+0000] {processor.py:914} INFO - Processing file /opt/airflow/dags/nba_hiking_dags.py for tasks to queue
[2025-11-05T13:42:42.217+0000] {logging_mixin.py:190} INFO - [2025-11-05T13:42:42.217+0000] {dagbag.py:588} INFO - Filling up the DagBag from /opt/airflow/dags/nba_hiking_dags.py
[2025-11-05T13:42:42.669+0000] {processor.py:925} INFO - DAG(s) 'nba_hiking_compatibility_pipeline' retrieved from /opt/airflow/dags/nba_hiking_dags.py
[2025-11-05T13:42:42.680+0000] {logging_mixin.py:190} INFO - [2025-11-05T13:42:42.679+0000] {dag.py:3239} INFO - Sync 1 DAGs
[2025-11-05T13:42:42.686+0000] {logging_mixin.py:190} INFO - [2025-11-05T13:42:42.686+0000] {dag.py:4180} INFO - Setting next_dagrun for nba_hiking_compatibility_pipeline to None, run_after=None
[2025-11-05T13:42:42.692+0000] {processor.py:208} INFO - Processing /opt/airflow/dags/nba_hiking_dags.py took 0.486 seconds
[2025-11-05T13:43:13.054+0000] {processor.py:186} INFO - Started process (PID=330) to work on /opt/airflow/dags/nba_hiking_dags.py
[2025-11-05T13:43:13.055+0000] {processor.py:914} INFO - Processing file /opt/airflow/dags/nba_hiking_dags.py for tasks to queue
[2025-11-05T13:43:13.056+0000] {logging_mixin.py:190} INFO - [2025-11-05T13:43:13.056+0000] {dagbag.py:588} INFO - Filling up the DagBag from /opt/airflow/dags/nba_hiking_dags.py
[2025-11-05T13:43:13.513+0000] {processor.py:925} INFO - DAG(s) 'nba_hiking_compatibility_pipeline' retrieved from /opt/airflow/dags/nba_hiking_dags.py
[2025-11-05T13:43:13.527+0000] {logging_mixin.py:190} INFO - [2025-11-05T13:43:13.527+0000] {dag.py:3239} INFO - Sync 1 DAGs
[2025-11-05T13:43:13.532+0000] {logging_mixin.py:190} INFO - [2025-11-05T13:43:13.532+0000] {dag.py:4180} INFO - Setting next_dagrun for nba_hiking_compatibility_pipeline to None, run_after=None
[2025-11-05T13:43:13.539+0000] {processor.py:208} INFO - Processing /opt/airflow/dags/nba_hiking_dags.py took 0.502 seconds
[2025-11-05T13:43:43.875+0000] {processor.py:186} INFO - Started process (PID=343) to work on /opt/airflow/dags/nba_hiking_dags.py
[2025-11-05T13:43:43.876+0000] {processor.py:914} INFO - Processing file /opt/airflow/dags/nba_hiking_dags.py for tasks to queue
[2025-11-05T13:43:43.877+0000] {logging_mixin.py:190} INFO - [2025-11-05T13:43:43.877+0000] {dagbag.py:588} INFO - Filling up the DagBag from /opt/airflow/dags/nba_hiking_dags.py
[2025-11-05T13:43:44.324+0000] {processor.py:925} INFO - DAG(s) 'nba_hiking_compatibility_pipeline' retrieved from /opt/airflow/dags/nba_hiking_dags.py
[2025-11-05T13:43:44.334+0000] {logging_mixin.py:190} INFO - [2025-11-05T13:43:44.334+0000] {dag.py:3239} INFO - Sync 1 DAGs
[2025-11-05T13:43:44.340+0000] {logging_mixin.py:190} INFO - [2025-11-05T13:43:44.340+0000] {dag.py:4180} INFO - Setting next_dagrun for nba_hiking_compatibility_pipeline to None, run_after=None
[2025-11-05T13:43:44.347+0000] {processor.py:208} INFO - Processing /opt/airflow/dags/nba_hiking_dags.py took 0.478 seconds
[2025-11-05T13:44:14.683+0000] {processor.py:186} INFO - Started process (PID=349) to work on /opt/airflow/dags/nba_hiking_dags.py
[2025-11-05T13:44:14.684+0000] {processor.py:914} INFO - Processing file /opt/airflow/dags/nba_hiking_dags.py for tasks to queue
[2025-11-05T13:44:14.685+0000] {logging_mixin.py:190} INFO - [2025-11-05T13:44:14.685+0000] {dagbag.py:588} INFO - Filling up the DagBag from /opt/airflow/dags/nba_hiking_dags.py
[2025-11-05T13:44:15.237+0000] {processor.py:925} INFO - DAG(s) 'nba_hiking_compatibility_pipeline' retrieved from /opt/airflow/dags/nba_hiking_dags.py
[2025-11-05T13:44:15.249+0000] {logging_mixin.py:190} INFO - [2025-11-05T13:44:15.249+0000] {dag.py:3239} INFO - Sync 1 DAGs
[2025-11-05T13:44:15.256+0000] {logging_mixin.py:190} INFO - [2025-11-05T13:44:15.256+0000] {dag.py:4180} INFO - Setting next_dagrun for nba_hiking_compatibility_pipeline to None, run_after=None
[2025-11-05T13:44:15.263+0000] {processor.py:208} INFO - Processing /opt/airflow/dags/nba_hiking_dags.py took 0.587 seconds
[2025-11-05T13:44:45.524+0000] {processor.py:186} INFO - Started process (PID=355) to work on /opt/airflow/dags/nba_hiking_dags.py
[2025-11-05T13:44:45.525+0000] {processor.py:914} INFO - Processing file /opt/airflow/dags/nba_hiking_dags.py for tasks to queue
[2025-11-05T13:44:45.526+0000] {logging_mixin.py:190} INFO - [2025-11-05T13:44:45.525+0000] {dagbag.py:588} INFO - Filling up the DagBag from /opt/airflow/dags/nba_hiking_dags.py
[2025-11-05T13:44:45.915+0000] {processor.py:925} INFO - DAG(s) 'nba_hiking_compatibility_pipeline' retrieved from /opt/airflow/dags/nba_hiking_dags.py
[2025-11-05T13:44:45.924+0000] {logging_mixin.py:190} INFO - [2025-11-05T13:44:45.923+0000] {dag.py:3239} INFO - Sync 1 DAGs
[2025-11-05T13:44:45.928+0000] {logging_mixin.py:190} INFO - [2025-11-05T13:44:45.928+0000] {dag.py:4180} INFO - Setting next_dagrun for nba_hiking_compatibility_pipeline to None, run_after=None
[2025-11-05T13:44:45.935+0000] {processor.py:208} INFO - Processing /opt/airflow/dags/nba_hiking_dags.py took 0.420 seconds
[2025-11-05T13:45:16.217+0000] {processor.py:186} INFO - Started process (PID=361) to work on /opt/airflow/dags/nba_hiking_dags.py
[2025-11-05T13:45:16.217+0000] {processor.py:914} INFO - Processing file /opt/airflow/dags/nba_hiking_dags.py for tasks to queue
[2025-11-05T13:45:16.218+0000] {logging_mixin.py:190} INFO - [2025-11-05T13:45:16.218+0000] {dagbag.py:588} INFO - Filling up the DagBag from /opt/airflow/dags/nba_hiking_dags.py
[2025-11-05T13:45:16.610+0000] {processor.py:925} INFO - DAG(s) 'nba_hiking_compatibility_pipeline' retrieved from /opt/airflow/dags/nba_hiking_dags.py
[2025-11-05T13:45:16.620+0000] {logging_mixin.py:190} INFO - [2025-11-05T13:45:16.619+0000] {dag.py:3239} INFO - Sync 1 DAGs
[2025-11-05T13:45:16.625+0000] {logging_mixin.py:190} INFO - [2025-11-05T13:45:16.625+0000] {dag.py:4180} INFO - Setting next_dagrun for nba_hiking_compatibility_pipeline to None, run_after=None
[2025-11-05T13:45:16.632+0000] {processor.py:208} INFO - Processing /opt/airflow/dags/nba_hiking_dags.py took 0.419 seconds
[2025-11-05T13:45:46.983+0000] {processor.py:186} INFO - Started process (PID=367) to work on /opt/airflow/dags/nba_hiking_dags.py
[2025-11-05T13:45:46.984+0000] {processor.py:914} INFO - Processing file /opt/airflow/dags/nba_hiking_dags.py for tasks to queue
[2025-11-05T13:45:46.986+0000] {logging_mixin.py:190} INFO - [2025-11-05T13:45:46.986+0000] {dagbag.py:588} INFO - Filling up the DagBag from /opt/airflow/dags/nba_hiking_dags.py
[2025-11-05T13:45:47.504+0000] {processor.py:925} INFO - DAG(s) 'nba_hiking_compatibility_pipeline' retrieved from /opt/airflow/dags/nba_hiking_dags.py
[2025-11-05T13:45:47.516+0000] {logging_mixin.py:190} INFO - [2025-11-05T13:45:47.516+0000] {dag.py:3239} INFO - Sync 1 DAGs
[2025-11-05T13:45:47.522+0000] {logging_mixin.py:190} INFO - [2025-11-05T13:45:47.522+0000] {dag.py:4180} INFO - Setting next_dagrun for nba_hiking_compatibility_pipeline to None, run_after=None
[2025-11-05T13:45:47.529+0000] {processor.py:208} INFO - Processing /opt/airflow/dags/nba_hiking_dags.py took 0.565 seconds
[2025-11-05T13:46:17.874+0000] {processor.py:186} INFO - Started process (PID=373) to work on /opt/airflow/dags/nba_hiking_dags.py
[2025-11-05T13:46:17.875+0000] {processor.py:914} INFO - Processing file /opt/airflow/dags/nba_hiking_dags.py for tasks to queue
[2025-11-05T13:46:17.876+0000] {logging_mixin.py:190} INFO - [2025-11-05T13:46:17.875+0000] {dagbag.py:588} INFO - Filling up the DagBag from /opt/airflow/dags/nba_hiking_dags.py
[2025-11-05T13:46:18.307+0000] {processor.py:925} INFO - DAG(s) 'nba_hiking_compatibility_pipeline' retrieved from /opt/airflow/dags/nba_hiking_dags.py
[2025-11-05T13:46:18.317+0000] {logging_mixin.py:190} INFO - [2025-11-05T13:46:18.317+0000] {dag.py:3239} INFO - Sync 1 DAGs
[2025-11-05T13:46:18.324+0000] {logging_mixin.py:190} INFO - [2025-11-05T13:46:18.324+0000] {dag.py:4180} INFO - Setting next_dagrun for nba_hiking_compatibility_pipeline to None, run_after=None
[2025-11-05T13:46:18.331+0000] {processor.py:208} INFO - Processing /opt/airflow/dags/nba_hiking_dags.py took 0.464 seconds
[2025-11-05T13:46:48.678+0000] {processor.py:186} INFO - Started process (PID=379) to work on /opt/airflow/dags/nba_hiking_dags.py
[2025-11-05T13:46:48.679+0000] {processor.py:914} INFO - Processing file /opt/airflow/dags/nba_hiking_dags.py for tasks to queue
[2025-11-05T13:46:48.681+0000] {logging_mixin.py:190} INFO - [2025-11-05T13:46:48.680+0000] {dagbag.py:588} INFO - Filling up the DagBag from /opt/airflow/dags/nba_hiking_dags.py
[2025-11-05T13:46:49.243+0000] {processor.py:925} INFO - DAG(s) 'nba_hiking_compatibility_pipeline' retrieved from /opt/airflow/dags/nba_hiking_dags.py
[2025-11-05T13:46:49.262+0000] {logging_mixin.py:190} INFO - [2025-11-05T13:46:49.261+0000] {dag.py:3239} INFO - Sync 1 DAGs
[2025-11-05T13:46:49.268+0000] {logging_mixin.py:190} INFO - [2025-11-05T13:46:49.268+0000] {dag.py:4180} INFO - Setting next_dagrun for nba_hiking_compatibility_pipeline to None, run_after=None
[2025-11-05T13:46:49.276+0000] {processor.py:208} INFO - Processing /opt/airflow/dags/nba_hiking_dags.py took 0.615 seconds
[2025-11-05T13:47:19.480+0000] {processor.py:186} INFO - Started process (PID=385) to work on /opt/airflow/dags/nba_hiking_dags.py
[2025-11-05T13:47:19.481+0000] {processor.py:914} INFO - Processing file /opt/airflow/dags/nba_hiking_dags.py for tasks to queue
[2025-11-05T13:47:19.482+0000] {logging_mixin.py:190} INFO - [2025-11-05T13:47:19.482+0000] {dagbag.py:588} INFO - Filling up the DagBag from /opt/airflow/dags/nba_hiking_dags.py
[2025-11-05T13:47:19.892+0000] {processor.py:925} INFO - DAG(s) 'nba_hiking_compatibility_pipeline' retrieved from /opt/airflow/dags/nba_hiking_dags.py
[2025-11-05T13:47:19.903+0000] {logging_mixin.py:190} INFO - [2025-11-05T13:47:19.903+0000] {dag.py:3239} INFO - Sync 1 DAGs
[2025-11-05T13:47:19.909+0000] {logging_mixin.py:190} INFO - [2025-11-05T13:47:19.909+0000] {dag.py:4180} INFO - Setting next_dagrun for nba_hiking_compatibility_pipeline to None, run_after=None
[2025-11-05T13:47:19.916+0000] {processor.py:208} INFO - Processing /opt/airflow/dags/nba_hiking_dags.py took 0.443 seconds
[2025-11-05T13:47:50.242+0000] {processor.py:186} INFO - Started process (PID=391) to work on /opt/airflow/dags/nba_hiking_dags.py
[2025-11-05T13:47:50.244+0000] {processor.py:914} INFO - Processing file /opt/airflow/dags/nba_hiking_dags.py for tasks to queue
[2025-11-05T13:47:50.245+0000] {logging_mixin.py:190} INFO - [2025-11-05T13:47:50.245+0000] {dagbag.py:588} INFO - Filling up the DagBag from /opt/airflow/dags/nba_hiking_dags.py
[2025-11-05T13:47:50.775+0000] {processor.py:925} INFO - DAG(s) 'nba_hiking_compatibility_pipeline' retrieved from /opt/airflow/dags/nba_hiking_dags.py
[2025-11-05T13:47:50.787+0000] {logging_mixin.py:190} INFO - [2025-11-05T13:47:50.787+0000] {dag.py:3239} INFO - Sync 1 DAGs
[2025-11-05T13:47:50.793+0000] {logging_mixin.py:190} INFO - [2025-11-05T13:47:50.793+0000] {dag.py:4180} INFO - Setting next_dagrun for nba_hiking_compatibility_pipeline to None, run_after=None
[2025-11-05T13:47:50.800+0000] {processor.py:208} INFO - Processing /opt/airflow/dags/nba_hiking_dags.py took 0.578 seconds
[2025-11-05T13:48:21.114+0000] {processor.py:186} INFO - Started process (PID=397) to work on /opt/airflow/dags/nba_hiking_dags.py
[2025-11-05T13:48:21.114+0000] {processor.py:914} INFO - Processing file /opt/airflow/dags/nba_hiking_dags.py for tasks to queue
[2025-11-05T13:48:21.115+0000] {logging_mixin.py:190} INFO - [2025-11-05T13:48:21.115+0000] {dagbag.py:588} INFO - Filling up the DagBag from /opt/airflow/dags/nba_hiking_dags.py
[2025-11-05T13:48:21.507+0000] {processor.py:925} INFO - DAG(s) 'nba_hiking_compatibility_pipeline' retrieved from /opt/airflow/dags/nba_hiking_dags.py
[2025-11-05T13:48:21.517+0000] {logging_mixin.py:190} INFO - [2025-11-05T13:48:21.516+0000] {dag.py:3239} INFO - Sync 1 DAGs
[2025-11-05T13:48:21.521+0000] {logging_mixin.py:190} INFO - [2025-11-05T13:48:21.521+0000] {dag.py:4180} INFO - Setting next_dagrun for nba_hiking_compatibility_pipeline to None, run_after=None
[2025-11-05T13:48:21.528+0000] {processor.py:208} INFO - Processing /opt/airflow/dags/nba_hiking_dags.py took 0.418 seconds
[2025-11-05T13:48:51.850+0000] {processor.py:186} INFO - Started process (PID=403) to work on /opt/airflow/dags/nba_hiking_dags.py
[2025-11-05T13:48:51.850+0000] {processor.py:914} INFO - Processing file /opt/airflow/dags/nba_hiking_dags.py for tasks to queue
[2025-11-05T13:48:51.852+0000] {logging_mixin.py:190} INFO - [2025-11-05T13:48:51.851+0000] {dagbag.py:588} INFO - Filling up the DagBag from /opt/airflow/dags/nba_hiking_dags.py
[2025-11-05T13:48:52.411+0000] {processor.py:925} INFO - DAG(s) 'nba_hiking_compatibility_pipeline' retrieved from /opt/airflow/dags/nba_hiking_dags.py
[2025-11-05T13:48:52.424+0000] {logging_mixin.py:190} INFO - [2025-11-05T13:48:52.424+0000] {dag.py:3239} INFO - Sync 1 DAGs
[2025-11-05T13:48:52.431+0000] {logging_mixin.py:190} INFO - [2025-11-05T13:48:52.431+0000] {dag.py:4180} INFO - Setting next_dagrun for nba_hiking_compatibility_pipeline to None, run_after=None
[2025-11-05T13:48:52.438+0000] {processor.py:208} INFO - Processing /opt/airflow/dags/nba_hiking_dags.py took 0.596 seconds
[2025-11-05T13:49:22.799+0000] {processor.py:186} INFO - Started process (PID=409) to work on /opt/airflow/dags/nba_hiking_dags.py
[2025-11-05T13:49:22.801+0000] {processor.py:914} INFO - Processing file /opt/airflow/dags/nba_hiking_dags.py for tasks to queue
[2025-11-05T13:49:22.802+0000] {logging_mixin.py:190} INFO - [2025-11-05T13:49:22.802+0000] {dagbag.py:588} INFO - Filling up the DagBag from /opt/airflow/dags/nba_hiking_dags.py
[2025-11-05T13:49:23.241+0000] {processor.py:925} INFO - DAG(s) 'nba_hiking_compatibility_pipeline' retrieved from /opt/airflow/dags/nba_hiking_dags.py
[2025-11-05T13:49:23.254+0000] {logging_mixin.py:190} INFO - [2025-11-05T13:49:23.253+0000] {dag.py:3239} INFO - Sync 1 DAGs
[2025-11-05T13:49:23.260+0000] {logging_mixin.py:190} INFO - [2025-11-05T13:49:23.260+0000] {dag.py:4180} INFO - Setting next_dagrun for nba_hiking_compatibility_pipeline to None, run_after=None
[2025-11-05T13:49:23.267+0000] {processor.py:208} INFO - Processing /opt/airflow/dags/nba_hiking_dags.py took 0.474 seconds
[2025-11-05T13:49:53.346+0000] {processor.py:186} INFO - Started process (PID=415) to work on /opt/airflow/dags/nba_hiking_dags.py
[2025-11-05T13:49:53.347+0000] {processor.py:914} INFO - Processing file /opt/airflow/dags/nba_hiking_dags.py for tasks to queue
[2025-11-05T13:49:53.348+0000] {logging_mixin.py:190} INFO - [2025-11-05T13:49:53.348+0000] {dagbag.py:588} INFO - Filling up the DagBag from /opt/airflow/dags/nba_hiking_dags.py
[2025-11-05T13:49:53.780+0000] {processor.py:925} INFO - DAG(s) 'nba_hiking_compatibility_pipeline' retrieved from /opt/airflow/dags/nba_hiking_dags.py
[2025-11-05T13:49:53.791+0000] {logging_mixin.py:190} INFO - [2025-11-05T13:49:53.791+0000] {dag.py:3239} INFO - Sync 1 DAGs
[2025-11-05T13:49:53.796+0000] {logging_mixin.py:190} INFO - [2025-11-05T13:49:53.796+0000] {dag.py:4180} INFO - Setting next_dagrun for nba_hiking_compatibility_pipeline to None, run_after=None
[2025-11-05T13:49:53.803+0000] {processor.py:208} INFO - Processing /opt/airflow/dags/nba_hiking_dags.py took 0.471 seconds
[2025-11-05T13:50:23.847+0000] {processor.py:186} INFO - Started process (PID=421) to work on /opt/airflow/dags/nba_hiking_dags.py
[2025-11-05T13:50:23.848+0000] {processor.py:914} INFO - Processing file /opt/airflow/dags/nba_hiking_dags.py for tasks to queue
[2025-11-05T13:50:23.849+0000] {logging_mixin.py:190} INFO - [2025-11-05T13:50:23.849+0000] {dagbag.py:588} INFO - Filling up the DagBag from /opt/airflow/dags/nba_hiking_dags.py
[2025-11-05T13:50:24.277+0000] {processor.py:925} INFO - DAG(s) 'nba_hiking_compatibility_pipeline' retrieved from /opt/airflow/dags/nba_hiking_dags.py
[2025-11-05T13:50:24.288+0000] {logging_mixin.py:190} INFO - [2025-11-05T13:50:24.287+0000] {dag.py:3239} INFO - Sync 1 DAGs
[2025-11-05T13:50:24.294+0000] {logging_mixin.py:190} INFO - [2025-11-05T13:50:24.294+0000] {dag.py:4180} INFO - Setting next_dagrun for nba_hiking_compatibility_pipeline to None, run_after=None
[2025-11-05T13:50:24.301+0000] {processor.py:208} INFO - Processing /opt/airflow/dags/nba_hiking_dags.py took 0.460 seconds
[2025-11-05T13:50:54.404+0000] {processor.py:186} INFO - Started process (PID=427) to work on /opt/airflow/dags/nba_hiking_dags.py
[2025-11-05T13:50:54.406+0000] {processor.py:914} INFO - Processing file /opt/airflow/dags/nba_hiking_dags.py for tasks to queue
[2025-11-05T13:50:54.408+0000] {logging_mixin.py:190} INFO - [2025-11-05T13:50:54.407+0000] {dagbag.py:588} INFO - Filling up the DagBag from /opt/airflow/dags/nba_hiking_dags.py
[2025-11-05T13:50:54.962+0000] {processor.py:925} INFO - DAG(s) 'nba_hiking_compatibility_pipeline' retrieved from /opt/airflow/dags/nba_hiking_dags.py
[2025-11-05T13:50:54.974+0000] {logging_mixin.py:190} INFO - [2025-11-05T13:50:54.974+0000] {dag.py:3239} INFO - Sync 1 DAGs
[2025-11-05T13:50:54.980+0000] {logging_mixin.py:190} INFO - [2025-11-05T13:50:54.980+0000] {dag.py:4180} INFO - Setting next_dagrun for nba_hiking_compatibility_pipeline to None, run_after=None
[2025-11-05T13:50:54.987+0000] {processor.py:208} INFO - Processing /opt/airflow/dags/nba_hiking_dags.py took 0.600 seconds
[2025-11-05T13:51:25.301+0000] {processor.py:186} INFO - Started process (PID=433) to work on /opt/airflow/dags/nba_hiking_dags.py
[2025-11-05T13:51:25.302+0000] {processor.py:914} INFO - Processing file /opt/airflow/dags/nba_hiking_dags.py for tasks to queue
[2025-11-05T13:51:25.303+0000] {logging_mixin.py:190} INFO - [2025-11-05T13:51:25.303+0000] {dagbag.py:588} INFO - Filling up the DagBag from /opt/airflow/dags/nba_hiking_dags.py
[2025-11-05T13:51:25.684+0000] {processor.py:925} INFO - DAG(s) 'nba_hiking_compatibility_pipeline' retrieved from /opt/airflow/dags/nba_hiking_dags.py
[2025-11-05T13:51:25.693+0000] {logging_mixin.py:190} INFO - [2025-11-05T13:51:25.693+0000] {dag.py:3239} INFO - Sync 1 DAGs
[2025-11-05T13:51:25.698+0000] {logging_mixin.py:190} INFO - [2025-11-05T13:51:25.698+0000] {dag.py:4180} INFO - Setting next_dagrun for nba_hiking_compatibility_pipeline to None, run_after=None
[2025-11-05T13:51:25.708+0000] {processor.py:208} INFO - Processing /opt/airflow/dags/nba_hiking_dags.py took 0.415 seconds
[2025-11-05T13:51:56.037+0000] {processor.py:186} INFO - Started process (PID=439) to work on /opt/airflow/dags/nba_hiking_dags.py
[2025-11-05T13:51:56.038+0000] {processor.py:914} INFO - Processing file /opt/airflow/dags/nba_hiking_dags.py for tasks to queue
[2025-11-05T13:51:56.039+0000] {logging_mixin.py:190} INFO - [2025-11-05T13:51:56.039+0000] {dagbag.py:588} INFO - Filling up the DagBag from /opt/airflow/dags/nba_hiking_dags.py
[2025-11-05T13:51:56.638+0000] {processor.py:925} INFO - DAG(s) 'nba_hiking_compatibility_pipeline' retrieved from /opt/airflow/dags/nba_hiking_dags.py
[2025-11-05T13:51:56.651+0000] {logging_mixin.py:190} INFO - [2025-11-05T13:51:56.650+0000] {dag.py:3239} INFO - Sync 1 DAGs
[2025-11-05T13:51:56.657+0000] {logging_mixin.py:190} INFO - [2025-11-05T13:51:56.657+0000] {dag.py:4180} INFO - Setting next_dagrun for nba_hiking_compatibility_pipeline to None, run_after=None
[2025-11-05T13:51:56.665+0000] {processor.py:208} INFO - Processing /opt/airflow/dags/nba_hiking_dags.py took 0.637 seconds
[2025-11-05T13:52:26.848+0000] {processor.py:186} INFO - Started process (PID=445) to work on /opt/airflow/dags/nba_hiking_dags.py
[2025-11-05T13:52:26.848+0000] {processor.py:914} INFO - Processing file /opt/airflow/dags/nba_hiking_dags.py for tasks to queue
[2025-11-05T13:52:26.849+0000] {logging_mixin.py:190} INFO - [2025-11-05T13:52:26.849+0000] {dagbag.py:588} INFO - Filling up the DagBag from /opt/airflow/dags/nba_hiking_dags.py
[2025-11-05T13:52:27.321+0000] {processor.py:925} INFO - DAG(s) 'nba_hiking_compatibility_pipeline' retrieved from /opt/airflow/dags/nba_hiking_dags.py
[2025-11-05T13:52:27.332+0000] {logging_mixin.py:190} INFO - [2025-11-05T13:52:27.332+0000] {dag.py:3239} INFO - Sync 1 DAGs
[2025-11-05T13:52:27.338+0000] {logging_mixin.py:190} INFO - [2025-11-05T13:52:27.338+0000] {dag.py:4180} INFO - Setting next_dagrun for nba_hiking_compatibility_pipeline to None, run_after=None
[2025-11-05T13:52:27.345+0000] {processor.py:208} INFO - Processing /opt/airflow/dags/nba_hiking_dags.py took 0.502 seconds
[2025-11-05T13:52:57.705+0000] {processor.py:186} INFO - Started process (PID=451) to work on /opt/airflow/dags/nba_hiking_dags.py
[2025-11-05T13:52:57.708+0000] {processor.py:914} INFO - Processing file /opt/airflow/dags/nba_hiking_dags.py for tasks to queue
[2025-11-05T13:52:57.710+0000] {logging_mixin.py:190} INFO - [2025-11-05T13:52:57.709+0000] {dagbag.py:588} INFO - Filling up the DagBag from /opt/airflow/dags/nba_hiking_dags.py
[2025-11-05T13:52:58.320+0000] {processor.py:925} INFO - DAG(s) 'nba_hiking_compatibility_pipeline' retrieved from /opt/airflow/dags/nba_hiking_dags.py
[2025-11-05T13:52:58.338+0000] {logging_mixin.py:190} INFO - [2025-11-05T13:52:58.337+0000] {dag.py:3239} INFO - Sync 1 DAGs
[2025-11-05T13:52:58.344+0000] {logging_mixin.py:190} INFO - [2025-11-05T13:52:58.344+0000] {dag.py:4180} INFO - Setting next_dagrun for nba_hiking_compatibility_pipeline to None, run_after=None
[2025-11-05T13:52:58.352+0000] {processor.py:208} INFO - Processing /opt/airflow/dags/nba_hiking_dags.py took 0.662 seconds
[2025-11-05T13:53:28.500+0000] {processor.py:186} INFO - Started process (PID=457) to work on /opt/airflow/dags/nba_hiking_dags.py
[2025-11-05T13:53:28.500+0000] {processor.py:914} INFO - Processing file /opt/airflow/dags/nba_hiking_dags.py for tasks to queue
[2025-11-05T13:53:28.501+0000] {logging_mixin.py:190} INFO - [2025-11-05T13:53:28.501+0000] {dagbag.py:588} INFO - Filling up the DagBag from /opt/airflow/dags/nba_hiking_dags.py
[2025-11-05T13:53:28.953+0000] {processor.py:925} INFO - DAG(s) 'nba_hiking_compatibility_pipeline' retrieved from /opt/airflow/dags/nba_hiking_dags.py
[2025-11-05T13:53:28.965+0000] {logging_mixin.py:190} INFO - [2025-11-05T13:53:28.965+0000] {dag.py:3239} INFO - Sync 1 DAGs
[2025-11-05T13:53:28.972+0000] {logging_mixin.py:190} INFO - [2025-11-05T13:53:28.972+0000] {dag.py:4180} INFO - Setting next_dagrun for nba_hiking_compatibility_pipeline to None, run_after=None
[2025-11-05T13:53:28.979+0000] {processor.py:208} INFO - Processing /opt/airflow/dags/nba_hiking_dags.py took 0.484 seconds
[2025-11-05T13:53:59.251+0000] {processor.py:186} INFO - Started process (PID=463) to work on /opt/airflow/dags/nba_hiking_dags.py
[2025-11-05T13:53:59.252+0000] {processor.py:914} INFO - Processing file /opt/airflow/dags/nba_hiking_dags.py for tasks to queue
[2025-11-05T13:53:59.252+0000] {logging_mixin.py:190} INFO - [2025-11-05T13:53:59.252+0000] {dagbag.py:588} INFO - Filling up the DagBag from /opt/airflow/dags/nba_hiking_dags.py
[2025-11-05T13:53:59.831+0000] {processor.py:925} INFO - DAG(s) 'nba_hiking_compatibility_pipeline' retrieved from /opt/airflow/dags/nba_hiking_dags.py
[2025-11-05T13:53:59.845+0000] {logging_mixin.py:190} INFO - [2025-11-05T13:53:59.845+0000] {dag.py:3239} INFO - Sync 1 DAGs
[2025-11-05T13:53:59.850+0000] {logging_mixin.py:190} INFO - [2025-11-05T13:53:59.850+0000] {dag.py:4180} INFO - Setting next_dagrun for nba_hiking_compatibility_pipeline to None, run_after=None
[2025-11-05T13:53:59.857+0000] {processor.py:208} INFO - Processing /opt/airflow/dags/nba_hiking_dags.py took 0.614 seconds
[2025-11-05T13:54:30.188+0000] {processor.py:186} INFO - Started process (PID=469) to work on /opt/airflow/dags/nba_hiking_dags.py
[2025-11-05T13:54:30.189+0000] {processor.py:914} INFO - Processing file /opt/airflow/dags/nba_hiking_dags.py for tasks to queue
[2025-11-05T13:54:30.190+0000] {logging_mixin.py:190} INFO - [2025-11-05T13:54:30.190+0000] {dagbag.py:588} INFO - Filling up the DagBag from /opt/airflow/dags/nba_hiking_dags.py
[2025-11-05T13:54:30.591+0000] {processor.py:925} INFO - DAG(s) 'nba_hiking_compatibility_pipeline' retrieved from /opt/airflow/dags/nba_hiking_dags.py
[2025-11-05T13:54:30.603+0000] {logging_mixin.py:190} INFO - [2025-11-05T13:54:30.603+0000] {dag.py:3239} INFO - Sync 1 DAGs
[2025-11-05T13:54:30.611+0000] {logging_mixin.py:190} INFO - [2025-11-05T13:54:30.611+0000] {dag.py:4180} INFO - Setting next_dagrun for nba_hiking_compatibility_pipeline to None, run_after=None
[2025-11-05T13:54:30.618+0000] {processor.py:208} INFO - Processing /opt/airflow/dags/nba_hiking_dags.py took 0.437 seconds
[2025-11-05T13:54:47.761+0000] {processor.py:186} INFO - Started process (PID=475) to work on /opt/airflow/dags/nba_hiking_dags.py
[2025-11-05T13:54:47.762+0000] {processor.py:914} INFO - Processing file /opt/airflow/dags/nba_hiking_dags.py for tasks to queue
[2025-11-05T13:54:47.763+0000] {logging_mixin.py:190} INFO - [2025-11-05T13:54:47.763+0000] {dagbag.py:588} INFO - Filling up the DagBag from /opt/airflow/dags/nba_hiking_dags.py
[2025-11-05T13:54:48.283+0000] {processor.py:925} INFO - DAG(s) 'nba_hiking_compatibility_pipeline_pandas_only' retrieved from /opt/airflow/dags/nba_hiking_dags.py
[2025-11-05T13:54:48.343+0000] {logging_mixin.py:190} INFO - [2025-11-05T13:54:48.343+0000] {override.py:1901} INFO - Created Permission View: can delete on DAG:nba_hiking_compatibility_pipeline_pandas_only
[2025-11-05T13:54:48.348+0000] {logging_mixin.py:190} INFO - [2025-11-05T13:54:48.347+0000] {override.py:1901} INFO - Created Permission View: can edit on DAG:nba_hiking_compatibility_pipeline_pandas_only
[2025-11-05T13:54:48.350+0000] {logging_mixin.py:190} INFO - [2025-11-05T13:54:48.350+0000] {override.py:1901} INFO - Created Permission View: can read on DAG:nba_hiking_compatibility_pipeline_pandas_only
[2025-11-05T13:54:48.353+0000] {logging_mixin.py:190} INFO - [2025-11-05T13:54:48.353+0000] {override.py:1901} INFO - Created Permission View: can create on DAG Run:nba_hiking_compatibility_pipeline_pandas_only
[2025-11-05T13:54:48.354+0000] {logging_mixin.py:190} INFO - [2025-11-05T13:54:48.354+0000] {override.py:1901} INFO - Created Permission View: can delete on DAG Run:nba_hiking_compatibility_pipeline_pandas_only
[2025-11-05T13:54:48.356+0000] {logging_mixin.py:190} INFO - [2025-11-05T13:54:48.356+0000] {override.py:1901} INFO - Created Permission View: menu access on DAG Run:nba_hiking_compatibility_pipeline_pandas_only
[2025-11-05T13:54:48.358+0000] {logging_mixin.py:190} INFO - [2025-11-05T13:54:48.358+0000] {override.py:1901} INFO - Created Permission View: can read on DAG Run:nba_hiking_compatibility_pipeline_pandas_only
[2025-11-05T13:54:48.359+0000] {logging_mixin.py:190} INFO - [2025-11-05T13:54:48.359+0000] {dag.py:3239} INFO - Sync 1 DAGs
[2025-11-05T13:54:48.376+0000] {logging_mixin.py:190} INFO - [2025-11-05T13:54:48.376+0000] {dag.py:3262} INFO - Creating ORM DAG for nba_hiking_compatibility_pipeline_pandas_only
[2025-11-05T13:54:48.377+0000] {logging_mixin.py:190} INFO - [2025-11-05T13:54:48.377+0000] {dag.py:4180} INFO - Setting next_dagrun for nba_hiking_compatibility_pipeline_pandas_only to None, run_after=None
[2025-11-05T13:54:48.389+0000] {processor.py:208} INFO - Processing /opt/airflow/dags/nba_hiking_dags.py took 0.640 seconds
[2025-11-05T13:54:54.498+0000] {processor.py:186} INFO - Started process (PID=481) to work on /opt/airflow/dags/nba_hiking_dags.py
[2025-11-05T13:54:54.499+0000] {processor.py:914} INFO - Processing file /opt/airflow/dags/nba_hiking_dags.py for tasks to queue
[2025-11-05T13:54:54.500+0000] {logging_mixin.py:190} INFO - [2025-11-05T13:54:54.500+0000] {dagbag.py:588} INFO - Filling up the DagBag from /opt/airflow/dags/nba_hiking_dags.py
[2025-11-05T13:54:54.835+0000] {processor.py:925} INFO - DAG(s) 'nba_hiking_compatibility_pipeline_pandas_only' retrieved from /opt/airflow/dags/nba_hiking_dags.py
[2025-11-05T13:54:54.841+0000] {logging_mixin.py:190} INFO - [2025-11-05T13:54:54.841+0000] {dag.py:3239} INFO - Sync 1 DAGs
[2025-11-05T13:54:54.847+0000] {logging_mixin.py:190} INFO - [2025-11-05T13:54:54.847+0000] {dag.py:4180} INFO - Setting next_dagrun for nba_hiking_compatibility_pipeline_pandas_only to None, run_after=None
[2025-11-05T13:54:54.855+0000] {processor.py:208} INFO - Processing /opt/airflow/dags/nba_hiking_dags.py took 0.363 seconds
[2025-11-05T13:55:43.166+0000] {processor.py:186} INFO - Started process (PID=184) to work on /opt/airflow/dags/nba_hiking_dags.py
[2025-11-05T13:55:43.168+0000] {processor.py:914} INFO - Processing file /opt/airflow/dags/nba_hiking_dags.py for tasks to queue
[2025-11-05T13:55:43.169+0000] {logging_mixin.py:190} INFO - [2025-11-05T13:55:43.168+0000] {dagbag.py:588} INFO - Filling up the DagBag from /opt/airflow/dags/nba_hiking_dags.py
[2025-11-05T13:55:43.657+0000] {logging_mixin.py:190} INFO - [2025-11-05T13:55:43.656+0000] {font_manager.py:1547} INFO - generated new fontManager
[2025-11-05T13:55:43.758+0000] {processor.py:925} INFO - DAG(s) 'nba_hiking_compatibility_pipeline_pandas_only' retrieved from /opt/airflow/dags/nba_hiking_dags.py
[2025-11-05T13:55:43.840+0000] {logging_mixin.py:190} INFO - [2025-11-05T13:55:43.839+0000] {override.py:1901} INFO - Created Permission View: can delete on DAG:nba_hiking_compatibility_pipeline_pandas_only
[2025-11-05T13:55:43.843+0000] {logging_mixin.py:190} INFO - [2025-11-05T13:55:43.843+0000] {override.py:1901} INFO - Created Permission View: can read on DAG:nba_hiking_compatibility_pipeline_pandas_only
[2025-11-05T13:55:43.845+0000] {logging_mixin.py:190} INFO - [2025-11-05T13:55:43.845+0000] {override.py:1901} INFO - Created Permission View: can edit on DAG:nba_hiking_compatibility_pipeline_pandas_only
[2025-11-05T13:55:43.847+0000] {logging_mixin.py:190} INFO - [2025-11-05T13:55:43.847+0000] {override.py:1901} INFO - Created Permission View: can delete on DAG Run:nba_hiking_compatibility_pipeline_pandas_only
[2025-11-05T13:55:43.849+0000] {logging_mixin.py:190} INFO - [2025-11-05T13:55:43.849+0000] {override.py:1901} INFO - Created Permission View: can create on DAG Run:nba_hiking_compatibility_pipeline_pandas_only
[2025-11-05T13:55:43.851+0000] {logging_mixin.py:190} INFO - [2025-11-05T13:55:43.851+0000] {override.py:1901} INFO - Created Permission View: can read on DAG Run:nba_hiking_compatibility_pipeline_pandas_only
[2025-11-05T13:55:43.853+0000] {logging_mixin.py:190} INFO - [2025-11-05T13:55:43.853+0000] {override.py:1901} INFO - Created Permission View: menu access on DAG Run:nba_hiking_compatibility_pipeline_pandas_only
[2025-11-05T13:55:43.853+0000] {logging_mixin.py:190} INFO - [2025-11-05T13:55:43.853+0000] {dag.py:3239} INFO - Sync 1 DAGs
[2025-11-05T13:55:43.861+0000] {logging_mixin.py:190} INFO - [2025-11-05T13:55:43.860+0000] {dag.py:3262} INFO - Creating ORM DAG for nba_hiking_compatibility_pipeline_pandas_only
[2025-11-05T13:55:43.861+0000] {logging_mixin.py:190} INFO - [2025-11-05T13:55:43.861+0000] {dag.py:4180} INFO - Setting next_dagrun for nba_hiking_compatibility_pipeline_pandas_only to None, run_after=None
[2025-11-05T13:55:43.871+0000] {processor.py:208} INFO - Processing /opt/airflow/dags/nba_hiking_dags.py took 0.715 seconds
[2025-11-05T13:56:14.227+0000] {processor.py:186} INFO - Started process (PID=192) to work on /opt/airflow/dags/nba_hiking_dags.py
[2025-11-05T13:56:14.229+0000] {processor.py:914} INFO - Processing file /opt/airflow/dags/nba_hiking_dags.py for tasks to queue
[2025-11-05T13:56:14.230+0000] {logging_mixin.py:190} INFO - [2025-11-05T13:56:14.230+0000] {dagbag.py:588} INFO - Filling up the DagBag from /opt/airflow/dags/nba_hiking_dags.py
[2025-11-05T13:56:14.704+0000] {processor.py:925} INFO - DAG(s) 'nba_hiking_compatibility_pipeline_pandas_only' retrieved from /opt/airflow/dags/nba_hiking_dags.py
[2025-11-05T13:56:14.719+0000] {logging_mixin.py:190} INFO - [2025-11-05T13:56:14.719+0000] {dag.py:3239} INFO - Sync 1 DAGs
[2025-11-05T13:56:14.727+0000] {logging_mixin.py:190} INFO - [2025-11-05T13:56:14.726+0000] {dag.py:4180} INFO - Setting next_dagrun for nba_hiking_compatibility_pipeline_pandas_only to None, run_after=None
[2025-11-05T13:56:14.734+0000] {processor.py:208} INFO - Processing /opt/airflow/dags/nba_hiking_dags.py took 0.516 seconds
[2025-11-05T13:56:44.987+0000] {processor.py:186} INFO - Started process (PID=202) to work on /opt/airflow/dags/nba_hiking_dags.py
[2025-11-05T13:56:44.988+0000] {processor.py:914} INFO - Processing file /opt/airflow/dags/nba_hiking_dags.py for tasks to queue
[2025-11-05T13:56:44.989+0000] {logging_mixin.py:190} INFO - [2025-11-05T13:56:44.989+0000] {dagbag.py:588} INFO - Filling up the DagBag from /opt/airflow/dags/nba_hiking_dags.py
[2025-11-05T13:56:45.310+0000] {processor.py:925} INFO - DAG(s) 'nba_hiking_compatibility_pipeline_pandas_only' retrieved from /opt/airflow/dags/nba_hiking_dags.py
[2025-11-05T13:56:45.327+0000] {logging_mixin.py:190} INFO - [2025-11-05T13:56:45.327+0000] {dag.py:3239} INFO - Sync 1 DAGs
[2025-11-05T13:56:45.336+0000] {logging_mixin.py:190} INFO - [2025-11-05T13:56:45.336+0000] {dag.py:4180} INFO - Setting next_dagrun for nba_hiking_compatibility_pipeline_pandas_only to None, run_after=None
[2025-11-05T13:56:45.343+0000] {processor.py:208} INFO - Processing /opt/airflow/dags/nba_hiking_dags.py took 0.363 seconds
[2025-11-05T13:57:15.761+0000] {processor.py:186} INFO - Started process (PID=208) to work on /opt/airflow/dags/nba_hiking_dags.py
[2025-11-05T13:57:15.761+0000] {processor.py:914} INFO - Processing file /opt/airflow/dags/nba_hiking_dags.py for tasks to queue
[2025-11-05T13:57:15.762+0000] {logging_mixin.py:190} INFO - [2025-11-05T13:57:15.762+0000] {dagbag.py:588} INFO - Filling up the DagBag from /opt/airflow/dags/nba_hiking_dags.py
[2025-11-05T13:57:16.018+0000] {processor.py:925} INFO - DAG(s) 'nba_hiking_compatibility_pipeline_pandas_only' retrieved from /opt/airflow/dags/nba_hiking_dags.py
[2025-11-05T13:57:16.030+0000] {logging_mixin.py:190} INFO - [2025-11-05T13:57:16.030+0000] {dag.py:3239} INFO - Sync 1 DAGs
[2025-11-05T13:57:16.036+0000] {logging_mixin.py:190} INFO - [2025-11-05T13:57:16.036+0000] {dag.py:4180} INFO - Setting next_dagrun for nba_hiking_compatibility_pipeline_pandas_only to None, run_after=None
[2025-11-05T13:57:16.044+0000] {processor.py:208} INFO - Processing /opt/airflow/dags/nba_hiking_dags.py took 0.286 seconds
[2025-11-05T13:57:46.140+0000] {processor.py:186} INFO - Started process (PID=214) to work on /opt/airflow/dags/nba_hiking_dags.py
[2025-11-05T13:57:46.141+0000] {processor.py:914} INFO - Processing file /opt/airflow/dags/nba_hiking_dags.py for tasks to queue
[2025-11-05T13:57:46.143+0000] {logging_mixin.py:190} INFO - [2025-11-05T13:57:46.143+0000] {dagbag.py:588} INFO - Filling up the DagBag from /opt/airflow/dags/nba_hiking_dags.py
[2025-11-05T13:57:46.456+0000] {processor.py:925} INFO - DAG(s) 'nba_hiking_compatibility_pipeline_pandas_only' retrieved from /opt/airflow/dags/nba_hiking_dags.py
[2025-11-05T13:57:46.473+0000] {logging_mixin.py:190} INFO - [2025-11-05T13:57:46.472+0000] {dag.py:3239} INFO - Sync 1 DAGs
[2025-11-05T13:57:46.621+0000] {logging_mixin.py:190} INFO - [2025-11-05T13:57:46.621+0000] {dag.py:4180} INFO - Setting next_dagrun for nba_hiking_compatibility_pipeline_pandas_only to None, run_after=None
[2025-11-05T13:57:46.629+0000] {processor.py:208} INFO - Processing /opt/airflow/dags/nba_hiking_dags.py took 0.497 seconds
[2025-11-05T13:58:17.008+0000] {processor.py:186} INFO - Started process (PID=220) to work on /opt/airflow/dags/nba_hiking_dags.py
[2025-11-05T13:58:17.009+0000] {processor.py:914} INFO - Processing file /opt/airflow/dags/nba_hiking_dags.py for tasks to queue
[2025-11-05T13:58:17.011+0000] {logging_mixin.py:190} INFO - [2025-11-05T13:58:17.010+0000] {dagbag.py:588} INFO - Filling up the DagBag from /opt/airflow/dags/nba_hiking_dags.py
[2025-11-05T13:58:17.303+0000] {processor.py:925} INFO - DAG(s) 'nba_hiking_compatibility_pipeline_pandas_only' retrieved from /opt/airflow/dags/nba_hiking_dags.py
[2025-11-05T13:58:17.318+0000] {logging_mixin.py:190} INFO - [2025-11-05T13:58:17.317+0000] {dag.py:3239} INFO - Sync 1 DAGs
[2025-11-05T13:58:17.325+0000] {logging_mixin.py:190} INFO - [2025-11-05T13:58:17.325+0000] {dag.py:4180} INFO - Setting next_dagrun for nba_hiking_compatibility_pipeline_pandas_only to None, run_after=None
[2025-11-05T13:58:17.332+0000] {processor.py:208} INFO - Processing /opt/airflow/dags/nba_hiking_dags.py took 0.332 seconds
[2025-11-05T13:58:47.405+0000] {processor.py:186} INFO - Started process (PID=226) to work on /opt/airflow/dags/nba_hiking_dags.py
[2025-11-05T13:58:47.407+0000] {processor.py:914} INFO - Processing file /opt/airflow/dags/nba_hiking_dags.py for tasks to queue
[2025-11-05T13:58:47.408+0000] {logging_mixin.py:190} INFO - [2025-11-05T13:58:47.408+0000] {dagbag.py:588} INFO - Filling up the DagBag from /opt/airflow/dags/nba_hiking_dags.py
[2025-11-05T13:58:47.749+0000] {processor.py:925} INFO - DAG(s) 'nba_hiking_compatibility_pipeline_pandas_only' retrieved from /opt/airflow/dags/nba_hiking_dags.py
[2025-11-05T13:58:47.769+0000] {logging_mixin.py:190} INFO - [2025-11-05T13:58:47.769+0000] {dag.py:3239} INFO - Sync 1 DAGs
[2025-11-05T13:58:47.777+0000] {logging_mixin.py:190} INFO - [2025-11-05T13:58:47.777+0000] {dag.py:4180} INFO - Setting next_dagrun for nba_hiking_compatibility_pipeline_pandas_only to None, run_after=None
[2025-11-05T13:58:47.786+0000] {processor.py:208} INFO - Processing /opt/airflow/dags/nba_hiking_dags.py took 0.403 seconds
[2025-11-05T13:59:18.144+0000] {processor.py:186} INFO - Started process (PID=232) to work on /opt/airflow/dags/nba_hiking_dags.py
[2025-11-05T13:59:18.146+0000] {processor.py:914} INFO - Processing file /opt/airflow/dags/nba_hiking_dags.py for tasks to queue
[2025-11-05T13:59:18.147+0000] {logging_mixin.py:190} INFO - [2025-11-05T13:59:18.147+0000] {dagbag.py:588} INFO - Filling up the DagBag from /opt/airflow/dags/nba_hiking_dags.py
[2025-11-05T13:59:18.533+0000] {processor.py:925} INFO - DAG(s) 'nba_hiking_compatibility_pipeline_pandas_only' retrieved from /opt/airflow/dags/nba_hiking_dags.py
[2025-11-05T13:59:18.555+0000] {logging_mixin.py:190} INFO - [2025-11-05T13:59:18.555+0000] {dag.py:3239} INFO - Sync 1 DAGs
[2025-11-05T13:59:18.743+0000] {logging_mixin.py:190} INFO - [2025-11-05T13:59:18.743+0000] {dag.py:4180} INFO - Setting next_dagrun for nba_hiking_compatibility_pipeline_pandas_only to None, run_after=None
[2025-11-05T13:59:18.751+0000] {processor.py:208} INFO - Processing /opt/airflow/dags/nba_hiking_dags.py took 0.623 seconds
[2025-11-05T13:59:49.181+0000] {processor.py:186} INFO - Started process (PID=238) to work on /opt/airflow/dags/nba_hiking_dags.py
[2025-11-05T13:59:49.182+0000] {processor.py:914} INFO - Processing file /opt/airflow/dags/nba_hiking_dags.py for tasks to queue
[2025-11-05T13:59:49.184+0000] {logging_mixin.py:190} INFO - [2025-11-05T13:59:49.183+0000] {dagbag.py:588} INFO - Filling up the DagBag from /opt/airflow/dags/nba_hiking_dags.py
[2025-11-05T13:59:49.553+0000] {processor.py:925} INFO - DAG(s) 'nba_hiking_compatibility_pipeline_pandas_only' retrieved from /opt/airflow/dags/nba_hiking_dags.py
[2025-11-05T13:59:49.577+0000] {logging_mixin.py:190} INFO - [2025-11-05T13:59:49.577+0000] {dag.py:3239} INFO - Sync 1 DAGs
[2025-11-05T13:59:49.587+0000] {logging_mixin.py:190} INFO - [2025-11-05T13:59:49.586+0000] {dag.py:4180} INFO - Setting next_dagrun for nba_hiking_compatibility_pipeline_pandas_only to None, run_after=None
[2025-11-05T13:59:49.595+0000] {processor.py:208} INFO - Processing /opt/airflow/dags/nba_hiking_dags.py took 0.424 seconds
[2025-11-05T14:00:19.791+0000] {processor.py:186} INFO - Started process (PID=244) to work on /opt/airflow/dags/nba_hiking_dags.py
[2025-11-05T14:00:19.791+0000] {processor.py:914} INFO - Processing file /opt/airflow/dags/nba_hiking_dags.py for tasks to queue
[2025-11-05T14:00:19.792+0000] {logging_mixin.py:190} INFO - [2025-11-05T14:00:19.792+0000] {dagbag.py:588} INFO - Filling up the DagBag from /opt/airflow/dags/nba_hiking_dags.py
[2025-11-05T14:00:20.147+0000] {processor.py:925} INFO - DAG(s) 'nba_hiking_compatibility_pipeline_pandas_only' retrieved from /opt/airflow/dags/nba_hiking_dags.py
[2025-11-05T14:00:20.164+0000] {logging_mixin.py:190} INFO - [2025-11-05T14:00:20.164+0000] {dag.py:3239} INFO - Sync 1 DAGs
[2025-11-05T14:00:20.173+0000] {logging_mixin.py:190} INFO - [2025-11-05T14:00:20.173+0000] {dag.py:4180} INFO - Setting next_dagrun for nba_hiking_compatibility_pipeline_pandas_only to None, run_after=None
[2025-11-05T14:00:20.182+0000] {processor.py:208} INFO - Processing /opt/airflow/dags/nba_hiking_dags.py took 0.401 seconds
[2025-11-05T14:00:50.277+0000] {processor.py:186} INFO - Started process (PID=250) to work on /opt/airflow/dags/nba_hiking_dags.py
[2025-11-05T14:00:50.278+0000] {processor.py:914} INFO - Processing file /opt/airflow/dags/nba_hiking_dags.py for tasks to queue
[2025-11-05T14:00:50.284+0000] {logging_mixin.py:190} INFO - [2025-11-05T14:00:50.283+0000] {dagbag.py:588} INFO - Filling up the DagBag from /opt/airflow/dags/nba_hiking_dags.py
[2025-11-05T14:00:50.655+0000] {processor.py:925} INFO - DAG(s) 'nba_hiking_compatibility_pipeline_pandas_only' retrieved from /opt/airflow/dags/nba_hiking_dags.py
[2025-11-05T14:00:50.672+0000] {logging_mixin.py:190} INFO - [2025-11-05T14:00:50.672+0000] {dag.py:3239} INFO - Sync 1 DAGs
[2025-11-05T14:00:50.838+0000] {logging_mixin.py:190} INFO - [2025-11-05T14:00:50.838+0000] {dag.py:4180} INFO - Setting next_dagrun for nba_hiking_compatibility_pipeline_pandas_only to None, run_after=None
[2025-11-05T14:00:50.847+0000] {processor.py:208} INFO - Processing /opt/airflow/dags/nba_hiking_dags.py took 0.577 seconds
[2025-11-05T14:01:21.216+0000] {processor.py:186} INFO - Started process (PID=256) to work on /opt/airflow/dags/nba_hiking_dags.py
[2025-11-05T14:01:21.217+0000] {processor.py:914} INFO - Processing file /opt/airflow/dags/nba_hiking_dags.py for tasks to queue
[2025-11-05T14:01:21.219+0000] {logging_mixin.py:190} INFO - [2025-11-05T14:01:21.218+0000] {dagbag.py:588} INFO - Filling up the DagBag from /opt/airflow/dags/nba_hiking_dags.py
[2025-11-05T14:01:21.530+0000] {processor.py:925} INFO - DAG(s) 'nba_hiking_compatibility_pipeline_pandas_only' retrieved from /opt/airflow/dags/nba_hiking_dags.py
[2025-11-05T14:01:21.548+0000] {logging_mixin.py:190} INFO - [2025-11-05T14:01:21.547+0000] {dag.py:3239} INFO - Sync 1 DAGs
[2025-11-05T14:01:21.556+0000] {logging_mixin.py:190} INFO - [2025-11-05T14:01:21.556+0000] {dag.py:4180} INFO - Setting next_dagrun for nba_hiking_compatibility_pipeline_pandas_only to None, run_after=None
[2025-11-05T14:01:21.564+0000] {processor.py:208} INFO - Processing /opt/airflow/dags/nba_hiking_dags.py took 0.359 seconds
[2025-11-05T14:01:51.925+0000] {processor.py:186} INFO - Started process (PID=262) to work on /opt/airflow/dags/nba_hiking_dags.py
[2025-11-05T14:01:51.926+0000] {processor.py:914} INFO - Processing file /opt/airflow/dags/nba_hiking_dags.py for tasks to queue
[2025-11-05T14:01:51.927+0000] {logging_mixin.py:190} INFO - [2025-11-05T14:01:51.927+0000] {dagbag.py:588} INFO - Filling up the DagBag from /opt/airflow/dags/nba_hiking_dags.py
[2025-11-05T14:01:52.226+0000] {processor.py:925} INFO - DAG(s) 'nba_hiking_compatibility_pipeline_pandas_only' retrieved from /opt/airflow/dags/nba_hiking_dags.py
[2025-11-05T14:01:52.241+0000] {logging_mixin.py:190} INFO - [2025-11-05T14:01:52.241+0000] {dag.py:3239} INFO - Sync 1 DAGs
[2025-11-05T14:01:52.249+0000] {logging_mixin.py:190} INFO - [2025-11-05T14:01:52.249+0000] {dag.py:4180} INFO - Setting next_dagrun for nba_hiking_compatibility_pipeline_pandas_only to None, run_after=None
[2025-11-05T14:01:52.257+0000] {processor.py:208} INFO - Processing /opt/airflow/dags/nba_hiking_dags.py took 0.344 seconds
[2025-11-05T14:02:22.296+0000] {processor.py:186} INFO - Started process (PID=268) to work on /opt/airflow/dags/nba_hiking_dags.py
[2025-11-05T14:02:22.297+0000] {processor.py:914} INFO - Processing file /opt/airflow/dags/nba_hiking_dags.py for tasks to queue
[2025-11-05T14:02:22.298+0000] {logging_mixin.py:190} INFO - [2025-11-05T14:02:22.297+0000] {dagbag.py:588} INFO - Filling up the DagBag from /opt/airflow/dags/nba_hiking_dags.py
[2025-11-05T14:02:22.547+0000] {processor.py:925} INFO - DAG(s) 'nba_hiking_compatibility_pipeline_pandas_only' retrieved from /opt/airflow/dags/nba_hiking_dags.py
[2025-11-05T14:02:22.559+0000] {logging_mixin.py:190} INFO - [2025-11-05T14:02:22.558+0000] {dag.py:3239} INFO - Sync 1 DAGs
[2025-11-05T14:02:22.703+0000] {logging_mixin.py:190} INFO - [2025-11-05T14:02:22.703+0000] {dag.py:4180} INFO - Setting next_dagrun for nba_hiking_compatibility_pipeline_pandas_only to None, run_after=None
[2025-11-05T14:02:22.711+0000] {processor.py:208} INFO - Processing /opt/airflow/dags/nba_hiking_dags.py took 0.422 seconds
[2025-11-05T14:02:53.028+0000] {processor.py:186} INFO - Started process (PID=274) to work on /opt/airflow/dags/nba_hiking_dags.py
[2025-11-05T14:02:53.029+0000] {processor.py:914} INFO - Processing file /opt/airflow/dags/nba_hiking_dags.py for tasks to queue
[2025-11-05T14:02:53.031+0000] {logging_mixin.py:190} INFO - [2025-11-05T14:02:53.031+0000] {dagbag.py:588} INFO - Filling up the DagBag from /opt/airflow/dags/nba_hiking_dags.py
[2025-11-05T14:02:53.286+0000] {processor.py:925} INFO - DAG(s) 'nba_hiking_compatibility_pipeline_pandas_only' retrieved from /opt/airflow/dags/nba_hiking_dags.py
[2025-11-05T14:02:53.380+0000] {logging_mixin.py:190} INFO - [2025-11-05T14:02:53.380+0000] {dag.py:3239} INFO - Sync 1 DAGs
[2025-11-05T14:02:53.385+0000] {logging_mixin.py:190} INFO - [2025-11-05T14:02:53.385+0000] {dag.py:4180} INFO - Setting next_dagrun for nba_hiking_compatibility_pipeline_pandas_only to None, run_after=None
[2025-11-05T14:02:53.392+0000] {processor.py:208} INFO - Processing /opt/airflow/dags/nba_hiking_dags.py took 0.372 seconds
[2025-11-05T14:03:23.780+0000] {processor.py:186} INFO - Started process (PID=280) to work on /opt/airflow/dags/nba_hiking_dags.py
[2025-11-05T14:03:23.781+0000] {processor.py:914} INFO - Processing file /opt/airflow/dags/nba_hiking_dags.py for tasks to queue
[2025-11-05T14:03:23.782+0000] {logging_mixin.py:190} INFO - [2025-11-05T14:03:23.782+0000] {dagbag.py:588} INFO - Filling up the DagBag from /opt/airflow/dags/nba_hiking_dags.py
[2025-11-05T14:03:24.100+0000] {processor.py:925} INFO - DAG(s) 'nba_hiking_compatibility_pipeline_pandas_only' retrieved from /opt/airflow/dags/nba_hiking_dags.py
[2025-11-05T14:03:24.121+0000] {logging_mixin.py:190} INFO - [2025-11-05T14:03:24.121+0000] {dag.py:3239} INFO - Sync 1 DAGs
[2025-11-05T14:03:24.133+0000] {logging_mixin.py:190} INFO - [2025-11-05T14:03:24.133+0000] {dag.py:4180} INFO - Setting next_dagrun for nba_hiking_compatibility_pipeline_pandas_only to None, run_after=None
[2025-11-05T14:03:24.142+0000] {processor.py:208} INFO - Processing /opt/airflow/dags/nba_hiking_dags.py took 0.385 seconds
[2025-11-05T14:03:54.520+0000] {processor.py:186} INFO - Started process (PID=286) to work on /opt/airflow/dags/nba_hiking_dags.py
[2025-11-05T14:03:54.521+0000] {processor.py:914} INFO - Processing file /opt/airflow/dags/nba_hiking_dags.py for tasks to queue
[2025-11-05T14:03:54.522+0000] {logging_mixin.py:190} INFO - [2025-11-05T14:03:54.522+0000] {dagbag.py:588} INFO - Filling up the DagBag from /opt/airflow/dags/nba_hiking_dags.py
[2025-11-05T14:03:54.835+0000] {processor.py:925} INFO - DAG(s) 'nba_hiking_compatibility_pipeline_pandas_only' retrieved from /opt/airflow/dags/nba_hiking_dags.py
[2025-11-05T14:03:54.851+0000] {logging_mixin.py:190} INFO - [2025-11-05T14:03:54.851+0000] {dag.py:3239} INFO - Sync 1 DAGs
[2025-11-05T14:03:55.031+0000] {logging_mixin.py:190} INFO - [2025-11-05T14:03:55.031+0000] {dag.py:4180} INFO - Setting next_dagrun for nba_hiking_compatibility_pipeline_pandas_only to None, run_after=None
[2025-11-05T14:03:55.038+0000] {processor.py:208} INFO - Processing /opt/airflow/dags/nba_hiking_dags.py took 0.531 seconds
[2025-11-05T14:04:25.385+0000] {processor.py:186} INFO - Started process (PID=292) to work on /opt/airflow/dags/nba_hiking_dags.py
[2025-11-05T14:04:25.387+0000] {processor.py:914} INFO - Processing file /opt/airflow/dags/nba_hiking_dags.py for tasks to queue
[2025-11-05T14:04:25.388+0000] {logging_mixin.py:190} INFO - [2025-11-05T14:04:25.388+0000] {dagbag.py:588} INFO - Filling up the DagBag from /opt/airflow/dags/nba_hiking_dags.py
[2025-11-05T14:04:25.736+0000] {processor.py:925} INFO - DAG(s) 'nba_hiking_compatibility_pipeline_pandas_only' retrieved from /opt/airflow/dags/nba_hiking_dags.py
[2025-11-05T14:04:25.917+0000] {logging_mixin.py:190} INFO - [2025-11-05T14:04:25.916+0000] {dag.py:3239} INFO - Sync 1 DAGs
[2025-11-05T14:04:25.922+0000] {logging_mixin.py:190} INFO - [2025-11-05T14:04:25.922+0000] {dag.py:4180} INFO - Setting next_dagrun for nba_hiking_compatibility_pipeline_pandas_only to None, run_after=None
[2025-11-05T14:04:25.929+0000] {processor.py:208} INFO - Processing /opt/airflow/dags/nba_hiking_dags.py took 0.556 seconds
[2025-11-05T14:04:56.145+0000] {processor.py:186} INFO - Started process (PID=298) to work on /opt/airflow/dags/nba_hiking_dags.py
[2025-11-05T14:04:56.147+0000] {processor.py:914} INFO - Processing file /opt/airflow/dags/nba_hiking_dags.py for tasks to queue
[2025-11-05T14:04:56.148+0000] {logging_mixin.py:190} INFO - [2025-11-05T14:04:56.147+0000] {dagbag.py:588} INFO - Filling up the DagBag from /opt/airflow/dags/nba_hiking_dags.py
[2025-11-05T14:04:56.564+0000] {processor.py:925} INFO - DAG(s) 'nba_hiking_compatibility_pipeline_pandas_only' retrieved from /opt/airflow/dags/nba_hiking_dags.py
[2025-11-05T14:04:56.592+0000] {logging_mixin.py:190} INFO - [2025-11-05T14:04:56.591+0000] {dag.py:3239} INFO - Sync 1 DAGs
[2025-11-05T14:04:56.601+0000] {logging_mixin.py:190} INFO - [2025-11-05T14:04:56.600+0000] {dag.py:4180} INFO - Setting next_dagrun for nba_hiking_compatibility_pipeline_pandas_only to None, run_after=None
[2025-11-05T14:04:56.610+0000] {processor.py:208} INFO - Processing /opt/airflow/dags/nba_hiking_dags.py took 0.475 seconds
[2025-11-05T14:05:26.988+0000] {processor.py:186} INFO - Started process (PID=304) to work on /opt/airflow/dags/nba_hiking_dags.py
[2025-11-05T14:05:26.990+0000] {processor.py:914} INFO - Processing file /opt/airflow/dags/nba_hiking_dags.py for tasks to queue
[2025-11-05T14:05:26.991+0000] {logging_mixin.py:190} INFO - [2025-11-05T14:05:26.991+0000] {dagbag.py:588} INFO - Filling up the DagBag from /opt/airflow/dags/nba_hiking_dags.py
[2025-11-05T14:05:27.364+0000] {processor.py:925} INFO - DAG(s) 'nba_hiking_compatibility_pipeline_pandas_only' retrieved from /opt/airflow/dags/nba_hiking_dags.py
[2025-11-05T14:05:27.389+0000] {logging_mixin.py:190} INFO - [2025-11-05T14:05:27.389+0000] {dag.py:3239} INFO - Sync 1 DAGs
[2025-11-05T14:05:27.531+0000] {logging_mixin.py:190} INFO - [2025-11-05T14:05:27.530+0000] {dag.py:4180} INFO - Setting next_dagrun for nba_hiking_compatibility_pipeline_pandas_only to None, run_after=None
[2025-11-05T14:05:27.539+0000] {processor.py:208} INFO - Processing /opt/airflow/dags/nba_hiking_dags.py took 0.566 seconds
[2025-11-05T14:05:57.838+0000] {processor.py:186} INFO - Started process (PID=310) to work on /opt/airflow/dags/nba_hiking_dags.py
[2025-11-05T14:05:57.839+0000] {processor.py:914} INFO - Processing file /opt/airflow/dags/nba_hiking_dags.py for tasks to queue
[2025-11-05T14:05:57.840+0000] {logging_mixin.py:190} INFO - [2025-11-05T14:05:57.840+0000] {dagbag.py:588} INFO - Filling up the DagBag from /opt/airflow/dags/nba_hiking_dags.py
[2025-11-05T14:05:58.089+0000] {processor.py:925} INFO - DAG(s) 'nba_hiking_compatibility_pipeline_pandas_only' retrieved from /opt/airflow/dags/nba_hiking_dags.py
[2025-11-05T14:05:58.175+0000] {logging_mixin.py:190} INFO - [2025-11-05T14:05:58.175+0000] {dag.py:3239} INFO - Sync 1 DAGs
[2025-11-05T14:05:58.180+0000] {logging_mixin.py:190} INFO - [2025-11-05T14:05:58.180+0000] {dag.py:4180} INFO - Setting next_dagrun for nba_hiking_compatibility_pipeline_pandas_only to None, run_after=None
[2025-11-05T14:05:58.187+0000] {processor.py:208} INFO - Processing /opt/airflow/dags/nba_hiking_dags.py took 0.357 seconds
[2025-11-05T14:06:28.514+0000] {processor.py:186} INFO - Started process (PID=316) to work on /opt/airflow/dags/nba_hiking_dags.py
[2025-11-05T14:06:28.515+0000] {processor.py:914} INFO - Processing file /opt/airflow/dags/nba_hiking_dags.py for tasks to queue
[2025-11-05T14:06:28.516+0000] {logging_mixin.py:190} INFO - [2025-11-05T14:06:28.516+0000] {dagbag.py:588} INFO - Filling up the DagBag from /opt/airflow/dags/nba_hiking_dags.py
[2025-11-05T14:06:28.769+0000] {processor.py:925} INFO - DAG(s) 'nba_hiking_compatibility_pipeline_pandas_only' retrieved from /opt/airflow/dags/nba_hiking_dags.py
[2025-11-05T14:06:28.779+0000] {logging_mixin.py:190} INFO - [2025-11-05T14:06:28.779+0000] {dag.py:3239} INFO - Sync 1 DAGs
[2025-11-05T14:06:28.785+0000] {logging_mixin.py:190} INFO - [2025-11-05T14:06:28.784+0000] {dag.py:4180} INFO - Setting next_dagrun for nba_hiking_compatibility_pipeline_pandas_only to None, run_after=None
[2025-11-05T14:06:28.791+0000] {processor.py:208} INFO - Processing /opt/airflow/dags/nba_hiking_dags.py took 0.284 seconds
[2025-11-05T14:07:14.503+0000] {processor.py:186} INFO - Started process (PID=184) to work on /opt/airflow/dags/nba_hiking_dags.py
[2025-11-05T14:07:14.504+0000] {processor.py:914} INFO - Processing file /opt/airflow/dags/nba_hiking_dags.py for tasks to queue
[2025-11-05T14:07:14.506+0000] {logging_mixin.py:190} INFO - [2025-11-05T14:07:14.505+0000] {dagbag.py:588} INFO - Filling up the DagBag from /opt/airflow/dags/nba_hiking_dags.py
[2025-11-05T14:07:14.983+0000] {logging_mixin.py:190} INFO - [2025-11-05T14:07:14.982+0000] {font_manager.py:1547} INFO - generated new fontManager
[2025-11-05T14:07:15.117+0000] {processor.py:925} INFO - DAG(s) 'nba_hiking_compatibility_pipeline_pandas_only' retrieved from /opt/airflow/dags/nba_hiking_dags.py
[2025-11-05T14:07:15.352+0000] {logging_mixin.py:190} INFO - [2025-11-05T14:07:15.351+0000] {override.py:1901} INFO - Created Permission View: can delete on DAG:nba_hiking_compatibility_pipeline_pandas_only
[2025-11-05T14:07:15.357+0000] {logging_mixin.py:190} INFO - [2025-11-05T14:07:15.357+0000] {override.py:1901} INFO - Created Permission View: can edit on DAG:nba_hiking_compatibility_pipeline_pandas_only
[2025-11-05T14:07:15.362+0000] {logging_mixin.py:190} INFO - [2025-11-05T14:07:15.362+0000] {override.py:1901} INFO - Created Permission View: can read on DAG:nba_hiking_compatibility_pipeline_pandas_only
[2025-11-05T14:07:15.367+0000] {logging_mixin.py:190} INFO - [2025-11-05T14:07:15.367+0000] {override.py:1901} INFO - Created Permission View: can delete on DAG Run:nba_hiking_compatibility_pipeline_pandas_only
[2025-11-05T14:07:15.374+0000] {logging_mixin.py:190} INFO - [2025-11-05T14:07:15.374+0000] {override.py:1901} INFO - Created Permission View: can create on DAG Run:nba_hiking_compatibility_pipeline_pandas_only
[2025-11-05T14:07:15.382+0000] {logging_mixin.py:190} INFO - [2025-11-05T14:07:15.382+0000] {override.py:1901} INFO - Created Permission View: menu access on DAG Run:nba_hiking_compatibility_pipeline_pandas_only
[2025-11-05T14:07:15.389+0000] {logging_mixin.py:190} INFO - [2025-11-05T14:07:15.389+0000] {override.py:1901} INFO - Created Permission View: can read on DAG Run:nba_hiking_compatibility_pipeline_pandas_only
[2025-11-05T14:07:15.390+0000] {logging_mixin.py:190} INFO - [2025-11-05T14:07:15.389+0000] {dag.py:3239} INFO - Sync 1 DAGs
[2025-11-05T14:07:15.413+0000] {logging_mixin.py:190} INFO - [2025-11-05T14:07:15.413+0000] {dag.py:3262} INFO - Creating ORM DAG for nba_hiking_compatibility_pipeline_pandas_only
[2025-11-05T14:07:15.413+0000] {logging_mixin.py:190} INFO - [2025-11-05T14:07:15.413+0000] {dag.py:4180} INFO - Setting next_dagrun for nba_hiking_compatibility_pipeline_pandas_only to None, run_after=None
[2025-11-05T14:07:15.426+0000] {processor.py:208} INFO - Processing /opt/airflow/dags/nba_hiking_dags.py took 0.928 seconds
[2025-11-05T14:07:45.702+0000] {processor.py:186} INFO - Started process (PID=192) to work on /opt/airflow/dags/nba_hiking_dags.py
[2025-11-05T14:07:45.703+0000] {processor.py:914} INFO - Processing file /opt/airflow/dags/nba_hiking_dags.py for tasks to queue
[2025-11-05T14:07:45.704+0000] {logging_mixin.py:190} INFO - [2025-11-05T14:07:45.704+0000] {dagbag.py:588} INFO - Filling up the DagBag from /opt/airflow/dags/nba_hiking_dags.py
[2025-11-05T14:07:46.069+0000] {processor.py:925} INFO - DAG(s) 'nba_hiking_compatibility_pipeline_pandas_only' retrieved from /opt/airflow/dags/nba_hiking_dags.py
[2025-11-05T14:07:46.079+0000] {logging_mixin.py:190} INFO - [2025-11-05T14:07:46.079+0000] {dag.py:3239} INFO - Sync 1 DAGs
[2025-11-05T14:07:46.085+0000] {logging_mixin.py:190} INFO - [2025-11-05T14:07:46.085+0000] {dag.py:4180} INFO - Setting next_dagrun for nba_hiking_compatibility_pipeline_pandas_only to None, run_after=None
[2025-11-05T14:07:46.091+0000] {processor.py:208} INFO - Processing /opt/airflow/dags/nba_hiking_dags.py took 0.398 seconds
[2025-11-05T14:08:16.366+0000] {processor.py:186} INFO - Started process (PID=217) to work on /opt/airflow/dags/nba_hiking_dags.py
[2025-11-05T14:08:16.367+0000] {processor.py:914} INFO - Processing file /opt/airflow/dags/nba_hiking_dags.py for tasks to queue
[2025-11-05T14:08:16.368+0000] {logging_mixin.py:190} INFO - [2025-11-05T14:08:16.368+0000] {dagbag.py:588} INFO - Filling up the DagBag from /opt/airflow/dags/nba_hiking_dags.py
[2025-11-05T14:08:16.835+0000] {processor.py:925} INFO - DAG(s) 'nba_hiking_compatibility_pipeline_pandas_only' retrieved from /opt/airflow/dags/nba_hiking_dags.py
[2025-11-05T14:08:16.848+0000] {logging_mixin.py:190} INFO - [2025-11-05T14:08:16.848+0000] {dag.py:3239} INFO - Sync 1 DAGs
[2025-11-05T14:08:16.853+0000] {logging_mixin.py:190} INFO - [2025-11-05T14:08:16.853+0000] {dag.py:4180} INFO - Setting next_dagrun for nba_hiking_compatibility_pipeline_pandas_only to None, run_after=None
[2025-11-05T14:08:16.860+0000] {processor.py:208} INFO - Processing /opt/airflow/dags/nba_hiking_dags.py took 0.503 seconds
[2025-11-05T14:08:46.956+0000] {processor.py:186} INFO - Started process (PID=223) to work on /opt/airflow/dags/nba_hiking_dags.py
[2025-11-05T14:08:46.956+0000] {processor.py:914} INFO - Processing file /opt/airflow/dags/nba_hiking_dags.py for tasks to queue
[2025-11-05T14:08:46.958+0000] {logging_mixin.py:190} INFO - [2025-11-05T14:08:46.957+0000] {dagbag.py:588} INFO - Filling up the DagBag from /opt/airflow/dags/nba_hiking_dags.py
[2025-11-05T14:08:47.292+0000] {processor.py:925} INFO - DAG(s) 'nba_hiking_compatibility_pipeline_pandas_only' retrieved from /opt/airflow/dags/nba_hiking_dags.py
[2025-11-05T14:08:47.317+0000] {logging_mixin.py:190} INFO - [2025-11-05T14:08:47.317+0000] {dag.py:3239} INFO - Sync 1 DAGs
[2025-11-05T14:08:47.326+0000] {logging_mixin.py:190} INFO - [2025-11-05T14:08:47.326+0000] {dag.py:4180} INFO - Setting next_dagrun for nba_hiking_compatibility_pipeline_pandas_only to None, run_after=None
[2025-11-05T14:08:47.336+0000] {processor.py:208} INFO - Processing /opt/airflow/dags/nba_hiking_dags.py took 0.388 seconds
[2025-11-05T14:09:17.463+0000] {processor.py:186} INFO - Started process (PID=229) to work on /opt/airflow/dags/nba_hiking_dags.py
[2025-11-05T14:09:17.464+0000] {processor.py:914} INFO - Processing file /opt/airflow/dags/nba_hiking_dags.py for tasks to queue
[2025-11-05T14:09:17.465+0000] {logging_mixin.py:190} INFO - [2025-11-05T14:09:17.465+0000] {dagbag.py:588} INFO - Filling up the DagBag from /opt/airflow/dags/nba_hiking_dags.py
[2025-11-05T14:09:17.716+0000] {processor.py:925} INFO - DAG(s) 'nba_hiking_compatibility_pipeline_pandas_only' retrieved from /opt/airflow/dags/nba_hiking_dags.py
[2025-11-05T14:09:17.728+0000] {logging_mixin.py:190} INFO - [2025-11-05T14:09:17.728+0000] {dag.py:3239} INFO - Sync 1 DAGs
[2025-11-05T14:09:17.863+0000] {logging_mixin.py:190} INFO - [2025-11-05T14:09:17.863+0000] {dag.py:4180} INFO - Setting next_dagrun for nba_hiking_compatibility_pipeline_pandas_only to None, run_after=None
[2025-11-05T14:09:17.870+0000] {processor.py:208} INFO - Processing /opt/airflow/dags/nba_hiking_dags.py took 0.416 seconds
[2025-11-05T14:09:36.070+0000] {processor.py:186} INFO - Started process (PID=235) to work on /opt/airflow/dags/nba_hiking_dags.py
[2025-11-05T14:09:36.071+0000] {processor.py:914} INFO - Processing file /opt/airflow/dags/nba_hiking_dags.py for tasks to queue
[2025-11-05T14:09:36.072+0000] {logging_mixin.py:190} INFO - [2025-11-05T14:09:36.071+0000] {dagbag.py:588} INFO - Filling up the DagBag from /opt/airflow/dags/nba_hiking_dags.py
[2025-11-05T14:09:36.325+0000] {processor.py:925} INFO - DAG(s) 'nba_hiking_compatibility_pipeline_pandas_only' retrieved from /opt/airflow/dags/nba_hiking_dags.py
[2025-11-05T14:09:36.336+0000] {logging_mixin.py:190} INFO - [2025-11-05T14:09:36.336+0000] {dag.py:3239} INFO - Sync 1 DAGs
[2025-11-05T14:09:36.342+0000] {logging_mixin.py:190} INFO - [2025-11-05T14:09:36.342+0000] {dag.py:4180} INFO - Setting next_dagrun for nba_hiking_compatibility_pipeline_pandas_only to None, run_after=None
[2025-11-05T14:09:36.350+0000] {processor.py:208} INFO - Processing /opt/airflow/dags/nba_hiking_dags.py took 0.288 seconds
[2025-11-05T14:10:06.424+0000] {processor.py:186} INFO - Started process (PID=241) to work on /opt/airflow/dags/nba_hiking_dags.py
[2025-11-05T14:10:06.425+0000] {processor.py:914} INFO - Processing file /opt/airflow/dags/nba_hiking_dags.py for tasks to queue
[2025-11-05T14:10:06.426+0000] {logging_mixin.py:190} INFO - [2025-11-05T14:10:06.425+0000] {dagbag.py:588} INFO - Filling up the DagBag from /opt/airflow/dags/nba_hiking_dags.py
[2025-11-05T14:10:06.750+0000] {processor.py:925} INFO - DAG(s) 'nba_hiking_compatibility_pipeline_pandas_only' retrieved from /opt/airflow/dags/nba_hiking_dags.py
[2025-11-05T14:10:06.776+0000] {logging_mixin.py:190} INFO - [2025-11-05T14:10:06.775+0000] {dag.py:3239} INFO - Sync 1 DAGs
[2025-11-05T14:10:06.783+0000] {logging_mixin.py:190} INFO - [2025-11-05T14:10:06.783+0000] {dag.py:4180} INFO - Setting next_dagrun for nba_hiking_compatibility_pipeline_pandas_only to None, run_after=None
[2025-11-05T14:10:06.791+0000] {processor.py:208} INFO - Processing /opt/airflow/dags/nba_hiking_dags.py took 0.376 seconds
[2025-11-05T14:10:36.998+0000] {processor.py:186} INFO - Started process (PID=247) to work on /opt/airflow/dags/nba_hiking_dags.py
[2025-11-05T14:10:36.999+0000] {processor.py:914} INFO - Processing file /opt/airflow/dags/nba_hiking_dags.py for tasks to queue
[2025-11-05T14:10:37.000+0000] {logging_mixin.py:190} INFO - [2025-11-05T14:10:37.000+0000] {dagbag.py:588} INFO - Filling up the DagBag from /opt/airflow/dags/nba_hiking_dags.py
[2025-11-05T14:10:37.256+0000] {processor.py:925} INFO - DAG(s) 'nba_hiking_compatibility_pipeline_pandas_only' retrieved from /opt/airflow/dags/nba_hiking_dags.py
[2025-11-05T14:10:37.267+0000] {logging_mixin.py:190} INFO - [2025-11-05T14:10:37.267+0000] {dag.py:3239} INFO - Sync 1 DAGs
[2025-11-05T14:10:37.422+0000] {logging_mixin.py:190} INFO - [2025-11-05T14:10:37.422+0000] {dag.py:4180} INFO - Setting next_dagrun for nba_hiking_compatibility_pipeline_pandas_only to None, run_after=None
[2025-11-05T14:10:37.434+0000] {processor.py:208} INFO - Processing /opt/airflow/dags/nba_hiking_dags.py took 0.443 seconds
