[2025-12-15T13:41:56.319+0000] {processor.py:186} INFO - Started process (PID=211) to work on /opt/airflow/dags/rookie_hiker_dag.py
[2025-12-15T13:41:56.320+0000] {processor.py:914} INFO - Processing file /opt/airflow/dags/rookie_hiker_dag.py for tasks to queue
[2025-12-15T13:41:56.323+0000] {logging_mixin.py:190} INFO - [2025-12-15T13:41:56.322+0000] {dagbag.py:588} INFO - Filling up the DagBag from /opt/airflow/dags/rookie_hiker_dag.py
[2025-12-15T13:41:58.051+0000] {logging_mixin.py:190} INFO - [2025-12-15T13:41:58.050+0000] {font_manager.py:1547} INFO - generated new fontManager
[2025-12-15T13:41:58.377+0000] {processor.py:925} INFO - DAG(s) 'rookie_hiker_dag' retrieved from /opt/airflow/dags/rookie_hiker_dag.py
[2025-12-15T13:41:58.589+0000] {logging_mixin.py:190} INFO - [2025-12-15T13:41:58.588+0000] {override.py:1901} INFO - Created Permission View: can read on DAG:rookie_hiker_dag
[2025-12-15T13:41:58.605+0000] {logging_mixin.py:190} INFO - [2025-12-15T13:41:58.604+0000] {override.py:1901} INFO - Created Permission View: can delete on DAG:rookie_hiker_dag
[2025-12-15T13:41:58.618+0000] {logging_mixin.py:190} INFO - [2025-12-15T13:41:58.617+0000] {override.py:1901} INFO - Created Permission View: can edit on DAG:rookie_hiker_dag
[2025-12-15T13:41:58.639+0000] {logging_mixin.py:190} INFO - [2025-12-15T13:41:58.639+0000] {override.py:1901} INFO - Created Permission View: can create on DAG Run:rookie_hiker_dag
[2025-12-15T13:41:58.653+0000] {logging_mixin.py:190} INFO - [2025-12-15T13:41:58.653+0000] {override.py:1901} INFO - Created Permission View: can read on DAG Run:rookie_hiker_dag
[2025-12-15T13:41:58.666+0000] {logging_mixin.py:190} INFO - [2025-12-15T13:41:58.666+0000] {override.py:1901} INFO - Created Permission View: can delete on DAG Run:rookie_hiker_dag
[2025-12-15T13:41:58.679+0000] {logging_mixin.py:190} INFO - [2025-12-15T13:41:58.679+0000] {override.py:1901} INFO - Created Permission View: menu access on DAG Run:rookie_hiker_dag
[2025-12-15T13:41:58.681+0000] {logging_mixin.py:190} INFO - [2025-12-15T13:41:58.680+0000] {dag.py:3239} INFO - Sync 1 DAGs
[2025-12-15T13:41:58.706+0000] {logging_mixin.py:190} INFO - [2025-12-15T13:41:58.705+0000] {dag.py:3262} INFO - Creating ORM DAG for rookie_hiker_dag
[2025-12-15T13:41:58.708+0000] {logging_mixin.py:190} INFO - [2025-12-15T13:41:58.708+0000] {dag.py:4180} INFO - Setting next_dagrun for rookie_hiker_dag to None, run_after=None
[2025-12-15T13:41:58.940+0000] {processor.py:208} INFO - Processing /opt/airflow/dags/rookie_hiker_dag.py took 2.637 seconds
[2025-12-15T13:42:29.127+0000] {processor.py:186} INFO - Started process (PID=230) to work on /opt/airflow/dags/rookie_hiker_dag.py
[2025-12-15T13:42:29.129+0000] {processor.py:914} INFO - Processing file /opt/airflow/dags/rookie_hiker_dag.py for tasks to queue
[2025-12-15T13:42:29.131+0000] {logging_mixin.py:190} INFO - [2025-12-15T13:42:29.130+0000] {dagbag.py:588} INFO - Filling up the DagBag from /opt/airflow/dags/rookie_hiker_dag.py
[2025-12-15T13:42:29.870+0000] {processor.py:925} INFO - DAG(s) 'rookie_hiker_dag' retrieved from /opt/airflow/dags/rookie_hiker_dag.py
[2025-12-15T13:42:29.903+0000] {logging_mixin.py:190} INFO - [2025-12-15T13:42:29.903+0000] {dag.py:3239} INFO - Sync 1 DAGs
[2025-12-15T13:42:29.930+0000] {logging_mixin.py:190} INFO - [2025-12-15T13:42:29.930+0000] {dag.py:4180} INFO - Setting next_dagrun for rookie_hiker_dag to None, run_after=None
[2025-12-15T13:42:29.959+0000] {processor.py:208} INFO - Processing /opt/airflow/dags/rookie_hiker_dag.py took 0.840 seconds
[2025-12-15T13:43:00.665+0000] {processor.py:186} INFO - Started process (PID=251) to work on /opt/airflow/dags/rookie_hiker_dag.py
[2025-12-15T13:43:00.667+0000] {processor.py:914} INFO - Processing file /opt/airflow/dags/rookie_hiker_dag.py for tasks to queue
[2025-12-15T13:43:00.669+0000] {logging_mixin.py:190} INFO - [2025-12-15T13:43:00.668+0000] {dagbag.py:588} INFO - Filling up the DagBag from /opt/airflow/dags/rookie_hiker_dag.py
[2025-12-15T13:43:01.428+0000] {processor.py:925} INFO - DAG(s) 'rookie_hiker_dag' retrieved from /opt/airflow/dags/rookie_hiker_dag.py
[2025-12-15T13:43:01.462+0000] {logging_mixin.py:190} INFO - [2025-12-15T13:43:01.461+0000] {dag.py:3239} INFO - Sync 1 DAGs
[2025-12-15T13:43:01.482+0000] {logging_mixin.py:190} INFO - [2025-12-15T13:43:01.481+0000] {dag.py:4180} INFO - Setting next_dagrun for rookie_hiker_dag to None, run_after=None
[2025-12-15T13:43:01.508+0000] {processor.py:208} INFO - Processing /opt/airflow/dags/rookie_hiker_dag.py took 0.855 seconds
[2025-12-15T13:43:32.330+0000] {processor.py:186} INFO - Started process (PID=269) to work on /opt/airflow/dags/rookie_hiker_dag.py
[2025-12-15T13:43:32.333+0000] {processor.py:914} INFO - Processing file /opt/airflow/dags/rookie_hiker_dag.py for tasks to queue
[2025-12-15T13:43:32.338+0000] {logging_mixin.py:190} INFO - [2025-12-15T13:43:32.337+0000] {dagbag.py:588} INFO - Filling up the DagBag from /opt/airflow/dags/rookie_hiker_dag.py
[2025-12-15T13:43:33.272+0000] {processor.py:925} INFO - DAG(s) 'rookie_hiker_dag' retrieved from /opt/airflow/dags/rookie_hiker_dag.py
[2025-12-15T13:43:33.311+0000] {logging_mixin.py:190} INFO - [2025-12-15T13:43:33.311+0000] {dag.py:3239} INFO - Sync 1 DAGs
[2025-12-15T13:43:33.642+0000] {logging_mixin.py:190} INFO - [2025-12-15T13:43:33.641+0000] {dag.py:4180} INFO - Setting next_dagrun for rookie_hiker_dag to None, run_after=None
[2025-12-15T13:43:33.678+0000] {processor.py:208} INFO - Processing /opt/airflow/dags/rookie_hiker_dag.py took 1.367 seconds
[2025-12-15T13:44:04.522+0000] {processor.py:186} INFO - Started process (PID=326) to work on /opt/airflow/dags/rookie_hiker_dag.py
[2025-12-15T13:44:04.528+0000] {processor.py:914} INFO - Processing file /opt/airflow/dags/rookie_hiker_dag.py for tasks to queue
[2025-12-15T13:44:04.532+0000] {logging_mixin.py:190} INFO - [2025-12-15T13:44:04.532+0000] {dagbag.py:588} INFO - Filling up the DagBag from /opt/airflow/dags/rookie_hiker_dag.py
[2025-12-15T13:44:05.390+0000] {processor.py:925} INFO - DAG(s) 'rookie_hiker_dag' retrieved from /opt/airflow/dags/rookie_hiker_dag.py
[2025-12-15T13:44:05.432+0000] {logging_mixin.py:190} INFO - [2025-12-15T13:44:05.431+0000] {dag.py:3239} INFO - Sync 1 DAGs
[2025-12-15T13:44:05.455+0000] {logging_mixin.py:190} INFO - [2025-12-15T13:44:05.454+0000] {dag.py:4180} INFO - Setting next_dagrun for rookie_hiker_dag to None, run_after=None
[2025-12-15T13:44:05.498+0000] {processor.py:208} INFO - Processing /opt/airflow/dags/rookie_hiker_dag.py took 0.987 seconds
[2025-12-15T13:44:36.260+0000] {processor.py:186} INFO - Started process (PID=350) to work on /opt/airflow/dags/rookie_hiker_dag.py
[2025-12-15T13:44:36.261+0000] {processor.py:914} INFO - Processing file /opt/airflow/dags/rookie_hiker_dag.py for tasks to queue
[2025-12-15T13:44:36.263+0000] {logging_mixin.py:190} INFO - [2025-12-15T13:44:36.263+0000] {dagbag.py:588} INFO - Filling up the DagBag from /opt/airflow/dags/rookie_hiker_dag.py
[2025-12-15T13:44:37.049+0000] {processor.py:925} INFO - DAG(s) 'rookie_hiker_dag' retrieved from /opt/airflow/dags/rookie_hiker_dag.py
[2025-12-15T13:44:37.321+0000] {logging_mixin.py:190} INFO - [2025-12-15T13:44:37.086+0000] {dag.py:3239} INFO - Sync 1 DAGs
[2025-12-15T13:44:37.343+0000] {logging_mixin.py:190} INFO - [2025-12-15T13:44:37.342+0000] {dag.py:4180} INFO - Setting next_dagrun for rookie_hiker_dag to None, run_after=None
[2025-12-15T13:44:37.367+0000] {processor.py:208} INFO - Processing /opt/airflow/dags/rookie_hiker_dag.py took 1.115 seconds
[2025-12-15T13:45:07.937+0000] {processor.py:186} INFO - Started process (PID=385) to work on /opt/airflow/dags/rookie_hiker_dag.py
[2025-12-15T13:45:07.939+0000] {processor.py:914} INFO - Processing file /opt/airflow/dags/rookie_hiker_dag.py for tasks to queue
[2025-12-15T13:45:07.941+0000] {logging_mixin.py:190} INFO - [2025-12-15T13:45:07.940+0000] {dagbag.py:588} INFO - Filling up the DagBag from /opt/airflow/dags/rookie_hiker_dag.py
[2025-12-15T13:45:08.759+0000] {processor.py:925} INFO - DAG(s) 'rookie_hiker_dag' retrieved from /opt/airflow/dags/rookie_hiker_dag.py
[2025-12-15T13:45:08.803+0000] {logging_mixin.py:190} INFO - [2025-12-15T13:45:08.802+0000] {dag.py:3239} INFO - Sync 1 DAGs
[2025-12-15T13:45:08.824+0000] {logging_mixin.py:190} INFO - [2025-12-15T13:45:08.824+0000] {dag.py:4180} INFO - Setting next_dagrun for rookie_hiker_dag to None, run_after=None
[2025-12-15T13:45:09.101+0000] {processor.py:208} INFO - Processing /opt/airflow/dags/rookie_hiker_dag.py took 1.173 seconds
[2025-12-15T13:45:39.339+0000] {processor.py:186} INFO - Started process (PID=403) to work on /opt/airflow/dags/rookie_hiker_dag.py
[2025-12-15T13:45:39.340+0000] {processor.py:914} INFO - Processing file /opt/airflow/dags/rookie_hiker_dag.py for tasks to queue
[2025-12-15T13:45:39.343+0000] {logging_mixin.py:190} INFO - [2025-12-15T13:45:39.342+0000] {dagbag.py:588} INFO - Filling up the DagBag from /opt/airflow/dags/rookie_hiker_dag.py
[2025-12-15T13:45:40.123+0000] {processor.py:925} INFO - DAG(s) 'rookie_hiker_dag' retrieved from /opt/airflow/dags/rookie_hiker_dag.py
[2025-12-15T13:45:40.364+0000] {logging_mixin.py:190} INFO - [2025-12-15T13:45:40.364+0000] {dag.py:3239} INFO - Sync 1 DAGs
[2025-12-15T13:45:40.380+0000] {logging_mixin.py:190} INFO - [2025-12-15T13:45:40.379+0000] {dag.py:4180} INFO - Setting next_dagrun for rookie_hiker_dag to None, run_after=None
[2025-12-15T13:45:40.438+0000] {processor.py:208} INFO - Processing /opt/airflow/dags/rookie_hiker_dag.py took 1.109 seconds
[2025-12-15T13:46:10.611+0000] {processor.py:186} INFO - Started process (PID=444) to work on /opt/airflow/dags/rookie_hiker_dag.py
[2025-12-15T13:46:10.614+0000] {processor.py:914} INFO - Processing file /opt/airflow/dags/rookie_hiker_dag.py for tasks to queue
[2025-12-15T13:46:10.617+0000] {logging_mixin.py:190} INFO - [2025-12-15T13:46:10.617+0000] {dagbag.py:588} INFO - Filling up the DagBag from /opt/airflow/dags/rookie_hiker_dag.py
[2025-12-15T13:46:11.487+0000] {processor.py:925} INFO - DAG(s) 'rookie_hiker_dag' retrieved from /opt/airflow/dags/rookie_hiker_dag.py
[2025-12-15T13:46:11.531+0000] {logging_mixin.py:190} INFO - [2025-12-15T13:46:11.531+0000] {dag.py:3239} INFO - Sync 1 DAGs
[2025-12-15T13:46:11.804+0000] {logging_mixin.py:190} INFO - [2025-12-15T13:46:11.804+0000] {dag.py:4180} INFO - Setting next_dagrun for rookie_hiker_dag to None, run_after=None
[2025-12-15T13:46:11.867+0000] {processor.py:208} INFO - Processing /opt/airflow/dags/rookie_hiker_dag.py took 1.272 seconds
[2025-12-15T13:46:42.109+0000] {processor.py:186} INFO - Started process (PID=462) to work on /opt/airflow/dags/rookie_hiker_dag.py
[2025-12-15T13:46:42.111+0000] {processor.py:914} INFO - Processing file /opt/airflow/dags/rookie_hiker_dag.py for tasks to queue
[2025-12-15T13:46:42.115+0000] {logging_mixin.py:190} INFO - [2025-12-15T13:46:42.114+0000] {dagbag.py:588} INFO - Filling up the DagBag from /opt/airflow/dags/rookie_hiker_dag.py
[2025-12-15T13:46:42.824+0000] {processor.py:925} INFO - DAG(s) 'rookie_hiker_dag' retrieved from /opt/airflow/dags/rookie_hiker_dag.py
[2025-12-15T13:46:43.094+0000] {logging_mixin.py:190} INFO - [2025-12-15T13:46:43.093+0000] {dag.py:3239} INFO - Sync 1 DAGs
[2025-12-15T13:46:43.119+0000] {logging_mixin.py:190} INFO - [2025-12-15T13:46:43.119+0000] {dag.py:4180} INFO - Setting next_dagrun for rookie_hiker_dag to None, run_after=None
[2025-12-15T13:46:43.179+0000] {processor.py:208} INFO - Processing /opt/airflow/dags/rookie_hiker_dag.py took 1.087 seconds
[2025-12-15T13:47:14.057+0000] {processor.py:186} INFO - Started process (PID=480) to work on /opt/airflow/dags/rookie_hiker_dag.py
[2025-12-15T13:47:14.059+0000] {processor.py:914} INFO - Processing file /opt/airflow/dags/rookie_hiker_dag.py for tasks to queue
[2025-12-15T13:47:14.061+0000] {logging_mixin.py:190} INFO - [2025-12-15T13:47:14.060+0000] {dagbag.py:588} INFO - Filling up the DagBag from /opt/airflow/dags/rookie_hiker_dag.py
[2025-12-15T13:47:14.807+0000] {processor.py:925} INFO - DAG(s) 'rookie_hiker_dag' retrieved from /opt/airflow/dags/rookie_hiker_dag.py
[2025-12-15T13:47:14.839+0000] {logging_mixin.py:190} INFO - [2025-12-15T13:47:14.839+0000] {dag.py:3239} INFO - Sync 1 DAGs
[2025-12-15T13:47:15.103+0000] {logging_mixin.py:190} INFO - [2025-12-15T13:47:15.102+0000] {dag.py:4180} INFO - Setting next_dagrun for rookie_hiker_dag to None, run_after=None
[2025-12-15T13:47:15.131+0000] {processor.py:208} INFO - Processing /opt/airflow/dags/rookie_hiker_dag.py took 1.085 seconds
[2025-12-15T13:47:45.838+0000] {processor.py:186} INFO - Started process (PID=498) to work on /opt/airflow/dags/rookie_hiker_dag.py
[2025-12-15T13:47:45.840+0000] {processor.py:914} INFO - Processing file /opt/airflow/dags/rookie_hiker_dag.py for tasks to queue
[2025-12-15T13:47:45.842+0000] {logging_mixin.py:190} INFO - [2025-12-15T13:47:45.841+0000] {dagbag.py:588} INFO - Filling up the DagBag from /opt/airflow/dags/rookie_hiker_dag.py
[2025-12-15T13:47:46.531+0000] {processor.py:925} INFO - DAG(s) 'rookie_hiker_dag' retrieved from /opt/airflow/dags/rookie_hiker_dag.py
[2025-12-15T13:47:46.816+0000] {logging_mixin.py:190} INFO - [2025-12-15T13:47:46.815+0000] {dag.py:3239} INFO - Sync 1 DAGs
[2025-12-15T13:47:46.832+0000] {logging_mixin.py:190} INFO - [2025-12-15T13:47:46.831+0000] {dag.py:4180} INFO - Setting next_dagrun for rookie_hiker_dag to None, run_after=None
[2025-12-15T13:47:46.856+0000] {processor.py:208} INFO - Processing /opt/airflow/dags/rookie_hiker_dag.py took 1.026 seconds
[2025-12-15T13:48:17.631+0000] {processor.py:186} INFO - Started process (PID=516) to work on /opt/airflow/dags/rookie_hiker_dag.py
[2025-12-15T13:48:17.634+0000] {processor.py:914} INFO - Processing file /opt/airflow/dags/rookie_hiker_dag.py for tasks to queue
[2025-12-15T13:48:17.636+0000] {logging_mixin.py:190} INFO - [2025-12-15T13:48:17.636+0000] {dagbag.py:588} INFO - Filling up the DagBag from /opt/airflow/dags/rookie_hiker_dag.py
[2025-12-15T13:48:18.379+0000] {processor.py:925} INFO - DAG(s) 'rookie_hiker_dag' retrieved from /opt/airflow/dags/rookie_hiker_dag.py
[2025-12-15T13:48:18.415+0000] {logging_mixin.py:190} INFO - [2025-12-15T13:48:18.414+0000] {dag.py:3239} INFO - Sync 1 DAGs
[2025-12-15T13:48:18.652+0000] {logging_mixin.py:190} INFO - [2025-12-15T13:48:18.651+0000] {dag.py:4180} INFO - Setting next_dagrun for rookie_hiker_dag to None, run_after=None
[2025-12-15T13:48:18.919+0000] {processor.py:208} INFO - Processing /opt/airflow/dags/rookie_hiker_dag.py took 1.301 seconds
[2025-12-15T13:48:49.538+0000] {processor.py:186} INFO - Started process (PID=534) to work on /opt/airflow/dags/rookie_hiker_dag.py
[2025-12-15T13:48:49.540+0000] {processor.py:914} INFO - Processing file /opt/airflow/dags/rookie_hiker_dag.py for tasks to queue
[2025-12-15T13:48:49.545+0000] {logging_mixin.py:190} INFO - [2025-12-15T13:48:49.544+0000] {dagbag.py:588} INFO - Filling up the DagBag from /opt/airflow/dags/rookie_hiker_dag.py
[2025-12-15T13:48:50.345+0000] {processor.py:925} INFO - DAG(s) 'rookie_hiker_dag' retrieved from /opt/airflow/dags/rookie_hiker_dag.py
[2025-12-15T13:48:50.666+0000] {logging_mixin.py:190} INFO - [2025-12-15T13:48:50.665+0000] {dag.py:3239} INFO - Sync 1 DAGs
[2025-12-15T13:48:50.692+0000] {logging_mixin.py:190} INFO - [2025-12-15T13:48:50.692+0000] {dag.py:4180} INFO - Setting next_dagrun for rookie_hiker_dag to None, run_after=None
[2025-12-15T13:48:50.728+0000] {processor.py:208} INFO - Processing /opt/airflow/dags/rookie_hiker_dag.py took 1.201 seconds
[2025-12-15T13:49:21.527+0000] {processor.py:186} INFO - Started process (PID=552) to work on /opt/airflow/dags/rookie_hiker_dag.py
[2025-12-15T13:49:21.529+0000] {processor.py:914} INFO - Processing file /opt/airflow/dags/rookie_hiker_dag.py for tasks to queue
[2025-12-15T13:49:21.531+0000] {logging_mixin.py:190} INFO - [2025-12-15T13:49:21.531+0000] {dagbag.py:588} INFO - Filling up the DagBag from /opt/airflow/dags/rookie_hiker_dag.py
[2025-12-15T13:49:22.574+0000] {processor.py:925} INFO - DAG(s) 'rookie_hiker_dag' retrieved from /opt/airflow/dags/rookie_hiker_dag.py
[2025-12-15T13:49:22.607+0000] {logging_mixin.py:190} INFO - [2025-12-15T13:49:22.606+0000] {dag.py:3239} INFO - Sync 1 DAGs
[2025-12-15T13:49:22.624+0000] {logging_mixin.py:190} INFO - [2025-12-15T13:49:22.624+0000] {dag.py:4180} INFO - Setting next_dagrun for rookie_hiker_dag to None, run_after=None
[2025-12-15T13:49:22.647+0000] {processor.py:208} INFO - Processing /opt/airflow/dags/rookie_hiker_dag.py took 1.134 seconds
[2025-12-15T13:49:52.766+0000] {processor.py:186} INFO - Started process (PID=570) to work on /opt/airflow/dags/rookie_hiker_dag.py
[2025-12-15T13:49:52.768+0000] {processor.py:914} INFO - Processing file /opt/airflow/dags/rookie_hiker_dag.py for tasks to queue
[2025-12-15T13:49:52.770+0000] {logging_mixin.py:190} INFO - [2025-12-15T13:49:52.770+0000] {dagbag.py:588} INFO - Filling up the DagBag from /opt/airflow/dags/rookie_hiker_dag.py
[2025-12-15T13:49:53.582+0000] {processor.py:925} INFO - DAG(s) 'rookie_hiker_dag' retrieved from /opt/airflow/dags/rookie_hiker_dag.py
[2025-12-15T13:49:53.840+0000] {logging_mixin.py:190} INFO - [2025-12-15T13:49:53.838+0000] {dag.py:3239} INFO - Sync 1 DAGs
[2025-12-15T13:49:53.861+0000] {logging_mixin.py:190} INFO - [2025-12-15T13:49:53.861+0000] {dag.py:4180} INFO - Setting next_dagrun for rookie_hiker_dag to None, run_after=None
[2025-12-15T13:49:53.919+0000] {processor.py:208} INFO - Processing /opt/airflow/dags/rookie_hiker_dag.py took 1.164 seconds
[2025-12-15T13:50:24.571+0000] {processor.py:186} INFO - Started process (PID=588) to work on /opt/airflow/dags/rookie_hiker_dag.py
[2025-12-15T13:50:24.573+0000] {processor.py:914} INFO - Processing file /opt/airflow/dags/rookie_hiker_dag.py for tasks to queue
[2025-12-15T13:50:24.575+0000] {logging_mixin.py:190} INFO - [2025-12-15T13:50:24.575+0000] {dagbag.py:588} INFO - Filling up the DagBag from /opt/airflow/dags/rookie_hiker_dag.py
[2025-12-15T13:50:25.623+0000] {processor.py:925} INFO - DAG(s) 'rookie_hiker_dag' retrieved from /opt/airflow/dags/rookie_hiker_dag.py
[2025-12-15T13:50:25.684+0000] {logging_mixin.py:190} INFO - [2025-12-15T13:50:25.683+0000] {dag.py:3239} INFO - Sync 1 DAGs
[2025-12-15T13:50:25.722+0000] {logging_mixin.py:190} INFO - [2025-12-15T13:50:25.718+0000] {dag.py:4180} INFO - Setting next_dagrun for rookie_hiker_dag to None, run_after=None
[2025-12-15T13:50:25.770+0000] {processor.py:208} INFO - Processing /opt/airflow/dags/rookie_hiker_dag.py took 1.210 seconds
[2025-12-15T13:50:56.064+0000] {processor.py:186} INFO - Started process (PID=606) to work on /opt/airflow/dags/rookie_hiker_dag.py
[2025-12-15T13:50:56.070+0000] {processor.py:914} INFO - Processing file /opt/airflow/dags/rookie_hiker_dag.py for tasks to queue
[2025-12-15T13:50:56.075+0000] {logging_mixin.py:190} INFO - [2025-12-15T13:50:56.074+0000] {dagbag.py:588} INFO - Filling up the DagBag from /opt/airflow/dags/rookie_hiker_dag.py
[2025-12-15T13:50:56.950+0000] {processor.py:925} INFO - DAG(s) 'rookie_hiker_dag' retrieved from /opt/airflow/dags/rookie_hiker_dag.py
[2025-12-15T13:50:57.255+0000] {logging_mixin.py:190} INFO - [2025-12-15T13:50:57.254+0000] {dag.py:3239} INFO - Sync 1 DAGs
[2025-12-15T13:50:57.274+0000] {logging_mixin.py:190} INFO - [2025-12-15T13:50:57.274+0000] {dag.py:4180} INFO - Setting next_dagrun for rookie_hiker_dag to None, run_after=None
[2025-12-15T13:50:57.302+0000] {processor.py:208} INFO - Processing /opt/airflow/dags/rookie_hiker_dag.py took 1.253 seconds
[2025-12-15T13:51:28.054+0000] {processor.py:186} INFO - Started process (PID=625) to work on /opt/airflow/dags/rookie_hiker_dag.py
[2025-12-15T13:51:28.056+0000] {processor.py:914} INFO - Processing file /opt/airflow/dags/rookie_hiker_dag.py for tasks to queue
[2025-12-15T13:51:28.062+0000] {logging_mixin.py:190} INFO - [2025-12-15T13:51:28.062+0000] {dagbag.py:588} INFO - Filling up the DagBag from /opt/airflow/dags/rookie_hiker_dag.py
[2025-12-15T13:51:29.095+0000] {processor.py:925} INFO - DAG(s) 'rookie_hiker_dag' retrieved from /opt/airflow/dags/rookie_hiker_dag.py
[2025-12-15T13:51:29.130+0000] {logging_mixin.py:190} INFO - [2025-12-15T13:51:29.129+0000] {dag.py:3239} INFO - Sync 1 DAGs
[2025-12-15T13:51:29.151+0000] {logging_mixin.py:190} INFO - [2025-12-15T13:51:29.150+0000] {dag.py:4180} INFO - Setting next_dagrun for rookie_hiker_dag to None, run_after=None
[2025-12-15T13:51:29.218+0000] {processor.py:208} INFO - Processing /opt/airflow/dags/rookie_hiker_dag.py took 1.178 seconds
[2025-12-15T13:52:24.398+0000] {processor.py:186} INFO - Started process (PID=211) to work on /opt/airflow/dags/rookie_hiker_dag.py
[2025-12-15T13:52:24.400+0000] {processor.py:914} INFO - Processing file /opt/airflow/dags/rookie_hiker_dag.py for tasks to queue
[2025-12-15T13:52:24.402+0000] {logging_mixin.py:190} INFO - [2025-12-15T13:52:24.401+0000] {dagbag.py:588} INFO - Filling up the DagBag from /opt/airflow/dags/rookie_hiker_dag.py
[2025-12-15T13:52:25.447+0000] {processor.py:925} INFO - DAG(s) 'rookie_hiker_dag' retrieved from /opt/airflow/dags/rookie_hiker_dag.py
[2025-12-15T13:52:25.472+0000] {logging_mixin.py:190} INFO - [2025-12-15T13:52:25.471+0000] {dag.py:3239} INFO - Sync 1 DAGs
[2025-12-15T13:52:25.486+0000] {logging_mixin.py:190} INFO - [2025-12-15T13:52:25.486+0000] {dag.py:4180} INFO - Setting next_dagrun for rookie_hiker_dag to None, run_after=None
[2025-12-15T13:52:25.517+0000] {processor.py:208} INFO - Processing /opt/airflow/dags/rookie_hiker_dag.py took 1.127 seconds
[2025-12-15T13:52:56.527+0000] {processor.py:186} INFO - Started process (PID=229) to work on /opt/airflow/dags/rookie_hiker_dag.py
[2025-12-15T13:52:56.529+0000] {processor.py:914} INFO - Processing file /opt/airflow/dags/rookie_hiker_dag.py for tasks to queue
[2025-12-15T13:52:56.532+0000] {logging_mixin.py:190} INFO - [2025-12-15T13:52:56.531+0000] {dagbag.py:588} INFO - Filling up the DagBag from /opt/airflow/dags/rookie_hiker_dag.py
[2025-12-15T13:52:57.385+0000] {processor.py:925} INFO - DAG(s) 'rookie_hiker_dag' retrieved from /opt/airflow/dags/rookie_hiker_dag.py
[2025-12-15T13:52:57.421+0000] {logging_mixin.py:190} INFO - [2025-12-15T13:52:57.420+0000] {dag.py:3239} INFO - Sync 1 DAGs
[2025-12-15T13:52:57.649+0000] {logging_mixin.py:190} INFO - [2025-12-15T13:52:57.648+0000] {dag.py:4180} INFO - Setting next_dagrun for rookie_hiker_dag to None, run_after=None
[2025-12-15T13:52:57.725+0000] {processor.py:208} INFO - Processing /opt/airflow/dags/rookie_hiker_dag.py took 1.215 seconds
[2025-12-15T13:53:27.837+0000] {processor.py:186} INFO - Started process (PID=244) to work on /opt/airflow/dags/rookie_hiker_dag.py
[2025-12-15T13:53:27.839+0000] {processor.py:914} INFO - Processing file /opt/airflow/dags/rookie_hiker_dag.py for tasks to queue
[2025-12-15T13:53:27.841+0000] {logging_mixin.py:190} INFO - [2025-12-15T13:53:27.841+0000] {dagbag.py:588} INFO - Filling up the DagBag from /opt/airflow/dags/rookie_hiker_dag.py
[2025-12-15T13:53:28.564+0000] {processor.py:925} INFO - DAG(s) 'rookie_hiker_dag' retrieved from /opt/airflow/dags/rookie_hiker_dag.py
[2025-12-15T13:53:28.608+0000] {logging_mixin.py:190} INFO - [2025-12-15T13:53:28.607+0000] {dag.py:3239} INFO - Sync 1 DAGs
[2025-12-15T13:53:28.628+0000] {logging_mixin.py:190} INFO - [2025-12-15T13:53:28.627+0000] {dag.py:4180} INFO - Setting next_dagrun for rookie_hiker_dag to None, run_after=None
[2025-12-15T13:53:28.654+0000] {processor.py:208} INFO - Processing /opt/airflow/dags/rookie_hiker_dag.py took 0.827 seconds
[2025-12-15T13:53:59.197+0000] {processor.py:186} INFO - Started process (PID=262) to work on /opt/airflow/dags/rookie_hiker_dag.py
[2025-12-15T13:53:59.199+0000] {processor.py:914} INFO - Processing file /opt/airflow/dags/rookie_hiker_dag.py for tasks to queue
[2025-12-15T13:53:59.201+0000] {logging_mixin.py:190} INFO - [2025-12-15T13:53:59.201+0000] {dagbag.py:588} INFO - Filling up the DagBag from /opt/airflow/dags/rookie_hiker_dag.py
[2025-12-15T13:54:00.083+0000] {processor.py:925} INFO - DAG(s) 'rookie_hiker_dag' retrieved from /opt/airflow/dags/rookie_hiker_dag.py
[2025-12-15T13:54:00.121+0000] {logging_mixin.py:190} INFO - [2025-12-15T13:54:00.120+0000] {dag.py:3239} INFO - Sync 1 DAGs
[2025-12-15T13:54:00.397+0000] {logging_mixin.py:190} INFO - [2025-12-15T13:54:00.397+0000] {dag.py:4180} INFO - Setting next_dagrun for rookie_hiker_dag to None, run_after=None
[2025-12-15T13:54:00.452+0000] {processor.py:208} INFO - Processing /opt/airflow/dags/rookie_hiker_dag.py took 1.268 seconds
[2025-12-15T13:54:31.320+0000] {processor.py:186} INFO - Started process (PID=280) to work on /opt/airflow/dags/rookie_hiker_dag.py
[2025-12-15T13:54:31.322+0000] {processor.py:914} INFO - Processing file /opt/airflow/dags/rookie_hiker_dag.py for tasks to queue
[2025-12-15T13:54:31.325+0000] {logging_mixin.py:190} INFO - [2025-12-15T13:54:31.324+0000] {dagbag.py:588} INFO - Filling up the DagBag from /opt/airflow/dags/rookie_hiker_dag.py
[2025-12-15T13:54:32.100+0000] {processor.py:925} INFO - DAG(s) 'rookie_hiker_dag' retrieved from /opt/airflow/dags/rookie_hiker_dag.py
[2025-12-15T13:54:32.161+0000] {logging_mixin.py:190} INFO - [2025-12-15T13:54:32.160+0000] {dag.py:3239} INFO - Sync 1 DAGs
[2025-12-15T13:54:32.183+0000] {logging_mixin.py:190} INFO - [2025-12-15T13:54:32.183+0000] {dag.py:4180} INFO - Setting next_dagrun for rookie_hiker_dag to None, run_after=None
[2025-12-15T13:54:32.255+0000] {processor.py:208} INFO - Processing /opt/airflow/dags/rookie_hiker_dag.py took 0.942 seconds
[2025-12-15T13:55:02.386+0000] {processor.py:186} INFO - Started process (PID=298) to work on /opt/airflow/dags/rookie_hiker_dag.py
[2025-12-15T13:55:02.388+0000] {processor.py:914} INFO - Processing file /opt/airflow/dags/rookie_hiker_dag.py for tasks to queue
[2025-12-15T13:55:02.391+0000] {logging_mixin.py:190} INFO - [2025-12-15T13:55:02.390+0000] {dagbag.py:588} INFO - Filling up the DagBag from /opt/airflow/dags/rookie_hiker_dag.py
[2025-12-15T13:55:03.233+0000] {processor.py:925} INFO - DAG(s) 'rookie_hiker_dag' retrieved from /opt/airflow/dags/rookie_hiker_dag.py
[2025-12-15T13:55:03.274+0000] {logging_mixin.py:190} INFO - [2025-12-15T13:55:03.273+0000] {dag.py:3239} INFO - Sync 1 DAGs
[2025-12-15T13:55:03.507+0000] {logging_mixin.py:190} INFO - [2025-12-15T13:55:03.506+0000] {dag.py:4180} INFO - Setting next_dagrun for rookie_hiker_dag to None, run_after=None
[2025-12-15T13:55:03.576+0000] {processor.py:208} INFO - Processing /opt/airflow/dags/rookie_hiker_dag.py took 1.200 seconds
[2025-12-15T13:55:34.461+0000] {processor.py:186} INFO - Started process (PID=316) to work on /opt/airflow/dags/rookie_hiker_dag.py
[2025-12-15T13:55:34.463+0000] {processor.py:914} INFO - Processing file /opt/airflow/dags/rookie_hiker_dag.py for tasks to queue
[2025-12-15T13:55:34.465+0000] {logging_mixin.py:190} INFO - [2025-12-15T13:55:34.464+0000] {dagbag.py:588} INFO - Filling up the DagBag from /opt/airflow/dags/rookie_hiker_dag.py
[2025-12-15T13:55:35.222+0000] {processor.py:925} INFO - DAG(s) 'rookie_hiker_dag' retrieved from /opt/airflow/dags/rookie_hiker_dag.py
[2025-12-15T13:55:35.258+0000] {logging_mixin.py:190} INFO - [2025-12-15T13:55:35.257+0000] {dag.py:3239} INFO - Sync 1 DAGs
[2025-12-15T13:55:35.278+0000] {logging_mixin.py:190} INFO - [2025-12-15T13:55:35.277+0000] {dag.py:4180} INFO - Setting next_dagrun for rookie_hiker_dag to None, run_after=None
[2025-12-15T13:55:35.340+0000] {processor.py:208} INFO - Processing /opt/airflow/dags/rookie_hiker_dag.py took 0.893 seconds
[2025-12-15T13:56:06.334+0000] {processor.py:186} INFO - Started process (PID=334) to work on /opt/airflow/dags/rookie_hiker_dag.py
[2025-12-15T13:56:06.336+0000] {processor.py:914} INFO - Processing file /opt/airflow/dags/rookie_hiker_dag.py for tasks to queue
[2025-12-15T13:56:06.338+0000] {logging_mixin.py:190} INFO - [2025-12-15T13:56:06.338+0000] {dagbag.py:588} INFO - Filling up the DagBag from /opt/airflow/dags/rookie_hiker_dag.py
[2025-12-15T13:56:07.187+0000] {processor.py:925} INFO - DAG(s) 'rookie_hiker_dag' retrieved from /opt/airflow/dags/rookie_hiker_dag.py
[2025-12-15T13:56:07.448+0000] {logging_mixin.py:190} INFO - [2025-12-15T13:56:07.448+0000] {dag.py:3239} INFO - Sync 1 DAGs
[2025-12-15T13:56:07.465+0000] {logging_mixin.py:190} INFO - [2025-12-15T13:56:07.465+0000] {dag.py:4180} INFO - Setting next_dagrun for rookie_hiker_dag to None, run_after=None
[2025-12-15T13:56:07.520+0000] {processor.py:208} INFO - Processing /opt/airflow/dags/rookie_hiker_dag.py took 1.195 seconds
[2025-12-15T13:56:38.136+0000] {processor.py:186} INFO - Started process (PID=352) to work on /opt/airflow/dags/rookie_hiker_dag.py
[2025-12-15T13:56:38.138+0000] {processor.py:914} INFO - Processing file /opt/airflow/dags/rookie_hiker_dag.py for tasks to queue
[2025-12-15T13:56:38.140+0000] {logging_mixin.py:190} INFO - [2025-12-15T13:56:38.140+0000] {dagbag.py:588} INFO - Filling up the DagBag from /opt/airflow/dags/rookie_hiker_dag.py
[2025-12-15T13:56:38.874+0000] {processor.py:925} INFO - DAG(s) 'rookie_hiker_dag' retrieved from /opt/airflow/dags/rookie_hiker_dag.py
[2025-12-15T13:56:38.908+0000] {logging_mixin.py:190} INFO - [2025-12-15T13:56:38.908+0000] {dag.py:3239} INFO - Sync 1 DAGs
[2025-12-15T13:56:38.930+0000] {logging_mixin.py:190} INFO - [2025-12-15T13:56:38.930+0000] {dag.py:4180} INFO - Setting next_dagrun for rookie_hiker_dag to None, run_after=None
[2025-12-15T13:56:39.224+0000] {processor.py:208} INFO - Processing /opt/airflow/dags/rookie_hiker_dag.py took 1.097 seconds
[2025-12-15T13:57:10.170+0000] {processor.py:186} INFO - Started process (PID=370) to work on /opt/airflow/dags/rookie_hiker_dag.py
[2025-12-15T13:57:10.172+0000] {processor.py:914} INFO - Processing file /opt/airflow/dags/rookie_hiker_dag.py for tasks to queue
[2025-12-15T13:57:10.174+0000] {logging_mixin.py:190} INFO - [2025-12-15T13:57:10.173+0000] {dagbag.py:588} INFO - Filling up the DagBag from /opt/airflow/dags/rookie_hiker_dag.py
[2025-12-15T13:57:11.116+0000] {processor.py:925} INFO - DAG(s) 'rookie_hiker_dag' retrieved from /opt/airflow/dags/rookie_hiker_dag.py
[2025-12-15T13:57:11.389+0000] {logging_mixin.py:190} INFO - [2025-12-15T13:57:11.389+0000] {dag.py:3239} INFO - Sync 1 DAGs
[2025-12-15T13:57:11.410+0000] {logging_mixin.py:190} INFO - [2025-12-15T13:57:11.410+0000] {dag.py:4180} INFO - Setting next_dagrun for rookie_hiker_dag to None, run_after=None
[2025-12-15T13:57:11.436+0000] {processor.py:208} INFO - Processing /opt/airflow/dags/rookie_hiker_dag.py took 1.276 seconds
[2025-12-15T13:57:42.332+0000] {processor.py:186} INFO - Started process (PID=388) to work on /opt/airflow/dags/rookie_hiker_dag.py
[2025-12-15T13:57:42.335+0000] {processor.py:914} INFO - Processing file /opt/airflow/dags/rookie_hiker_dag.py for tasks to queue
[2025-12-15T13:57:42.338+0000] {logging_mixin.py:190} INFO - [2025-12-15T13:57:42.337+0000] {dagbag.py:588} INFO - Filling up the DagBag from /opt/airflow/dags/rookie_hiker_dag.py
[2025-12-15T13:57:43.215+0000] {processor.py:925} INFO - DAG(s) 'rookie_hiker_dag' retrieved from /opt/airflow/dags/rookie_hiker_dag.py
[2025-12-15T13:57:43.248+0000] {logging_mixin.py:190} INFO - [2025-12-15T13:57:43.248+0000] {dag.py:3239} INFO - Sync 1 DAGs
[2025-12-15T13:57:43.484+0000] {logging_mixin.py:190} INFO - [2025-12-15T13:57:43.484+0000] {dag.py:4180} INFO - Setting next_dagrun for rookie_hiker_dag to None, run_after=None
[2025-12-15T13:57:43.515+0000] {processor.py:208} INFO - Processing /opt/airflow/dags/rookie_hiker_dag.py took 1.194 seconds
[2025-12-15T13:58:14.566+0000] {processor.py:186} INFO - Started process (PID=409) to work on /opt/airflow/dags/rookie_hiker_dag.py
[2025-12-15T13:58:14.568+0000] {processor.py:914} INFO - Processing file /opt/airflow/dags/rookie_hiker_dag.py for tasks to queue
[2025-12-15T13:58:14.571+0000] {logging_mixin.py:190} INFO - [2025-12-15T13:58:14.570+0000] {dagbag.py:588} INFO - Filling up the DagBag from /opt/airflow/dags/rookie_hiker_dag.py
[2025-12-15T13:58:15.390+0000] {processor.py:925} INFO - DAG(s) 'rookie_hiker_dag' retrieved from /opt/airflow/dags/rookie_hiker_dag.py
[2025-12-15T13:58:15.433+0000] {logging_mixin.py:190} INFO - [2025-12-15T13:58:15.433+0000] {dag.py:3239} INFO - Sync 1 DAGs
[2025-12-15T13:58:15.458+0000] {logging_mixin.py:190} INFO - [2025-12-15T13:58:15.458+0000] {dag.py:4180} INFO - Setting next_dagrun for rookie_hiker_dag to None, run_after=None
[2025-12-15T13:58:15.766+0000] {processor.py:208} INFO - Processing /opt/airflow/dags/rookie_hiker_dag.py took 1.210 seconds
[2025-12-15T13:58:46.404+0000] {processor.py:186} INFO - Started process (PID=427) to work on /opt/airflow/dags/rookie_hiker_dag.py
[2025-12-15T13:58:46.406+0000] {processor.py:914} INFO - Processing file /opt/airflow/dags/rookie_hiker_dag.py for tasks to queue
[2025-12-15T13:58:46.408+0000] {logging_mixin.py:190} INFO - [2025-12-15T13:58:46.407+0000] {dagbag.py:588} INFO - Filling up the DagBag from /opt/airflow/dags/rookie_hiker_dag.py
[2025-12-15T13:58:47.179+0000] {processor.py:925} INFO - DAG(s) 'rookie_hiker_dag' retrieved from /opt/airflow/dags/rookie_hiker_dag.py
[2025-12-15T13:58:47.451+0000] {logging_mixin.py:190} INFO - [2025-12-15T13:58:47.450+0000] {dag.py:3239} INFO - Sync 1 DAGs
[2025-12-15T13:58:47.486+0000] {logging_mixin.py:190} INFO - [2025-12-15T13:58:47.486+0000] {dag.py:4180} INFO - Setting next_dagrun for rookie_hiker_dag to None, run_after=None
[2025-12-15T13:58:47.519+0000] {processor.py:208} INFO - Processing /opt/airflow/dags/rookie_hiker_dag.py took 1.126 seconds
[2025-12-15T13:59:17.760+0000] {processor.py:186} INFO - Started process (PID=445) to work on /opt/airflow/dags/rookie_hiker_dag.py
[2025-12-15T13:59:17.762+0000] {processor.py:914} INFO - Processing file /opt/airflow/dags/rookie_hiker_dag.py for tasks to queue
[2025-12-15T13:59:17.764+0000] {logging_mixin.py:190} INFO - [2025-12-15T13:59:17.763+0000] {dagbag.py:588} INFO - Filling up the DagBag from /opt/airflow/dags/rookie_hiker_dag.py
[2025-12-15T13:59:18.685+0000] {processor.py:925} INFO - DAG(s) 'rookie_hiker_dag' retrieved from /opt/airflow/dags/rookie_hiker_dag.py
[2025-12-15T13:59:18.721+0000] {logging_mixin.py:190} INFO - [2025-12-15T13:59:18.720+0000] {dag.py:3239} INFO - Sync 1 DAGs
[2025-12-15T13:59:20.232+0000] {logging_mixin.py:190} INFO - [2025-12-15T13:59:20.231+0000] {dag.py:4180} INFO - Setting next_dagrun for rookie_hiker_dag to None, run_after=None
[2025-12-15T13:59:20.291+0000] {processor.py:208} INFO - Processing /opt/airflow/dags/rookie_hiker_dag.py took 1.313 seconds
[2025-12-15T13:59:52.175+0000] {processor.py:186} INFO - Started process (PID=463) to work on /opt/airflow/dags/rookie_hiker_dag.py
[2025-12-15T13:59:52.177+0000] {processor.py:914} INFO - Processing file /opt/airflow/dags/rookie_hiker_dag.py for tasks to queue
[2025-12-15T13:59:52.179+0000] {logging_mixin.py:190} INFO - [2025-12-15T13:59:52.179+0000] {dagbag.py:588} INFO - Filling up the DagBag from /opt/airflow/dags/rookie_hiker_dag.py
[2025-12-15T13:59:53.074+0000] {processor.py:925} INFO - DAG(s) 'rookie_hiker_dag' retrieved from /opt/airflow/dags/rookie_hiker_dag.py
[2025-12-15T13:59:53.113+0000] {logging_mixin.py:190} INFO - [2025-12-15T13:59:53.112+0000] {dag.py:3239} INFO - Sync 1 DAGs
[2025-12-15T13:59:53.128+0000] {logging_mixin.py:190} INFO - [2025-12-15T13:59:53.128+0000] {dag.py:4180} INFO - Setting next_dagrun for rookie_hiker_dag to None, run_after=None
[2025-12-15T13:59:53.182+0000] {processor.py:208} INFO - Processing /opt/airflow/dags/rookie_hiker_dag.py took 1.016 seconds
[2025-12-15T14:00:23.990+0000] {processor.py:186} INFO - Started process (PID=481) to work on /opt/airflow/dags/rookie_hiker_dag.py
[2025-12-15T14:00:23.992+0000] {processor.py:914} INFO - Processing file /opt/airflow/dags/rookie_hiker_dag.py for tasks to queue
[2025-12-15T14:00:23.995+0000] {logging_mixin.py:190} INFO - [2025-12-15T14:00:23.994+0000] {dagbag.py:588} INFO - Filling up the DagBag from /opt/airflow/dags/rookie_hiker_dag.py
[2025-12-15T14:00:24.782+0000] {processor.py:925} INFO - DAG(s) 'rookie_hiker_dag' retrieved from /opt/airflow/dags/rookie_hiker_dag.py
[2025-12-15T14:00:24.820+0000] {logging_mixin.py:190} INFO - [2025-12-15T14:00:24.820+0000] {dag.py:3239} INFO - Sync 1 DAGs
[2025-12-15T14:00:25.114+0000] {logging_mixin.py:190} INFO - [2025-12-15T14:00:25.113+0000] {dag.py:4180} INFO - Setting next_dagrun for rookie_hiker_dag to None, run_after=None
[2025-12-15T14:00:25.144+0000] {processor.py:208} INFO - Processing /opt/airflow/dags/rookie_hiker_dag.py took 1.167 seconds
[2025-12-15T14:00:56.064+0000] {processor.py:186} INFO - Started process (PID=499) to work on /opt/airflow/dags/rookie_hiker_dag.py
[2025-12-15T14:00:56.066+0000] {processor.py:914} INFO - Processing file /opt/airflow/dags/rookie_hiker_dag.py for tasks to queue
[2025-12-15T14:00:56.068+0000] {logging_mixin.py:190} INFO - [2025-12-15T14:00:56.068+0000] {dagbag.py:588} INFO - Filling up the DagBag from /opt/airflow/dags/rookie_hiker_dag.py
[2025-12-15T14:00:57.130+0000] {processor.py:925} INFO - DAG(s) 'rookie_hiker_dag' retrieved from /opt/airflow/dags/rookie_hiker_dag.py
[2025-12-15T14:00:57.180+0000] {logging_mixin.py:190} INFO - [2025-12-15T14:00:57.179+0000] {dag.py:3239} INFO - Sync 1 DAGs
[2025-12-15T14:00:57.196+0000] {logging_mixin.py:190} INFO - [2025-12-15T14:00:57.196+0000] {dag.py:4180} INFO - Setting next_dagrun for rookie_hiker_dag to None, run_after=None
[2025-12-15T14:00:57.261+0000] {processor.py:208} INFO - Processing /opt/airflow/dags/rookie_hiker_dag.py took 1.207 seconds
[2025-12-15T14:01:28.171+0000] {processor.py:186} INFO - Started process (PID=517) to work on /opt/airflow/dags/rookie_hiker_dag.py
[2025-12-15T14:01:28.173+0000] {processor.py:914} INFO - Processing file /opt/airflow/dags/rookie_hiker_dag.py for tasks to queue
[2025-12-15T14:01:28.175+0000] {logging_mixin.py:190} INFO - [2025-12-15T14:01:28.174+0000] {dagbag.py:588} INFO - Filling up the DagBag from /opt/airflow/dags/rookie_hiker_dag.py
[2025-12-15T14:01:28.981+0000] {processor.py:925} INFO - DAG(s) 'rookie_hiker_dag' retrieved from /opt/airflow/dags/rookie_hiker_dag.py
[2025-12-15T14:01:29.261+0000] {logging_mixin.py:190} INFO - [2025-12-15T14:01:29.261+0000] {dag.py:3239} INFO - Sync 1 DAGs
[2025-12-15T14:01:29.280+0000] {logging_mixin.py:190} INFO - [2025-12-15T14:01:29.280+0000] {dag.py:4180} INFO - Setting next_dagrun for rookie_hiker_dag to None, run_after=None
[2025-12-15T14:01:29.349+0000] {processor.py:208} INFO - Processing /opt/airflow/dags/rookie_hiker_dag.py took 1.187 seconds
[2025-12-15T14:02:00.273+0000] {processor.py:186} INFO - Started process (PID=535) to work on /opt/airflow/dags/rookie_hiker_dag.py
[2025-12-15T14:02:00.274+0000] {processor.py:914} INFO - Processing file /opt/airflow/dags/rookie_hiker_dag.py for tasks to queue
[2025-12-15T14:02:00.277+0000] {logging_mixin.py:190} INFO - [2025-12-15T14:02:00.276+0000] {dagbag.py:588} INFO - Filling up the DagBag from /opt/airflow/dags/rookie_hiker_dag.py
[2025-12-15T14:02:01.415+0000] {processor.py:925} INFO - DAG(s) 'rookie_hiker_dag' retrieved from /opt/airflow/dags/rookie_hiker_dag.py
[2025-12-15T14:02:01.445+0000] {logging_mixin.py:190} INFO - [2025-12-15T14:02:01.445+0000] {dag.py:3239} INFO - Sync 1 DAGs
[2025-12-15T14:02:01.463+0000] {logging_mixin.py:190} INFO - [2025-12-15T14:02:01.462+0000] {dag.py:4180} INFO - Setting next_dagrun for rookie_hiker_dag to None, run_after=None
[2025-12-15T14:02:01.487+0000] {processor.py:208} INFO - Processing /opt/airflow/dags/rookie_hiker_dag.py took 1.223 seconds
[2025-12-15T14:02:32.502+0000] {processor.py:186} INFO - Started process (PID=553) to work on /opt/airflow/dags/rookie_hiker_dag.py
[2025-12-15T14:02:32.504+0000] {processor.py:914} INFO - Processing file /opt/airflow/dags/rookie_hiker_dag.py for tasks to queue
[2025-12-15T14:02:32.506+0000] {logging_mixin.py:190} INFO - [2025-12-15T14:02:32.506+0000] {dagbag.py:588} INFO - Filling up the DagBag from /opt/airflow/dags/rookie_hiker_dag.py
[2025-12-15T14:02:33.656+0000] {processor.py:925} INFO - DAG(s) 'rookie_hiker_dag' retrieved from /opt/airflow/dags/rookie_hiker_dag.py
[2025-12-15T14:02:33.698+0000] {logging_mixin.py:190} INFO - [2025-12-15T14:02:33.697+0000] {dag.py:3239} INFO - Sync 1 DAGs
[2025-12-15T14:02:33.714+0000] {logging_mixin.py:190} INFO - [2025-12-15T14:02:33.713+0000] {dag.py:4180} INFO - Setting next_dagrun for rookie_hiker_dag to None, run_after=None
[2025-12-15T14:02:33.743+0000] {processor.py:208} INFO - Processing /opt/airflow/dags/rookie_hiker_dag.py took 1.248 seconds
[2025-12-15T14:03:04.529+0000] {processor.py:186} INFO - Started process (PID=572) to work on /opt/airflow/dags/rookie_hiker_dag.py
[2025-12-15T14:03:04.531+0000] {processor.py:914} INFO - Processing file /opt/airflow/dags/rookie_hiker_dag.py for tasks to queue
[2025-12-15T14:03:04.533+0000] {logging_mixin.py:190} INFO - [2025-12-15T14:03:04.533+0000] {dagbag.py:588} INFO - Filling up the DagBag from /opt/airflow/dags/rookie_hiker_dag.py
[2025-12-15T14:03:05.518+0000] {processor.py:925} INFO - DAG(s) 'rookie_hiker_dag' retrieved from /opt/airflow/dags/rookie_hiker_dag.py
[2025-12-15T14:03:05.552+0000] {logging_mixin.py:190} INFO - [2025-12-15T14:03:05.551+0000] {dag.py:3239} INFO - Sync 1 DAGs
[2025-12-15T14:03:05.573+0000] {logging_mixin.py:190} INFO - [2025-12-15T14:03:05.573+0000] {dag.py:4180} INFO - Setting next_dagrun for rookie_hiker_dag to None, run_after=None
[2025-12-15T14:03:05.604+0000] {processor.py:208} INFO - Processing /opt/airflow/dags/rookie_hiker_dag.py took 1.085 seconds
[2025-12-15T14:03:35.824+0000] {processor.py:186} INFO - Started process (PID=589) to work on /opt/airflow/dags/rookie_hiker_dag.py
[2025-12-15T14:03:35.826+0000] {processor.py:914} INFO - Processing file /opt/airflow/dags/rookie_hiker_dag.py for tasks to queue
[2025-12-15T14:03:35.828+0000] {logging_mixin.py:190} INFO - [2025-12-15T14:03:35.827+0000] {dagbag.py:588} INFO - Filling up the DagBag from /opt/airflow/dags/rookie_hiker_dag.py
[2025-12-15T14:03:36.720+0000] {processor.py:925} INFO - DAG(s) 'rookie_hiker_dag' retrieved from /opt/airflow/dags/rookie_hiker_dag.py
[2025-12-15T14:03:36.751+0000] {logging_mixin.py:190} INFO - [2025-12-15T14:03:36.750+0000] {dag.py:3239} INFO - Sync 1 DAGs
[2025-12-15T14:03:36.770+0000] {logging_mixin.py:190} INFO - [2025-12-15T14:03:36.770+0000] {dag.py:4180} INFO - Setting next_dagrun for rookie_hiker_dag to None, run_after=None
[2025-12-15T14:03:36.796+0000] {processor.py:208} INFO - Processing /opt/airflow/dags/rookie_hiker_dag.py took 0.982 seconds
[2025-12-15T14:04:07.719+0000] {processor.py:186} INFO - Started process (PID=607) to work on /opt/airflow/dags/rookie_hiker_dag.py
[2025-12-15T14:04:07.721+0000] {processor.py:914} INFO - Processing file /opt/airflow/dags/rookie_hiker_dag.py for tasks to queue
[2025-12-15T14:04:07.723+0000] {logging_mixin.py:190} INFO - [2025-12-15T14:04:07.722+0000] {dagbag.py:588} INFO - Filling up the DagBag from /opt/airflow/dags/rookie_hiker_dag.py
[2025-12-15T14:04:08.830+0000] {processor.py:925} INFO - DAG(s) 'rookie_hiker_dag' retrieved from /opt/airflow/dags/rookie_hiker_dag.py
[2025-12-15T14:04:08.863+0000] {logging_mixin.py:190} INFO - [2025-12-15T14:04:08.862+0000] {dag.py:3239} INFO - Sync 1 DAGs
[2025-12-15T14:04:08.886+0000] {logging_mixin.py:190} INFO - [2025-12-15T14:04:08.886+0000] {dag.py:4180} INFO - Setting next_dagrun for rookie_hiker_dag to None, run_after=None
[2025-12-15T14:04:08.950+0000] {processor.py:208} INFO - Processing /opt/airflow/dags/rookie_hiker_dag.py took 1.242 seconds
[2025-12-15T14:04:35.789+0000] {processor.py:186} INFO - Started process (PID=628) to work on /opt/airflow/dags/rookie_hiker_dag.py
[2025-12-15T14:04:35.791+0000] {processor.py:914} INFO - Processing file /opt/airflow/dags/rookie_hiker_dag.py for tasks to queue
[2025-12-15T14:04:35.793+0000] {logging_mixin.py:190} INFO - [2025-12-15T14:04:35.792+0000] {dagbag.py:588} INFO - Filling up the DagBag from /opt/airflow/dags/rookie_hiker_dag.py
[2025-12-15T14:04:37.032+0000] {processor.py:925} INFO - DAG(s) 'rookie_hiker_dag' retrieved from /opt/airflow/dags/rookie_hiker_dag.py
[2025-12-15T14:04:37.197+0000] {logging_mixin.py:190} INFO - [2025-12-15T14:04:37.196+0000] {dag.py:3239} INFO - Sync 1 DAGs
[2025-12-15T14:04:37.219+0000] {logging_mixin.py:190} INFO - [2025-12-15T14:04:37.219+0000] {dag.py:4180} INFO - Setting next_dagrun for rookie_hiker_dag to None, run_after=None
[2025-12-15T14:04:37.304+0000] {processor.py:208} INFO - Processing /opt/airflow/dags/rookie_hiker_dag.py took 1.523 seconds
[2025-12-15T14:05:07.882+0000] {processor.py:186} INFO - Started process (PID=646) to work on /opt/airflow/dags/rookie_hiker_dag.py
[2025-12-15T14:05:07.884+0000] {processor.py:914} INFO - Processing file /opt/airflow/dags/rookie_hiker_dag.py for tasks to queue
[2025-12-15T14:05:07.888+0000] {logging_mixin.py:190} INFO - [2025-12-15T14:05:07.887+0000] {dagbag.py:588} INFO - Filling up the DagBag from /opt/airflow/dags/rookie_hiker_dag.py
[2025-12-15T14:05:08.912+0000] {processor.py:925} INFO - DAG(s) 'rookie_hiker_dag' retrieved from /opt/airflow/dags/rookie_hiker_dag.py
[2025-12-15T14:05:08.954+0000] {logging_mixin.py:190} INFO - [2025-12-15T14:05:08.953+0000] {dag.py:3239} INFO - Sync 1 DAGs
[2025-12-15T14:05:08.972+0000] {logging_mixin.py:190} INFO - [2025-12-15T14:05:08.972+0000] {dag.py:4180} INFO - Setting next_dagrun for rookie_hiker_dag to None, run_after=None
[2025-12-15T14:05:09.027+0000] {processor.py:208} INFO - Processing /opt/airflow/dags/rookie_hiker_dag.py took 1.155 seconds
[2025-12-15T14:05:39.169+0000] {processor.py:186} INFO - Started process (PID=664) to work on /opt/airflow/dags/rookie_hiker_dag.py
[2025-12-15T14:05:39.172+0000] {processor.py:914} INFO - Processing file /opt/airflow/dags/rookie_hiker_dag.py for tasks to queue
[2025-12-15T14:05:39.175+0000] {logging_mixin.py:190} INFO - [2025-12-15T14:05:39.174+0000] {dagbag.py:588} INFO - Filling up the DagBag from /opt/airflow/dags/rookie_hiker_dag.py
[2025-12-15T14:05:40.141+0000] {processor.py:925} INFO - DAG(s) 'rookie_hiker_dag' retrieved from /opt/airflow/dags/rookie_hiker_dag.py
[2025-12-15T14:05:40.167+0000] {logging_mixin.py:190} INFO - [2025-12-15T14:05:40.166+0000] {dag.py:3239} INFO - Sync 1 DAGs
[2025-12-15T14:05:40.181+0000] {logging_mixin.py:190} INFO - [2025-12-15T14:05:40.181+0000] {dag.py:4180} INFO - Setting next_dagrun for rookie_hiker_dag to None, run_after=None
[2025-12-15T14:05:40.237+0000] {processor.py:208} INFO - Processing /opt/airflow/dags/rookie_hiker_dag.py took 1.078 seconds
[2025-12-15T14:06:10.448+0000] {processor.py:186} INFO - Started process (PID=682) to work on /opt/airflow/dags/rookie_hiker_dag.py
[2025-12-15T14:06:10.450+0000] {processor.py:914} INFO - Processing file /opt/airflow/dags/rookie_hiker_dag.py for tasks to queue
[2025-12-15T14:06:10.452+0000] {logging_mixin.py:190} INFO - [2025-12-15T14:06:10.452+0000] {dagbag.py:588} INFO - Filling up the DagBag from /opt/airflow/dags/rookie_hiker_dag.py
[2025-12-15T14:06:11.546+0000] {processor.py:925} INFO - DAG(s) 'rookie_hiker_dag' retrieved from /opt/airflow/dags/rookie_hiker_dag.py
[2025-12-15T14:06:11.587+0000] {logging_mixin.py:190} INFO - [2025-12-15T14:06:11.585+0000] {dag.py:3239} INFO - Sync 1 DAGs
[2025-12-15T14:06:11.607+0000] {logging_mixin.py:190} INFO - [2025-12-15T14:06:11.607+0000] {dag.py:4180} INFO - Setting next_dagrun for rookie_hiker_dag to None, run_after=None
[2025-12-15T14:06:11.655+0000] {processor.py:208} INFO - Processing /opt/airflow/dags/rookie_hiker_dag.py took 1.216 seconds
[2025-12-15T14:06:42.491+0000] {processor.py:186} INFO - Started process (PID=700) to work on /opt/airflow/dags/rookie_hiker_dag.py
[2025-12-15T14:06:42.493+0000] {processor.py:914} INFO - Processing file /opt/airflow/dags/rookie_hiker_dag.py for tasks to queue
[2025-12-15T14:06:42.496+0000] {logging_mixin.py:190} INFO - [2025-12-15T14:06:42.495+0000] {dagbag.py:588} INFO - Filling up the DagBag from /opt/airflow/dags/rookie_hiker_dag.py
[2025-12-15T14:06:43.533+0000] {processor.py:925} INFO - DAG(s) 'rookie_hiker_dag' retrieved from /opt/airflow/dags/rookie_hiker_dag.py
[2025-12-15T14:06:43.566+0000] {logging_mixin.py:190} INFO - [2025-12-15T14:06:43.566+0000] {dag.py:3239} INFO - Sync 1 DAGs
[2025-12-15T14:06:43.582+0000] {logging_mixin.py:190} INFO - [2025-12-15T14:06:43.582+0000] {dag.py:4180} INFO - Setting next_dagrun for rookie_hiker_dag to None, run_after=None
[2025-12-15T14:06:43.641+0000] {processor.py:208} INFO - Processing /opt/airflow/dags/rookie_hiker_dag.py took 1.158 seconds
[2025-12-15T14:07:14.491+0000] {processor.py:186} INFO - Started process (PID=718) to work on /opt/airflow/dags/rookie_hiker_dag.py
[2025-12-15T14:07:14.493+0000] {processor.py:914} INFO - Processing file /opt/airflow/dags/rookie_hiker_dag.py for tasks to queue
[2025-12-15T14:07:14.495+0000] {logging_mixin.py:190} INFO - [2025-12-15T14:07:14.495+0000] {dagbag.py:588} INFO - Filling up the DagBag from /opt/airflow/dags/rookie_hiker_dag.py
[2025-12-15T14:07:15.458+0000] {processor.py:925} INFO - DAG(s) 'rookie_hiker_dag' retrieved from /opt/airflow/dags/rookie_hiker_dag.py
[2025-12-15T14:07:15.495+0000] {logging_mixin.py:190} INFO - [2025-12-15T14:07:15.495+0000] {dag.py:3239} INFO - Sync 1 DAGs
[2025-12-15T14:07:15.514+0000] {logging_mixin.py:190} INFO - [2025-12-15T14:07:15.513+0000] {dag.py:4180} INFO - Setting next_dagrun for rookie_hiker_dag to None, run_after=None
[2025-12-15T14:07:15.579+0000] {processor.py:208} INFO - Processing /opt/airflow/dags/rookie_hiker_dag.py took 1.096 seconds
[2025-12-15T14:07:45.866+0000] {processor.py:186} INFO - Started process (PID=736) to work on /opt/airflow/dags/rookie_hiker_dag.py
[2025-12-15T14:07:45.867+0000] {processor.py:914} INFO - Processing file /opt/airflow/dags/rookie_hiker_dag.py for tasks to queue
[2025-12-15T14:07:45.870+0000] {logging_mixin.py:190} INFO - [2025-12-15T14:07:45.870+0000] {dagbag.py:588} INFO - Filling up the DagBag from /opt/airflow/dags/rookie_hiker_dag.py
[2025-12-15T14:07:47.014+0000] {processor.py:925} INFO - DAG(s) 'rookie_hiker_dag' retrieved from /opt/airflow/dags/rookie_hiker_dag.py
[2025-12-15T14:07:47.066+0000] {logging_mixin.py:190} INFO - [2025-12-15T14:07:47.065+0000] {dag.py:3239} INFO - Sync 1 DAGs
[2025-12-15T14:07:47.096+0000] {logging_mixin.py:190} INFO - [2025-12-15T14:07:47.096+0000] {dag.py:4180} INFO - Setting next_dagrun for rookie_hiker_dag to None, run_after=None
[2025-12-15T14:07:47.172+0000] {processor.py:208} INFO - Processing /opt/airflow/dags/rookie_hiker_dag.py took 1.316 seconds
[2025-12-15T14:09:59.935+0000] {processor.py:186} INFO - Started process (PID=211) to work on /opt/airflow/dags/rookie_hiker_dag.py
[2025-12-15T14:09:59.937+0000] {processor.py:914} INFO - Processing file /opt/airflow/dags/rookie_hiker_dag.py for tasks to queue
[2025-12-15T14:09:59.939+0000] {logging_mixin.py:190} INFO - [2025-12-15T14:09:59.939+0000] {dagbag.py:588} INFO - Filling up the DagBag from /opt/airflow/dags/rookie_hiker_dag.py
[2025-12-15T14:10:01.210+0000] {logging_mixin.py:190} INFO - [2025-12-15T14:10:01.209+0000] {font_manager.py:1547} INFO - generated new fontManager
[2025-12-15T14:10:01.495+0000] {processor.py:925} INFO - DAG(s) 'rookie_hiker_dag' retrieved from /opt/airflow/dags/rookie_hiker_dag.py
[2025-12-15T14:10:01.874+0000] {logging_mixin.py:190} INFO - [2025-12-15T14:10:01.872+0000] {override.py:1901} INFO - Created Permission View: can edit on DAG:rookie_hiker_dag
[2025-12-15T14:10:01.907+0000] {logging_mixin.py:190} INFO - [2025-12-15T14:10:01.906+0000] {override.py:1901} INFO - Created Permission View: can delete on DAG:rookie_hiker_dag
[2025-12-15T14:10:01.942+0000] {logging_mixin.py:190} INFO - [2025-12-15T14:10:01.941+0000] {override.py:1901} INFO - Created Permission View: can read on DAG:rookie_hiker_dag
[2025-12-15T14:10:01.983+0000] {logging_mixin.py:190} INFO - [2025-12-15T14:10:01.982+0000] {override.py:1901} INFO - Created Permission View: menu access on DAG Run:rookie_hiker_dag
[2025-12-15T14:10:02.020+0000] {logging_mixin.py:190} INFO - [2025-12-15T14:10:02.019+0000] {override.py:1901} INFO - Created Permission View: can delete on DAG Run:rookie_hiker_dag
[2025-12-15T14:10:02.056+0000] {logging_mixin.py:190} INFO - [2025-12-15T14:10:02.055+0000] {override.py:1901} INFO - Created Permission View: can create on DAG Run:rookie_hiker_dag
[2025-12-15T14:10:02.099+0000] {logging_mixin.py:190} INFO - [2025-12-15T14:10:02.097+0000] {override.py:1901} INFO - Created Permission View: can read on DAG Run:rookie_hiker_dag
[2025-12-15T14:10:02.104+0000] {logging_mixin.py:190} INFO - [2025-12-15T14:10:02.102+0000] {dag.py:3239} INFO - Sync 1 DAGs
[2025-12-15T14:10:02.145+0000] {logging_mixin.py:190} INFO - [2025-12-15T14:10:02.145+0000] {dag.py:3262} INFO - Creating ORM DAG for rookie_hiker_dag
[2025-12-15T14:10:02.147+0000] {logging_mixin.py:190} INFO - [2025-12-15T14:10:02.147+0000] {dag.py:4180} INFO - Setting next_dagrun for rookie_hiker_dag to None, run_after=None
[2025-12-15T14:10:02.197+0000] {processor.py:208} INFO - Processing /opt/airflow/dags/rookie_hiker_dag.py took 2.273 seconds
[2025-12-15T14:10:32.795+0000] {processor.py:186} INFO - Started process (PID=234) to work on /opt/airflow/dags/rookie_hiker_dag.py
[2025-12-15T14:10:32.797+0000] {processor.py:914} INFO - Processing file /opt/airflow/dags/rookie_hiker_dag.py for tasks to queue
[2025-12-15T14:10:32.799+0000] {logging_mixin.py:190} INFO - [2025-12-15T14:10:32.799+0000] {dagbag.py:588} INFO - Filling up the DagBag from /opt/airflow/dags/rookie_hiker_dag.py
[2025-12-15T14:10:33.505+0000] {processor.py:925} INFO - DAG(s) 'rookie_hiker_dag' retrieved from /opt/airflow/dags/rookie_hiker_dag.py
[2025-12-15T14:10:33.536+0000] {logging_mixin.py:190} INFO - [2025-12-15T14:10:33.535+0000] {dag.py:3239} INFO - Sync 1 DAGs
[2025-12-15T14:10:33.550+0000] {logging_mixin.py:190} INFO - [2025-12-15T14:10:33.550+0000] {dag.py:4180} INFO - Setting next_dagrun for rookie_hiker_dag to None, run_after=None
[2025-12-15T14:10:33.581+0000] {processor.py:208} INFO - Processing /opt/airflow/dags/rookie_hiker_dag.py took 0.795 seconds
[2025-12-15T14:11:04.273+0000] {processor.py:186} INFO - Started process (PID=251) to work on /opt/airflow/dags/rookie_hiker_dag.py
[2025-12-15T14:11:04.277+0000] {processor.py:914} INFO - Processing file /opt/airflow/dags/rookie_hiker_dag.py for tasks to queue
[2025-12-15T14:11:04.280+0000] {logging_mixin.py:190} INFO - [2025-12-15T14:11:04.279+0000] {dagbag.py:588} INFO - Filling up the DagBag from /opt/airflow/dags/rookie_hiker_dag.py
[2025-12-15T14:11:05.081+0000] {processor.py:925} INFO - DAG(s) 'rookie_hiker_dag' retrieved from /opt/airflow/dags/rookie_hiker_dag.py
[2025-12-15T14:11:05.122+0000] {logging_mixin.py:190} INFO - [2025-12-15T14:11:05.121+0000] {dag.py:3239} INFO - Sync 1 DAGs
[2025-12-15T14:11:05.456+0000] {logging_mixin.py:190} INFO - [2025-12-15T14:11:05.455+0000] {dag.py:4180} INFO - Setting next_dagrun for rookie_hiker_dag to None, run_after=None
[2025-12-15T14:11:05.499+0000] {processor.py:208} INFO - Processing /opt/airflow/dags/rookie_hiker_dag.py took 1.246 seconds
[2025-12-15T14:11:36.257+0000] {processor.py:186} INFO - Started process (PID=358) to work on /opt/airflow/dags/rookie_hiker_dag.py
[2025-12-15T14:11:36.259+0000] {processor.py:914} INFO - Processing file /opt/airflow/dags/rookie_hiker_dag.py for tasks to queue
[2025-12-15T14:11:36.261+0000] {logging_mixin.py:190} INFO - [2025-12-15T14:11:36.260+0000] {dagbag.py:588} INFO - Filling up the DagBag from /opt/airflow/dags/rookie_hiker_dag.py
[2025-12-15T14:11:37.060+0000] {processor.py:925} INFO - DAG(s) 'rookie_hiker_dag' retrieved from /opt/airflow/dags/rookie_hiker_dag.py
[2025-12-15T14:11:37.093+0000] {logging_mixin.py:190} INFO - [2025-12-15T14:11:37.092+0000] {dag.py:3239} INFO - Sync 1 DAGs
[2025-12-15T14:11:37.108+0000] {logging_mixin.py:190} INFO - [2025-12-15T14:11:37.108+0000] {dag.py:4180} INFO - Setting next_dagrun for rookie_hiker_dag to None, run_after=None
[2025-12-15T14:11:37.134+0000] {processor.py:208} INFO - Processing /opt/airflow/dags/rookie_hiker_dag.py took 0.887 seconds
[2025-12-15T14:12:07.231+0000] {processor.py:186} INFO - Started process (PID=393) to work on /opt/airflow/dags/rookie_hiker_dag.py
[2025-12-15T14:12:07.233+0000] {processor.py:914} INFO - Processing file /opt/airflow/dags/rookie_hiker_dag.py for tasks to queue
[2025-12-15T14:12:07.235+0000] {logging_mixin.py:190} INFO - [2025-12-15T14:12:07.235+0000] {dagbag.py:588} INFO - Filling up the DagBag from /opt/airflow/dags/rookie_hiker_dag.py
[2025-12-15T14:12:08.085+0000] {processor.py:925} INFO - DAG(s) 'rookie_hiker_dag' retrieved from /opt/airflow/dags/rookie_hiker_dag.py
[2025-12-15T14:12:08.126+0000] {logging_mixin.py:190} INFO - [2025-12-15T14:12:08.125+0000] {dag.py:3239} INFO - Sync 1 DAGs
[2025-12-15T14:12:08.337+0000] {logging_mixin.py:190} INFO - [2025-12-15T14:12:08.337+0000] {dag.py:4180} INFO - Setting next_dagrun for rookie_hiker_dag to None, run_after=None
[2025-12-15T14:12:08.398+0000] {processor.py:208} INFO - Processing /opt/airflow/dags/rookie_hiker_dag.py took 1.176 seconds
[2025-12-15T14:12:38.676+0000] {processor.py:186} INFO - Started process (PID=411) to work on /opt/airflow/dags/rookie_hiker_dag.py
[2025-12-15T14:12:38.678+0000] {processor.py:914} INFO - Processing file /opt/airflow/dags/rookie_hiker_dag.py for tasks to queue
[2025-12-15T14:12:38.680+0000] {logging_mixin.py:190} INFO - [2025-12-15T14:12:38.680+0000] {dagbag.py:588} INFO - Filling up the DagBag from /opt/airflow/dags/rookie_hiker_dag.py
[2025-12-15T14:12:39.473+0000] {processor.py:925} INFO - DAG(s) 'rookie_hiker_dag' retrieved from /opt/airflow/dags/rookie_hiker_dag.py
[2025-12-15T14:12:39.531+0000] {logging_mixin.py:190} INFO - [2025-12-15T14:12:39.530+0000] {dag.py:3239} INFO - Sync 1 DAGs
[2025-12-15T14:12:39.760+0000] {logging_mixin.py:190} INFO - [2025-12-15T14:12:39.759+0000] {dag.py:4180} INFO - Setting next_dagrun for rookie_hiker_dag to None, run_after=None
[2025-12-15T14:12:39.827+0000] {processor.py:208} INFO - Processing /opt/airflow/dags/rookie_hiker_dag.py took 1.163 seconds
[2025-12-15T14:13:09.969+0000] {processor.py:186} INFO - Started process (PID=428) to work on /opt/airflow/dags/rookie_hiker_dag.py
[2025-12-15T14:13:09.971+0000] {processor.py:914} INFO - Processing file /opt/airflow/dags/rookie_hiker_dag.py for tasks to queue
[2025-12-15T14:13:09.974+0000] {logging_mixin.py:190} INFO - [2025-12-15T14:13:09.973+0000] {dagbag.py:588} INFO - Filling up the DagBag from /opt/airflow/dags/rookie_hiker_dag.py
[2025-12-15T14:13:11.285+0000] {processor.py:925} INFO - DAG(s) 'rookie_hiker_dag' retrieved from /opt/airflow/dags/rookie_hiker_dag.py
[2025-12-15T14:13:11.352+0000] {logging_mixin.py:190} INFO - [2025-12-15T14:13:11.351+0000] {dag.py:3239} INFO - Sync 1 DAGs
[2025-12-15T14:13:11.374+0000] {logging_mixin.py:190} INFO - [2025-12-15T14:13:11.374+0000] {dag.py:4180} INFO - Setting next_dagrun for rookie_hiker_dag to None, run_after=None
[2025-12-15T14:13:11.433+0000] {processor.py:208} INFO - Processing /opt/airflow/dags/rookie_hiker_dag.py took 1.475 seconds
