[2025-12-15T14:11:31.518+0000] {local_task_job_runner.py:123} INFO - ::group::Pre task execution logs
[2025-12-15T14:11:31.540+0000] {taskinstance.py:2614} INFO - Dependencies all met for dep_context=non-requeueable deps ti=<TaskInstance: rookie_hiker_dag.create_rookie_table manual__2025-12-15T14:11:29.898489+00:00 [queued]>
[2025-12-15T14:11:31.549+0000] {taskinstance.py:2614} INFO - Dependencies all met for dep_context=requeueable deps ti=<TaskInstance: rookie_hiker_dag.create_rookie_table manual__2025-12-15T14:11:29.898489+00:00 [queued]>
[2025-12-15T14:11:31.550+0000] {taskinstance.py:2867} INFO - Starting attempt 1 of 1
[2025-12-15T14:11:31.565+0000] {taskinstance.py:2890} INFO - Executing <Task(PostgresOperator): create_rookie_table> on 2025-12-15 14:11:29.898489+00:00
[2025-12-15T14:11:31.571+0000] {standard_task_runner.py:72} INFO - Started process 325 to run task
[2025-12-15T14:11:31.578+0000] {standard_task_runner.py:104} INFO - Running: ['***', 'tasks', 'run', 'rookie_hiker_dag', 'create_rookie_table', 'manual__2025-12-15T14:11:29.898489+00:00', '--job-id', '12', '--raw', '--subdir', 'DAGS_FOLDER/rookie_hiker_dag.py', '--cfg-path', '/tmp/tmpunr35g2x']
[2025-12-15T14:11:31.582+0000] {standard_task_runner.py:105} INFO - Job 12: Subtask create_rookie_table
[2025-12-15T14:11:31.663+0000] {task_command.py:467} INFO - Running <TaskInstance: rookie_hiker_dag.create_rookie_table manual__2025-12-15T14:11:29.898489+00:00 [running]> on host 3e12606bdde1
[2025-12-15T14:11:31.985+0000] {taskinstance.py:3134} INFO - Exporting env vars: AIRFLOW_CTX_DAG_OWNER='***' AIRFLOW_CTX_DAG_ID='rookie_hiker_dag' AIRFLOW_CTX_TASK_ID='create_rookie_table' AIRFLOW_CTX_EXECUTION_DATE='2025-12-15T14:11:29.898489+00:00' AIRFLOW_CTX_TRY_NUMBER='1' AIRFLOW_CTX_DAG_RUN_ID='manual__2025-12-15T14:11:29.898489+00:00'
[2025-12-15T14:11:31.988+0000] {taskinstance.py:732} INFO - ::endgroup::
[2025-12-15T14:11:31.992+0000] {sql.py:266} INFO - Executing: 
            CREATE TABLE IF NOT EXISTS gold_top_10_rookies (
                "NAME" TEXT,
                "compatible_trails" INTEGER
            );
        
[2025-12-15T14:11:31.994+0000] {crypto.py:82} WARNING - empty cryptography key - values will not be stored encrypted.
[2025-12-15T14:11:31.996+0000] {base.py:84} INFO - Retrieving connection 'postgres_default'
[2025-12-15T14:11:32.000+0000] {base.py:84} INFO - Retrieving connection 'postgres_default'
[2025-12-15T14:11:32.010+0000] {sql.py:542} INFO - Running statement: 
            CREATE TABLE IF NOT EXISTS gold_top_10_rookies (
                "NAME" TEXT,
                "compatible_trails" INTEGER
            );
        , parameters: None
[2025-12-15T14:11:32.037+0000] {taskinstance.py:341} INFO - ::group::Post task execution logs
[2025-12-15T14:11:32.038+0000] {taskinstance.py:353} INFO - Marking task as SUCCESS. dag_id=rookie_hiker_dag, task_id=create_rookie_table, run_id=manual__2025-12-15T14:11:29.898489+00:00, execution_date=20251215T141129, start_date=20251215T141131, end_date=20251215T141132
[2025-12-15T14:11:32.112+0000] {local_task_job_runner.py:266} INFO - Task exited with return code 0
[2025-12-15T14:11:32.159+0000] {taskinstance.py:3901} INFO - 1 downstream tasks scheduled from follow-on schedule check
[2025-12-15T14:11:32.163+0000] {local_task_job_runner.py:245} INFO - ::endgroup::
