[2025-12-15T14:11:28.585+0000] {local_task_job_runner.py:123} INFO - ::group::Pre task execution logs
[2025-12-15T14:11:28.607+0000] {taskinstance.py:2614} INFO - Dependencies all met for dep_context=non-requeueable deps ti=<TaskInstance: nba_teams_dag.create_teams_table manual__2025-12-15T14:11:26.400921+00:00 [queued]>
[2025-12-15T14:11:28.618+0000] {taskinstance.py:2614} INFO - Dependencies all met for dep_context=requeueable deps ti=<TaskInstance: nba_teams_dag.create_teams_table manual__2025-12-15T14:11:26.400921+00:00 [queued]>
[2025-12-15T14:11:28.619+0000] {taskinstance.py:2867} INFO - Starting attempt 1 of 1
[2025-12-15T14:11:28.635+0000] {taskinstance.py:2890} INFO - Executing <Task(PostgresOperator): create_teams_table> on 2025-12-15 14:11:26.400921+00:00
[2025-12-15T14:11:28.642+0000] {standard_task_runner.py:72} INFO - Started process 313 to run task
[2025-12-15T14:11:28.650+0000] {standard_task_runner.py:104} INFO - Running: ['***', 'tasks', 'run', 'nba_teams_dag', 'create_teams_table', 'manual__2025-12-15T14:11:26.400921+00:00', '--job-id', '9', '--raw', '--subdir', 'DAGS_FOLDER/nba_teams_dag.py', '--cfg-path', '/tmp/tmpb1sm6mlf']
[2025-12-15T14:11:28.656+0000] {standard_task_runner.py:105} INFO - Job 9: Subtask create_teams_table
[2025-12-15T14:11:28.763+0000] {task_command.py:467} INFO - Running <TaskInstance: nba_teams_dag.create_teams_table manual__2025-12-15T14:11:26.400921+00:00 [running]> on host 3e12606bdde1
[2025-12-15T14:11:29.225+0000] {taskinstance.py:3134} INFO - Exporting env vars: AIRFLOW_CTX_DAG_OWNER='***' AIRFLOW_CTX_DAG_ID='nba_teams_dag' AIRFLOW_CTX_TASK_ID='create_teams_table' AIRFLOW_CTX_EXECUTION_DATE='2025-12-15T14:11:26.400921+00:00' AIRFLOW_CTX_TRY_NUMBER='1' AIRFLOW_CTX_DAG_RUN_ID='manual__2025-12-15T14:11:26.400921+00:00'
[2025-12-15T14:11:29.229+0000] {taskinstance.py:732} INFO - ::endgroup::
[2025-12-15T14:11:29.235+0000] {sql.py:266} INFO - Executing: 
            CREATE TABLE IF NOT EXISTS gold_top_5_teams (
                "TEAM" TEXT,
                "avg_trails_per_player" DOUBLE PRECISION
            );
        
[2025-12-15T14:11:29.239+0000] {crypto.py:82} WARNING - empty cryptography key - values will not be stored encrypted.
[2025-12-15T14:11:29.241+0000] {base.py:84} INFO - Retrieving connection 'postgres_default'
[2025-12-15T14:11:29.245+0000] {base.py:84} INFO - Retrieving connection 'postgres_default'
[2025-12-15T14:11:29.255+0000] {sql.py:542} INFO - Running statement: 
            CREATE TABLE IF NOT EXISTS gold_top_5_teams (
                "TEAM" TEXT,
                "avg_trails_per_player" DOUBLE PRECISION
            );
        , parameters: None
[2025-12-15T14:11:29.284+0000] {taskinstance.py:341} INFO - ::group::Post task execution logs
[2025-12-15T14:11:29.285+0000] {taskinstance.py:353} INFO - Marking task as SUCCESS. dag_id=nba_teams_dag, task_id=create_teams_table, run_id=manual__2025-12-15T14:11:26.400921+00:00, execution_date=20251215T141126, start_date=20251215T141128, end_date=20251215T141129
[2025-12-15T14:11:29.346+0000] {local_task_job_runner.py:266} INFO - Task exited with return code 0
[2025-12-15T14:11:29.380+0000] {taskinstance.py:3901} INFO - 1 downstream tasks scheduled from follow-on schedule check
[2025-12-15T14:11:29.383+0000] {local_task_job_runner.py:245} INFO - ::endgroup::
