[2025-12-15T14:11:10.945+0000] {local_task_job_runner.py:123} INFO - ::group::Pre task execution logs
[2025-12-15T14:11:10.984+0000] {taskinstance.py:2614} INFO - Dependencies all met for dep_context=non-requeueable deps ti=<TaskInstance: nba_hiking_compatibility_pipeline_pandas_only.load_raw_csvs_to_postgres manual__2025-12-15T14:11:05.460178+00:00 [queued]>
[2025-12-15T14:11:11.010+0000] {taskinstance.py:2614} INFO - Dependencies all met for dep_context=requeueable deps ti=<TaskInstance: nba_hiking_compatibility_pipeline_pandas_only.load_raw_csvs_to_postgres manual__2025-12-15T14:11:05.460178+00:00 [queued]>
[2025-12-15T14:11:11.011+0000] {taskinstance.py:2867} INFO - Starting attempt 1 of 1
[2025-12-15T14:11:11.040+0000] {taskinstance.py:2890} INFO - Executing <Task(_PythonDecoratedOperator): load_raw_csvs_to_postgres> on 2025-12-15 14:11:05.460178+00:00
[2025-12-15T14:11:11.049+0000] {standard_task_runner.py:72} INFO - Started process 280 to run task
[2025-12-15T14:11:11.054+0000] {standard_task_runner.py:104} INFO - Running: ['***', 'tasks', 'run', 'nba_hiking_compatibility_pipeline_pandas_only', 'load_raw_csvs_to_postgres', 'manual__2025-12-15T14:11:05.460178+00:00', '--job-id', '5', '--raw', '--subdir', 'DAGS_FOLDER/nba_hiking_dags.py', '--cfg-path', '/tmp/tmpbvp8xlmq']
[2025-12-15T14:11:11.058+0000] {standard_task_runner.py:105} INFO - Job 5: Subtask load_raw_csvs_to_postgres
[2025-12-15T14:11:11.147+0000] {task_command.py:467} INFO - Running <TaskInstance: nba_hiking_compatibility_pipeline_pandas_only.load_raw_csvs_to_postgres manual__2025-12-15T14:11:05.460178+00:00 [running]> on host 3e12606bdde1
[2025-12-15T14:11:11.418+0000] {taskinstance.py:3134} INFO - Exporting env vars: AIRFLOW_CTX_DAG_OWNER='***' AIRFLOW_CTX_DAG_ID='nba_hiking_compatibility_pipeline_pandas_only' AIRFLOW_CTX_TASK_ID='load_raw_csvs_to_postgres' AIRFLOW_CTX_EXECUTION_DATE='2025-12-15T14:11:05.460178+00:00' AIRFLOW_CTX_TRY_NUMBER='1' AIRFLOW_CTX_DAG_RUN_ID='manual__2025-12-15T14:11:05.460178+00:00'
[2025-12-15T14:11:11.420+0000] {taskinstance.py:732} INFO - ::endgroup::
[2025-12-15T14:11:11.423+0000] {crypto.py:82} WARNING - empty cryptography key - values will not be stored encrypted.
[2025-12-15T14:11:11.424+0000] {base.py:84} INFO - Retrieving connection 'postgres_default'
[2025-12-15T14:11:11.428+0000] {logging_mixin.py:190} INFO - Loading /opt/***/data/raw/NBA_stats_data.csv into nba_stats_data_raw...
[2025-12-15T14:11:11.459+0000] {base.py:84} INFO - Retrieving connection 'postgres_default'
[2025-12-15T14:11:11.595+0000] {logging_mixin.py:190} INFO - Successfully loaded 609 rows into nba_stats_data_raw.
[2025-12-15T14:11:11.601+0000] {logging_mixin.py:190} INFO - Loading /opt/***/data/raw/HikingTrails_TheGorge.csv into hiking_trails_thegorge_raw...
[2025-12-15T14:11:11.646+0000] {logging_mixin.py:190} INFO - Successfully loaded 172 rows into hiking_trails_thegorge_raw.
[2025-12-15T14:11:11.650+0000] {logging_mixin.py:190} INFO - Loading /opt/***/data/raw/Trail_hazards_danger.csv into trail_hazards_danger_raw...
[2025-12-15T14:11:11.702+0000] {logging_mixin.py:190} INFO - Successfully loaded 175 rows into trail_hazards_danger_raw.
[2025-12-15T14:11:11.703+0000] {python.py:240} INFO - Done. Returned value was: None
[2025-12-15T14:11:11.727+0000] {taskinstance.py:341} INFO - ::group::Post task execution logs
[2025-12-15T14:11:11.729+0000] {taskinstance.py:353} INFO - Marking task as SUCCESS. dag_id=nba_hiking_compatibility_pipeline_pandas_only, task_id=load_raw_csvs_to_postgres, run_id=manual__2025-12-15T14:11:05.460178+00:00, execution_date=20251215T141105, start_date=20251215T141110, end_date=20251215T141111
[2025-12-15T14:11:11.871+0000] {local_task_job_runner.py:266} INFO - Task exited with return code 0
[2025-12-15T14:11:11.918+0000] {local_task_job_runner.py:245} INFO - ::endgroup::
