[2025-11-05T13:56:40.253+0000] {local_task_job_runner.py:123} INFO - ::group::Pre task execution logs
[2025-11-05T13:56:40.260+0000] {taskinstance.py:2614} INFO - Dependencies all met for dep_context=non-requeueable deps ti=<TaskInstance: nba_hiking_compatibility_pipeline_pandas_only.extract_and_transform manual__2025-11-05T13:56:39.087581+00:00 [queued]>
[2025-11-05T13:56:40.263+0000] {taskinstance.py:2614} INFO - Dependencies all met for dep_context=requeueable deps ti=<TaskInstance: nba_hiking_compatibility_pipeline_pandas_only.extract_and_transform manual__2025-11-05T13:56:39.087581+00:00 [queued]>
[2025-11-05T13:56:40.263+0000] {taskinstance.py:2867} INFO - Starting attempt 1 of 1
[2025-11-05T13:56:40.268+0000] {taskinstance.py:2890} INFO - Executing <Task(_PythonDecoratedOperator): extract_and_transform> on 2025-11-05 13:56:39.087581+00:00
[2025-11-05T13:56:40.271+0000] {standard_task_runner.py:72} INFO - Started process 200 to run task
[2025-11-05T13:56:40.273+0000] {standard_task_runner.py:104} INFO - Running: ['***', 'tasks', 'run', 'nba_hiking_compatibility_pipeline_pandas_only', 'extract_and_transform', 'manual__2025-11-05T13:56:39.087581+00:00', '--job-id', '2', '--raw', '--subdir', 'DAGS_FOLDER/nba_hiking_dags.py', '--cfg-path', '/tmp/tmphp8l2d8j']
[2025-11-05T13:56:40.275+0000] {standard_task_runner.py:105} INFO - Job 2: Subtask extract_and_transform
[2025-11-05T13:56:40.311+0000] {task_command.py:467} INFO - Running <TaskInstance: nba_hiking_compatibility_pipeline_pandas_only.extract_and_transform manual__2025-11-05T13:56:39.087581+00:00 [running]> on host 0c55d36b79b7
[2025-11-05T13:56:40.346+0000] {taskinstance.py:3134} INFO - Exporting env vars: AIRFLOW_CTX_DAG_OWNER='***' AIRFLOW_CTX_DAG_ID='nba_hiking_compatibility_pipeline_pandas_only' AIRFLOW_CTX_TASK_ID='extract_and_transform' AIRFLOW_CTX_EXECUTION_DATE='2025-11-05T13:56:39.087581+00:00' AIRFLOW_CTX_TRY_NUMBER='1' AIRFLOW_CTX_DAG_RUN_ID='manual__2025-11-05T13:56:39.087581+00:00'
[2025-11-05T13:56:40.346+0000] {taskinstance.py:732} INFO - ::endgroup::
[2025-11-05T13:56:40.348+0000] {taskinstance.py:3313} ERROR - Task failed with exception
Traceback (most recent call last):
  File "/home/airflow/.local/lib/python3.8/site-packages/airflow/models/taskinstance.py", line 768, in _execute_task
    result = _execute_callable(context=context, **execute_callable_kwargs)
  File "/home/airflow/.local/lib/python3.8/site-packages/airflow/models/taskinstance.py", line 734, in _execute_callable
    return ExecutionCallableRunner(
  File "/home/airflow/.local/lib/python3.8/site-packages/airflow/utils/operator_helpers.py", line 252, in run
    return self.func(*args, **kwargs)
  File "/home/airflow/.local/lib/python3.8/site-packages/airflow/models/baseoperator.py", line 424, in wrapper
    return func(self, *args, **kwargs)
  File "/home/airflow/.local/lib/python3.8/site-packages/airflow/decorators/base.py", line 266, in execute
    return_value = super().execute(context)
  File "/home/airflow/.local/lib/python3.8/site-packages/airflow/models/baseoperator.py", line 424, in wrapper
    return func(self, *args, **kwargs)
  File "/home/airflow/.local/lib/python3.8/site-packages/airflow/operators/python.py", line 238, in execute
    return_value = self.execute_callable()
  File "/home/airflow/.local/lib/python3.8/site-packages/airflow/operators/python.py", line 256, in execute_callable
    return runner.run(*self.op_args, **self.op_kwargs)
  File "/home/airflow/.local/lib/python3.8/site-packages/airflow/utils/operator_helpers.py", line 252, in run
    return self.func(*args, **kwargs)
  File "/opt/airflow/dags/nba_hiking_dags.py", line 46, in extract_and_transform
    raise FileNotFoundError(f"Missing required input file: {p}")
FileNotFoundError: Missing required input file: /opt/***/data/raw/nba_stats.csv
[2025-11-05T13:56:40.352+0000] {taskinstance.py:1226} INFO - Marking task as FAILED. dag_id=nba_hiking_compatibility_pipeline_pandas_only, task_id=extract_and_transform, run_id=manual__2025-11-05T13:56:39.087581+00:00, execution_date=20251105T135639, start_date=20251105T135640, end_date=20251105T135640
[2025-11-05T13:56:40.360+0000] {taskinstance.py:341} INFO - ::group::Post task execution logs
[2025-11-05T13:56:40.361+0000] {standard_task_runner.py:124} ERROR - Failed to execute job 2 for task extract_and_transform (Missing required input file: /opt/***/data/raw/nba_stats.csv; 200)
Traceback (most recent call last):
  File "/home/airflow/.local/lib/python3.8/site-packages/airflow/task/task_runner/standard_task_runner.py", line 117, in _start_by_fork
    ret = args.func(args, dag=self.dag)
  File "/home/airflow/.local/lib/python3.8/site-packages/airflow/cli/cli_config.py", line 49, in command
    return func(*args, **kwargs)
  File "/home/airflow/.local/lib/python3.8/site-packages/airflow/utils/cli.py", line 116, in wrapper
    return f(*args, **kwargs)
  File "/home/airflow/.local/lib/python3.8/site-packages/airflow/cli/commands/task_command.py", line 483, in task_run
    task_return_code = _run_task_by_selected_method(args, _dag, ti)
  File "/home/airflow/.local/lib/python3.8/site-packages/airflow/cli/commands/task_command.py", line 256, in _run_task_by_selected_method
    return _run_raw_task(args, ti)
  File "/home/airflow/.local/lib/python3.8/site-packages/airflow/cli/commands/task_command.py", line 341, in _run_raw_task
    return ti._run_raw_task(
  File "/home/airflow/.local/lib/python3.8/site-packages/airflow/utils/session.py", line 97, in wrapper
    return func(*args, session=session, **kwargs)
  File "/home/airflow/.local/lib/python3.8/site-packages/airflow/models/taskinstance.py", line 3006, in _run_raw_task
    return _run_raw_task(
  File "/home/airflow/.local/lib/python3.8/site-packages/airflow/models/taskinstance.py", line 274, in _run_raw_task
    TaskInstance._execute_task_with_callbacks(
  File "/home/airflow/.local/lib/python3.8/site-packages/airflow/models/taskinstance.py", line 3161, in _execute_task_with_callbacks
    result = self._execute_task(context, task_orig)
  File "/home/airflow/.local/lib/python3.8/site-packages/airflow/models/taskinstance.py", line 3185, in _execute_task
    return _execute_task(self, context, task_orig)
  File "/home/airflow/.local/lib/python3.8/site-packages/airflow/models/taskinstance.py", line 768, in _execute_task
    result = _execute_callable(context=context, **execute_callable_kwargs)
  File "/home/airflow/.local/lib/python3.8/site-packages/airflow/models/taskinstance.py", line 734, in _execute_callable
    return ExecutionCallableRunner(
  File "/home/airflow/.local/lib/python3.8/site-packages/airflow/utils/operator_helpers.py", line 252, in run
    return self.func(*args, **kwargs)
  File "/home/airflow/.local/lib/python3.8/site-packages/airflow/models/baseoperator.py", line 424, in wrapper
    return func(self, *args, **kwargs)
  File "/home/airflow/.local/lib/python3.8/site-packages/airflow/decorators/base.py", line 266, in execute
    return_value = super().execute(context)
  File "/home/airflow/.local/lib/python3.8/site-packages/airflow/models/baseoperator.py", line 424, in wrapper
    return func(self, *args, **kwargs)
  File "/home/airflow/.local/lib/python3.8/site-packages/airflow/operators/python.py", line 238, in execute
    return_value = self.execute_callable()
  File "/home/airflow/.local/lib/python3.8/site-packages/airflow/operators/python.py", line 256, in execute_callable
    return runner.run(*self.op_args, **self.op_kwargs)
  File "/home/airflow/.local/lib/python3.8/site-packages/airflow/utils/operator_helpers.py", line 252, in run
    return self.func(*args, **kwargs)
  File "/opt/airflow/dags/nba_hiking_dags.py", line 46, in extract_and_transform
    raise FileNotFoundError(f"Missing required input file: {p}")
FileNotFoundError: Missing required input file: /opt/***/data/raw/nba_stats.csv
[2025-11-05T13:56:40.370+0000] {local_task_job_runner.py:266} INFO - Task exited with return code 1
[2025-11-05T13:56:40.381+0000] {taskinstance.py:3901} INFO - 0 downstream tasks scheduled from follow-on schedule check
[2025-11-05T13:56:40.382+0000] {local_task_job_runner.py:245} INFO - ::endgroup::
