[2025-12-15T14:11:31.544+0000] {local_task_job_runner.py:123} INFO - ::group::Pre task execution logs
[2025-12-15T14:11:31.565+0000] {taskinstance.py:2614} INFO - Dependencies all met for dep_context=non-requeueable deps ti=<TaskInstance: rookie_hiker_dag.compute_and_load_rookies__1 manual__2025-12-15T14:11:29.898489+00:00 [queued]>
[2025-12-15T14:11:31.573+0000] {taskinstance.py:2614} INFO - Dependencies all met for dep_context=requeueable deps ti=<TaskInstance: rookie_hiker_dag.compute_and_load_rookies__1 manual__2025-12-15T14:11:29.898489+00:00 [queued]>
[2025-12-15T14:11:31.574+0000] {taskinstance.py:2867} INFO - Starting attempt 1 of 1
[2025-12-15T14:11:31.593+0000] {taskinstance.py:2890} INFO - Executing <Task(_PythonDecoratedOperator): compute_and_load_rookies__1> on 2025-12-15 14:11:29.898489+00:00
[2025-12-15T14:11:31.601+0000] {standard_task_runner.py:72} INFO - Started process 327 to run task
[2025-12-15T14:11:31.607+0000] {standard_task_runner.py:104} INFO - Running: ['***', 'tasks', 'run', 'rookie_hiker_dag', 'compute_and_load_rookies__1', 'manual__2025-12-15T14:11:29.898489+00:00', '--job-id', '13', '--raw', '--subdir', 'DAGS_FOLDER/rookie_hiker_dag.py', '--cfg-path', '/tmp/tmpm7_p3olh']
[2025-12-15T14:11:31.612+0000] {standard_task_runner.py:105} INFO - Job 13: Subtask compute_and_load_rookies__1
[2025-12-15T14:11:31.691+0000] {task_command.py:467} INFO - Running <TaskInstance: rookie_hiker_dag.compute_and_load_rookies__1 manual__2025-12-15T14:11:29.898489+00:00 [running]> on host 3e12606bdde1
[2025-12-15T14:11:32.007+0000] {taskinstance.py:3134} INFO - Exporting env vars: AIRFLOW_CTX_DAG_OWNER='***' AIRFLOW_CTX_DAG_ID='rookie_hiker_dag' AIRFLOW_CTX_TASK_ID='compute_and_load_rookies__1' AIRFLOW_CTX_EXECUTION_DATE='2025-12-15T14:11:29.898489+00:00' AIRFLOW_CTX_TRY_NUMBER='1' AIRFLOW_CTX_DAG_RUN_ID='manual__2025-12-15T14:11:29.898489+00:00'
[2025-12-15T14:11:32.011+0000] {taskinstance.py:732} INFO - ::endgroup::
[2025-12-15T14:11:32.089+0000] {logging_mixin.py:190} INFO - Loading results into Postgres table 'gold_top_10_rookies'...
[2025-12-15T14:11:32.093+0000] {crypto.py:82} WARNING - empty cryptography key - values will not be stored encrypted.
[2025-12-15T14:11:32.095+0000] {base.py:84} INFO - Retrieving connection 'postgres_default'
[2025-12-15T14:11:32.104+0000] {base.py:84} INFO - Retrieving connection 'postgres_default'
[2025-12-15T14:11:32.172+0000] {logging_mixin.py:190} INFO - Data loaded successfully.
[2025-12-15T14:11:32.175+0000] {python.py:240} INFO - Done. Returned value was: [{'NAME': 'Walker Kessler', 'compatible_trails': 169}, {'NAME': 'Jabari Smith Jr.', 'compatible_trails': 136}, {'NAME': 'Keegan Murray', 'compatible_trails': 136}, {'NAME': 'Paolo Banchero', 'compatible_trails': 136}, {'NAME': 'Jalen Duren', 'compatible_trails': 135}, {'NAME': 'Jeremy Sochan', 'compatible_trails': 135}, {'NAME': 'Tari Eason', 'compatible_trails': 135}, {'NAME': 'Jaylin Williams', 'compatible_trails': 131}, {'NAME': 'Bennedict Mathurin', 'compatible_trails': 71}, {'NAME': 'Jaden Ivey', 'compatible_trails': 71}]
[2025-12-15T14:11:32.233+0000] {taskinstance.py:341} INFO - ::group::Post task execution logs
[2025-12-15T14:11:32.236+0000] {taskinstance.py:353} INFO - Marking task as SUCCESS. dag_id=rookie_hiker_dag, task_id=compute_and_load_rookies__1, run_id=manual__2025-12-15T14:11:29.898489+00:00, execution_date=20251215T141129, start_date=20251215T141131, end_date=20251215T141132
[2025-12-15T14:11:32.385+0000] {local_task_job_runner.py:266} INFO - Task exited with return code 0
[2025-12-15T14:11:32.468+0000] {taskinstance.py:3901} INFO - 0 downstream tasks scheduled from follow-on schedule check
[2025-12-15T14:11:32.481+0000] {local_task_job_runner.py:245} INFO - ::endgroup::
