[2025-12-15T14:11:33.745+0000] {local_task_job_runner.py:123} INFO - ::group::Pre task execution logs
[2025-12-15T14:11:33.774+0000] {taskinstance.py:2614} INFO - Dependencies all met for dep_context=non-requeueable deps ti=<TaskInstance: rookie_hiker_dag.compute_and_load_rookies manual__2025-12-15T14:11:29.898489+00:00 [queued]>
[2025-12-15T14:11:33.787+0000] {taskinstance.py:2614} INFO - Dependencies all met for dep_context=requeueable deps ti=<TaskInstance: rookie_hiker_dag.compute_and_load_rookies manual__2025-12-15T14:11:29.898489+00:00 [queued]>
[2025-12-15T14:11:33.788+0000] {taskinstance.py:2867} INFO - Starting attempt 1 of 1
[2025-12-15T14:11:33.809+0000] {taskinstance.py:2890} INFO - Executing <Task(_PythonDecoratedOperator): compute_and_load_rookies> on 2025-12-15 14:11:29.898489+00:00
[2025-12-15T14:11:33.819+0000] {standard_task_runner.py:72} INFO - Started process 333 to run task
[2025-12-15T14:11:33.825+0000] {standard_task_runner.py:104} INFO - Running: ['***', 'tasks', 'run', 'rookie_hiker_dag', 'compute_and_load_rookies', 'manual__2025-12-15T14:11:29.898489+00:00', '--job-id', '14', '--raw', '--subdir', 'DAGS_FOLDER/rookie_hiker_dag.py', '--cfg-path', '/tmp/tmpfkphcogn']
[2025-12-15T14:11:33.832+0000] {standard_task_runner.py:105} INFO - Job 14: Subtask compute_and_load_rookies
[2025-12-15T14:11:33.923+0000] {task_command.py:467} INFO - Running <TaskInstance: rookie_hiker_dag.compute_and_load_rookies manual__2025-12-15T14:11:29.898489+00:00 [running]> on host 3e12606bdde1
[2025-12-15T14:11:34.273+0000] {taskinstance.py:3134} INFO - Exporting env vars: AIRFLOW_CTX_DAG_OWNER='***' AIRFLOW_CTX_DAG_ID='rookie_hiker_dag' AIRFLOW_CTX_TASK_ID='compute_and_load_rookies' AIRFLOW_CTX_EXECUTION_DATE='2025-12-15T14:11:29.898489+00:00' AIRFLOW_CTX_TRY_NUMBER='1' AIRFLOW_CTX_DAG_RUN_ID='manual__2025-12-15T14:11:29.898489+00:00'
[2025-12-15T14:11:34.276+0000] {taskinstance.py:732} INFO - ::endgroup::
[2025-12-15T14:11:34.385+0000] {logging_mixin.py:190} INFO - Loading results into Postgres table 'gold_top_10_rookies'...
[2025-12-15T14:11:34.386+0000] {crypto.py:82} WARNING - empty cryptography key - values will not be stored encrypted.
[2025-12-15T14:11:34.390+0000] {base.py:84} INFO - Retrieving connection 'postgres_default'
[2025-12-15T14:11:34.406+0000] {base.py:84} INFO - Retrieving connection 'postgres_default'
[2025-12-15T14:11:34.463+0000] {logging_mixin.py:190} INFO - Data loaded successfully.
[2025-12-15T14:11:34.465+0000] {python.py:240} INFO - Done. Returned value was: [{'NAME': 'Walker Kessler', 'compatible_trails': 169}, {'NAME': 'Jabari Smith Jr.', 'compatible_trails': 136}, {'NAME': 'Keegan Murray', 'compatible_trails': 136}, {'NAME': 'Paolo Banchero', 'compatible_trails': 136}, {'NAME': 'Jalen Duren', 'compatible_trails': 135}, {'NAME': 'Jeremy Sochan', 'compatible_trails': 135}, {'NAME': 'Tari Eason', 'compatible_trails': 135}, {'NAME': 'Jaylin Williams', 'compatible_trails': 131}, {'NAME': 'Bennedict Mathurin', 'compatible_trails': 71}, {'NAME': 'Jaden Ivey', 'compatible_trails': 71}]
[2025-12-15T14:11:34.492+0000] {taskinstance.py:341} INFO - ::group::Post task execution logs
[2025-12-15T14:11:34.493+0000] {taskinstance.py:353} INFO - Marking task as SUCCESS. dag_id=rookie_hiker_dag, task_id=compute_and_load_rookies, run_id=manual__2025-12-15T14:11:29.898489+00:00, execution_date=20251215T141129, start_date=20251215T141133, end_date=20251215T141134
[2025-12-15T14:11:34.565+0000] {local_task_job_runner.py:266} INFO - Task exited with return code 0
[2025-12-15T14:11:34.600+0000] {taskinstance.py:3901} INFO - 1 downstream tasks scheduled from follow-on schedule check
[2025-12-15T14:11:34.604+0000] {local_task_job_runner.py:245} INFO - ::endgroup::
