[2025-12-15T14:11:28.587+0000] {local_task_job_runner.py:123} INFO - ::group::Pre task execution logs
[2025-12-15T14:11:28.606+0000] {taskinstance.py:2614} INFO - Dependencies all met for dep_context=non-requeueable deps ti=<TaskInstance: nba_teams_dag.compute_and_load_teams__1 manual__2025-12-15T14:11:26.400921+00:00 [queued]>
[2025-12-15T14:11:28.618+0000] {taskinstance.py:2614} INFO - Dependencies all met for dep_context=requeueable deps ti=<TaskInstance: nba_teams_dag.compute_and_load_teams__1 manual__2025-12-15T14:11:26.400921+00:00 [queued]>
[2025-12-15T14:11:28.619+0000] {taskinstance.py:2867} INFO - Starting attempt 1 of 1
[2025-12-15T14:11:28.633+0000] {taskinstance.py:2890} INFO - Executing <Task(_PythonDecoratedOperator): compute_and_load_teams__1> on 2025-12-15 14:11:26.400921+00:00
[2025-12-15T14:11:28.642+0000] {standard_task_runner.py:72} INFO - Started process 314 to run task
[2025-12-15T14:11:28.649+0000] {standard_task_runner.py:104} INFO - Running: ['***', 'tasks', 'run', 'nba_teams_dag', 'compute_and_load_teams__1', 'manual__2025-12-15T14:11:26.400921+00:00', '--job-id', '10', '--raw', '--subdir', 'DAGS_FOLDER/nba_teams_dag.py', '--cfg-path', '/tmp/tmpuyb6u3rb']
[2025-12-15T14:11:28.655+0000] {standard_task_runner.py:105} INFO - Job 10: Subtask compute_and_load_teams__1
[2025-12-15T14:11:28.762+0000] {task_command.py:467} INFO - Running <TaskInstance: nba_teams_dag.compute_and_load_teams__1 manual__2025-12-15T14:11:26.400921+00:00 [running]> on host 3e12606bdde1
[2025-12-15T14:11:29.224+0000] {taskinstance.py:3134} INFO - Exporting env vars: AIRFLOW_CTX_DAG_OWNER='***' AIRFLOW_CTX_DAG_ID='nba_teams_dag' AIRFLOW_CTX_TASK_ID='compute_and_load_teams__1' AIRFLOW_CTX_EXECUTION_DATE='2025-12-15T14:11:26.400921+00:00' AIRFLOW_CTX_TRY_NUMBER='1' AIRFLOW_CTX_DAG_RUN_ID='manual__2025-12-15T14:11:26.400921+00:00'
[2025-12-15T14:11:29.229+0000] {taskinstance.py:732} INFO - ::endgroup::
[2025-12-15T14:11:29.371+0000] {logging_mixin.py:190} INFO - Loading results into Postgres table 'gold_top_5_teams'...
[2025-12-15T14:11:29.377+0000] {crypto.py:82} WARNING - empty cryptography key - values will not be stored encrypted.
[2025-12-15T14:11:29.378+0000] {base.py:84} INFO - Retrieving connection 'postgres_default'
[2025-12-15T14:11:29.385+0000] {base.py:84} INFO - Retrieving connection 'postgres_default'
[2025-12-15T14:11:29.433+0000] {logging_mixin.py:190} INFO - Data loaded successfully.
[2025-12-15T14:11:29.436+0000] {python.py:240} INFO - Done. Returned value was: [{'TEAM': 'Nyk', 'avg_trails_per_player': 86.8125}, {'TEAM': 'Nor', 'avg_trails_per_player': 84.6875}, {'TEAM': 'Cha', 'avg_trails_per_player': 84.26315789473684}, {'TEAM': 'Mem', 'avg_trails_per_player': 81.42105263157895}, {'TEAM': 'Bro', 'avg_trails_per_player': 79.26086956521739}]
[2025-12-15T14:11:29.473+0000] {taskinstance.py:341} INFO - ::group::Post task execution logs
[2025-12-15T14:11:29.475+0000] {taskinstance.py:353} INFO - Marking task as SUCCESS. dag_id=nba_teams_dag, task_id=compute_and_load_teams__1, run_id=manual__2025-12-15T14:11:26.400921+00:00, execution_date=20251215T141126, start_date=20251215T141128, end_date=20251215T141129
[2025-12-15T14:11:29.545+0000] {local_task_job_runner.py:266} INFO - Task exited with return code 0
[2025-12-15T14:11:29.566+0000] {local_task_job_runner.py:245} INFO - ::endgroup::
